Component: ARM Compiler 5.05 update 2 (build 169) Tool: armlink [4d0f33]

==============================================================================

Section Cross References

    startup_stm32f407xx.o(STACK) refers (Special) to heapauxi.o(.text) for __use_two_region_memory
    startup_stm32f407xx.o(HEAP) refers (Special) to heapauxi.o(.text) for __use_two_region_memory
    startup_stm32f407xx.o(RESET) refers (Special) to heapauxi.o(.text) for __use_two_region_memory
    startup_stm32f407xx.o(RESET) refers to startup_stm32f407xx.o(STACK) for __initial_sp
    startup_stm32f407xx.o(RESET) refers to startup_stm32f407xx.o(.text) for Reset_Handler
    startup_stm32f407xx.o(RESET) refers to stm32f4xx_it.o(i.NMI_Handler) for NMI_Handler
    startup_stm32f407xx.o(RESET) refers to stm32f4xx_it.o(i.HardFault_Handler) for HardFault_Handler
    startup_stm32f407xx.o(RESET) refers to stm32f4xx_it.o(i.MemManage_Handler) for MemManage_Handler
    startup_stm32f407xx.o(RESET) refers to stm32f4xx_it.o(i.BusFault_Handler) for BusFault_Handler
    startup_stm32f407xx.o(RESET) refers to stm32f4xx_it.o(i.UsageFault_Handler) for UsageFault_Handler
    startup_stm32f407xx.o(RESET) refers to stm32f4xx_it.o(i.SVC_Handler) for SVC_Handler
    startup_stm32f407xx.o(RESET) refers to stm32f4xx_it.o(i.DebugMon_Handler) for DebugMon_Handler
    startup_stm32f407xx.o(RESET) refers to stm32f4xx_it.o(i.PendSV_Handler) for PendSV_Handler
    startup_stm32f407xx.o(RESET) refers to stm32f4xx_it.o(i.SysTick_Handler) for SysTick_Handler
    startup_stm32f407xx.o(RESET) refers to exti.o(i.EXTI0_IRQHandler) for EXTI0_IRQHandler
    startup_stm32f407xx.o(RESET) refers to atim.o(i.TIM1_UP_TIM10_IRQHandler) for TIM1_UP_TIM10_IRQHandler
    startup_stm32f407xx.o(RESET) refers to atim.o(i.TIM3_IRQHandler) for TIM3_IRQHandler
    startup_stm32f407xx.o(RESET) refers to atim.o(i.TIM4_IRQHandler) for TIM4_IRQHandler
    startup_stm32f407xx.o(RESET) refers to atim.o(i.TIM5_IRQHandler) for TIM5_IRQHandler
    startup_stm32f407xx.o(RESET) refers to usart2.o(i.UART4_IRQHandler) for UART4_IRQHandler
    startup_stm32f407xx.o(RESET) refers to usart.o(i.UART5_IRQHandler) for UART5_IRQHandler
    startup_stm32f407xx.o(RESET) refers to atim.o(i.TIM6_DAC_IRQHandler) for TIM6_DAC_IRQHandler
    startup_stm32f407xx.o(.text) refers (Special) to heapauxi.o(.text) for __use_two_region_memory
    startup_stm32f407xx.o(.text) refers to system_stm32f4xx.o(i.SystemInit) for SystemInit
    startup_stm32f407xx.o(.text) refers to __main.o(!!!main) for __main
    startup_stm32f407xx.o(.text) refers to startup_stm32f407xx.o(HEAP) for Heap_Mem
    startup_stm32f407xx.o(.text) refers to startup_stm32f407xx.o(STACK) for Stack_Mem
    system_stm32f4xx.o(i.SystemCoreClockUpdate) refers to system_stm32f4xx.o(.data) for .data
    system_stm32f4xx.o(i.SystemCoreClockUpdate) refers to system_stm32f4xx.o(.constdata) for .constdata
    main.o(i.MX_GPIO_Init) refers to rt_memclr_w.o(.text) for __aeabi_memclr4
    main.o(i.MX_GPIO_Init) refers to stm32f4xx_hal_gpio.o(i.HAL_GPIO_WritePin) for HAL_GPIO_WritePin
    main.o(i.MX_GPIO_Init) refers to stm32f4xx_hal_gpio.o(i.HAL_GPIO_Init) for HAL_GPIO_Init
    main.o(i.SystemClock_Config) refers to rt_memclr_w.o(.text) for __aeabi_memclr4
    main.o(i.SystemClock_Config) refers to stm32f4xx_hal_rcc.o(i.HAL_RCC_OscConfig) for HAL_RCC_OscConfig
    main.o(i.SystemClock_Config) refers to stm32f4xx_hal_rcc.o(i.HAL_RCC_ClockConfig) for HAL_RCC_ClockConfig
    main.o(i.main) refers to _printf_percent.o(.ARM.Collect$$_printf_percent$$00000000) for _printf_percent
    main.o(i.main) refers to _printf_s.o(.ARM.Collect$$_printf_percent$$00000014) for _printf_s
    main.o(i.main) refers to _printf_str.o(.text) for _printf_str
    main.o(i.main) refers to stm32f4xx_hal.o(i.HAL_Init) for HAL_Init
    main.o(i.main) refers to sys.o(i.Stm32_Clock_Init) for Stm32_Clock_Init
    main.o(i.main) refers to delay.o(i.delay_init) for delay_init
    main.o(i.main) refers to rtc.o(i.rtc_init) for rtc_init
    main.o(i.main) refers to usart2.o(i.uart4_init) for uart4_init
    main.o(i.main) refers to atim.o(i.TIM5_Init) for TIM5_Init
    main.o(i.main) refers to atim.o(i.TIM4_Init) for TIM4_Init
    main.o(i.main) refers to step_motor.o(i.step_motor_init) for step_motor_init
    main.o(i.main) refers to atim.o(i.gtim_timx_encoder_chy_init) for gtim_timx_encoder_chy_init
    main.o(i.main) refers to atim.o(i.btim_timx_int_init) for btim_timx_int_init
    main.o(i.main) refers to pid.o(i.pid_init) for pid_init
    main.o(i.main) refers to main.o(i.MX_GPIO_Init) for MX_GPIO_Init
    main.o(i.main) refers to atim.o(i.atim_timx_pwm_chy_init) for atim_timx_pwm_chy_init
    main.o(i.main) refers to usart.o(i.uart_init) for uart_init
    main.o(i.main) refers to flash_param.o(i.param_load_all) for param_load_all
    main.o(i.main) refers to flash_param.o(i.param_save_all) for param_save_all
    main.o(i.main) refers to step_motor.o(i.dcmotor_stop) for dcmotor_stop
[...]
    I2C1_ER_IRQHandler                       0x08000297   Thumb Code     0  startup_stm32f407xx.o(.text)
    I2C1_EV_IRQHandler                       0x08000297   Thumb Code     0  startup_stm32f407xx.o(.text)
    I2C2_ER_IRQHandler                       0x08000297   Thumb Code     0  startup_stm32f407xx.o(.text)
    I2C2_EV_IRQHandler                       0x08000297   Thumb Code     0  startup_stm32f407xx.o(.text)
    I2C3_ER_IRQHandler                       0x08000297   Thumb Code     0  startup_stm32f407xx.o(.text)
    I2C3_EV_IRQHandler                       0x08000297   Thumb Code     0  startup_stm32f407xx.o(.text)
    OTG_FS_IRQHandler                        0x08000297   Thumb Code     0  startup_stm32f407xx.o(.text)
    OTG_FS_WKUP_IRQHandler                   0x08000297   Thumb Code     0  startup_stm32f407xx.o(.text)
    OTG_HS_EP1_IN_IRQHandler                 0x08000297   Thumb Code     0  startup_stm32f407xx.o(.text)
    OTG_HS_EP1_OUT_IRQHandler                0x08000297   Thumb Code     0  startup_stm32f407xx.o(.text)
    OTG_HS_IRQHandler                        0x08000297   Thumb Code     0  startup_stm32f407xx.o(.text)
    OTG_HS_WKUP_IRQHandler                   0x08000297   Thumb Code     0  startup_stm32f407xx.o(.text)
    PVD_IRQHandler                           0x08000297   Thumb Code     0  startup_stm32f407xx.o(.text)
    RCC_IRQHandler                           0x08000297   Thumb Code     0  startup_stm32f407xx.o(.text)
    RTC_Alarm_IRQHandler                     0x08000297   Thumb Code     0  startup_stm32f407xx.o(.text)
    RTC_WKUP_IRQHandler                      0x08000297   Thumb Code     0  startup_stm32f407xx.o(.text)
    SDIO_IRQHandler                          0x08000297   Thumb Code     0  startup_stm32f407xx.o(.text)
    SPI1_IRQHandler                          0x08000297   Thumb Code     0  startup_stm32f407xx.o(.text)
    SPI2_IRQHandler                          0x08000297   Thumb Code     0  startup_stm32f407xx.o(.text)
    SPI3_IRQHandler                          0x08000297   Thumb Code     0  startup_stm32f407xx.o(.text)
    TAMP_STAMP_IRQHandler                    0x08000297   Thumb Code     0  startup_stm32f407xx.o(.text)
    TIM1_BRK_TIM9_IRQHandler                 0x08000297   Thumb Code     0  startup_stm32f407xx.o(.text)
    TIM1_CC_IRQHandler                       0x08000297   Thumb Code     0  startup_stm32f407xx.o(.text)
    TIM1_TRG_COM_TIM11_IRQHandler            0x08000297   Thumb Code     0  startup_stm32f407xx.o(.text)
    TIM2_IRQHandler                          0x08000297   Thumb Code     0  startup_stm32f407xx.o(.text)
    TIM7_IRQHandler                          0x08000297   Thumb Code     0  startup_stm32f407xx.o(.text)
    TIM8_BRK_TIM12_IRQHandler                0x08000297   Thumb Code     0  startup_stm32f407xx.o(.text)
    TIM8_CC_IRQHandler                       0x08000297   Thumb Code     0  startup_stm32f407xx.o(.text)
    TIM8_TRG_COM_TIM14_IRQHandler            0x08000297   Thumb Code     0  startup_stm32f407xx.o(.text)
    TIM8_UP_TIM13_IRQHandler                 0x08000297   Thumb Code     0  startup_stm32f407xx.o(.text)
    USART1_IRQHandler                        0x08000297   Thumb Code     0  startup_stm32f407xx.o(.text)
    USART2_IRQHandler                        0x08000297   Thumb Code     0  startup_stm32f407xx.o(.text)
    USART3_IRQHandler                        0x08000297   Thumb Code     0  startup_stm32f407xx.o(.text)
    USART6_IRQHandler                        0x08000297   Thumb Code     0  startup_stm32f407xx.o(.text)
    WWDG_IRQHandler                          0x08000297   Thumb Code     0  startup_stm32f407xx.o(.text)
    __user_initial_stackheap                 0x08000299   Thumb Code     0  startup_stm32f407xx.o(.text)
    __use_no_semihosting                     0x080002bd   Thumb Code     2  use_no_semi_2.o(.text)
    __aeabi_uldivmod                         0x080002bf   Thumb Code     0  lludivv7m.o(.text)
    _ll_udiv                                 0x080002bf   Thumb Code   238  lludivv7m.o(.text)
    __2printf                                0x080003ad   Thumb Code    20  noretval__2printf.o(.text)
    __2snprintf                              0x080003c5   Thumb Code    48  noretval__2snprintf.o(.text)
    _printf_pre_padding                      0x080003f9   Thumb Code    44  _printf_pad.o(.text)
    _printf_post_padding                     0x08000425   Thumb Code    34  _printf_pad.o(.text)
    _printf_str                              0x08000447   Thumb Code    82  _printf_str.o(.text)
    _printf_int_dec                          0x08000499   Thumb Code   104  _printf_dec.o(.text)
    __printf                                 0x08000511   Thumb Code   308  __printf_flags_wp.o(.text)
    __0sscanf                                0x08000649   Thumb Code    52  __0sscanf.o(.text)
    _scanf_int                               0x08000685   Thumb Code   332  _scanf_int.o(.text)
    _scanf_string                            0x080007d1   Thumb Code   224  _scanf_str.o(.text)
    strncmp                                  0x080008b1   Thumb Code   150  strncmp.o(.text)
    __aeabi_memcpy4                          0x08000947   Thumb Code     0  rt_memcpy_w.o(.text)
    __aeabi_memcpy8                          0x08000947   Thumb Code     0  rt_memcpy_w.o(.text)
    __rt_memcpy_w                            0x08000947   Thumb Code   100  rt_memcpy_w.o(.text)
    _memcpy_lastbytes_aligned                0x0800098f   Thumb Code     0  rt_memcpy_w.o(.text)
    __aeabi_memclr4                          0x080009ab   Thumb Code     0  rt_memclr_w.o(.text)
    __aeabi_memclr8                          0x080009ab   Thumb Code     0  rt_memclr_w.o(.text)
    __rt_memclr_w                            0x080009ab   Thumb Code    78  rt_memclr_w.o(.text)
    _memset_w                                0x080009af   Thumb Code     0  rt_memclr_w.o(.text)
    __use_two_region_memory                  0x080009f9   Thumb Code     2  heapauxi.o(.text)
    __rt_heap_escrow$2region                 0x080009fb   Thumb Code     2  heapauxi.o(.text)
    __rt_heap_expand$2region                 0x080009fd   Thumb Code     2  heapauxi.o(.text)
    __I$use$semihosting                      0x080009ff   Thumb Code     0  use_no_semi.o(.text)
    __use_no_semihosting_swi                 0x080009ff   Thumb Code     2  use_no_semi.o(.text)
    _printf_int_common                       0x08000a01   Thumb Code   178  _printf_intcommon.o(.text)
    __lib_sel_fp_printf                      0x08000ab3   Thumb Code     2  _printf_fp_dec.o(.text)
    _printf_fp_dec_real                      0x08000c61   Thumb Code   620  _printf_fp_dec.o(.text)
    _printf_char_common                      0x08000ed7   Thumb Code    32  _printf_char_common.o(.text)
    _sputc                                   0x08000efd   Thumb Code    10  _sputc.o(.text)
    _snputc                                  0x08000f07   Thumb Code    16  _snputc.o(.text)
    _printf_cs_common                        0x08000f17   Thumb Code    20  _printf_char.o(.text)
    _printf_char                             0x08000f2b   Thumb Code    16  _printf_char.o(.text)
    _printf_string                           0x08000f3b   Thumb Code     8  _printf_char.o(.text)
    _printf_char_file                        0x08000f45   Thumb Code    32  _printf_char_file.o(.text)
    _chval                                   0x08000f69   Thumb Code    28  _chval.o(.text)
    __vfscanf_char                           0x08000f91   Thumb Code    24  scanf_char.o(.text)
    _sgetc                                   0x08000fb1   Thumb Code    30  _sgetc.o(.text)
    _sbackspace                              0x08000fcf   Thumb Code    34  _sgetc.o(.text)
    __rt_locale                              0x08000ff1   Thumb Code     8  rt_locale_intlibspace.o(.text)
    _ll_udiv10                               0x08000ff9   Thumb Code   138  lludiv10.o(.text)
    isspace                                  0x08001083   Thumb Code    18  isspace.o(.text)
    _printf_fp_infnan                        0x08001095   Thumb Code   112  _printf_fp_infnan.o(.text)
    __vfscanf                                0x08001115   Thumb Code   878  _scanf.o(.text)
    _btod_etento                             0x08001489   Thumb Code   216  bigflt0.o(.text)
    ferror                                   0x08001565   Thumb Code     8  ferror.o(.text)
    __user_libspace                          0x0800156d   Thumb Code     8  libspace.o(.text)
    __user_perproc_libspace                  0x0800156d   Thumb Code     0  libspace.o(.text)
    __user_perthread_libspace                0x0800156d   Thumb Code     0  libspace.o(.text)
    __user_setup_stackheap                   0x08001575   Thumb Code    74  sys_stackheap_outer.o(.text)
    __rt_ctype_table                         0x080015c1   Thumb Code    16  rt_ctype_table.o(.text)
    exit                                     0x080015d1   Thumb Code    12  exit.o(.text)
    strcmp                                   0x080015dd   Thumb Code   128  strcmpv7m.o(.text)
    _btod_d2e                                0x0800165d   Thumb Code    62  btod.o(CL$$btod_d2e)
    _d2e_denorm_low                          0x0800169b   Thumb Code    70  btod.o(CL$$btod_d2e_denorm_low)
    _d2e_norm_op1                            0x080016e1   Thumb Code    96  btod.o(CL$$btod_d2e_norm_op1)
    __btod_div_common                        0x08001741   Thumb Code   696  btod.o(CL$$btod_div_common)
    _e2e                                     0x08001a79   Thumb Code   198  btod.o(CL$$btod_e2e)
    _btod_ediv                               0x08001b3f   Thumb Code    40  btod.o(CL$$btod_ediv)
    _btod_emul                               0x08001b67   Thumb Code    40  btod.o(CL$$btod_emul)
    __btod_mult_common                       0x08001b8f   Thumb Code   580  btod.o(CL$$btod_mult_common)
    BusFault_Handler                         0x08001dd3   Thumb Code     2  stm32f4xx_it.o(i.BusFault_Handler)
    DebugMon_Handler                         0x08001dd5   Thumb Code     2  stm32f4xx_it.o(i.DebugMon_Handler)
    EXTI0_IRQHandler                         0x08001dd7   Thumb Code     6  exti.o(i.EXTI0_IRQHandler)
    FLASH_Erase_Sector                       0x08001ddd   Thumb Code    74  stm32f4xx_hal_flash_ex.o(i.FLASH_Erase_Sector)
    FLASH_FlushCaches                        0x08001e2d   Thumb Code    80  stm32f4xx_hal_flash_ex.o(i.FLASH_FlushCaches)
    FLASH_WaitForLastOperation               0x08001fa5   Thumb Code    72  stm32f4xx_hal_flash.o(i.FLASH_WaitForLastOperation)
    HAL_DMA_Abort                            0x08001ff5   Thumb Code   146  stm32f4xx_hal_dma.o(i.HAL_DMA_Abort)
    HAL_DMA_Abort_IT                         0x08002087   Thumb Code    36  stm32f4xx_hal_dma.o(i.HAL_DMA_Abort_IT)
    HAL_FLASHEx_Erase                        0x080020ad   Thumb Code   144  stm32f4xx_hal_flash_ex.o(i.HAL_FLASHEx_Erase)
    HAL_FLASH_Lock                           0x08002145   Thumb Code    14  stm32f4xx_hal_flash.o(i.HAL_FLASH_Lock)
    HAL_FLASH_Program                        0x08002159   Thumb Code   116  stm32f4xx_hal_flash.o(i.HAL_FLASH_Program)
    HAL_FLASH_Unlock                         0x080021d5   Thumb Code    32  stm32f4xx_hal_flash.o(i.HAL_FLASH_Unlock)
    HAL_GPIO_EXTI_Callback                   0x08002201   Thumb Code    22  exti.o(i.HAL_GPIO_EXTI_Callback)
    HAL_GPIO_EXTI_IRQHandler                 0x0800221d   Thumb Code    18  stm32f4xx_hal_gpio.o(i.HAL_GPIO_EXTI_IRQHandler)
    HAL_GPIO_Init                            0x08002235   Thumb Code   450  stm32f4xx_hal_gpio.o(i.HAL_GPIO_Init)
    HAL_GPIO_ReadPin                         0x08002425   Thumb Code    10  stm32f4xx_hal_gpio.o(i.HAL_GPIO_ReadPin)
    HAL_GPIO_WritePin                        0x0800242f   Thumb Code    10  stm32f4xx_hal_gpio.o(i.HAL_GPIO_WritePin)
    HAL_GetTick                              0x08002439   Thumb Code     6  stm32f4xx_hal.o(i.HAL_GetTick)
    HAL_IncTick                              0x08002445   Thumb Code    12  stm32f4xx_hal.o(i.HAL_IncTick)
    HAL_Init                                 0x08002455   Thumb Code    48  stm32f4xx_hal.o(i.HAL_Init)
    HAL_InitTick                             0x08002489   Thumb Code    54  stm32f4xx_hal.o(i.HAL_InitTick)
    HAL_MspInit                              0x080024c9   Thumb Code    42  stm32f4xx_hal_msp.o(i.HAL_MspInit)
    HAL_NVIC_EnableIRQ                       0x080024f9   Thumb Code    26  stm32f4xx_hal_cortex.o(i.HAL_NVIC_EnableIRQ)
    HAL_NVIC_SetPriority                     0x08002515   Thumb Code    60  stm32f4xx_hal_cortex.o(i.HAL_NVIC_SetPriority)
    HAL_NVIC_SetPriorityGrouping             0x08002555   Thumb Code    26  stm32f4xx_hal_cortex.o(i.HAL_NVIC_SetPriorityGrouping)
    HAL_NVIC_SystemReset                     0x08002579   Thumb Code    26  stm32f4xx_hal_cortex.o(i.HAL_NVIC_SystemReset)
    HAL_RCC_ClockConfig                      0x0800259d   Thumb Code   288  stm32f4xx_hal_rcc.o(i.HAL_RCC_ClockConfig)
    HAL_RCC_GetPCLK1Freq                     0x080026d1   Thumb Code    20  stm32f4xx_hal_rcc.o(i.HAL_RCC_GetPCLK1Freq)
    HAL_RCC_GetPCLK2Freq                     0x080026f1   Thumb Code    20  stm32f4xx_hal_rcc.o(i.HAL_RCC_GetPCLK2Freq)
    HAL_RCC_GetSysClockFreq                  0x08002711   Thumb Code    88  stm32f4xx_hal_rcc.o(i.HAL_RCC_GetSysClockFreq)
    HAL_RCC_OscConfig                        0x08002771   Thumb Code   856  stm32f4xx_hal_rcc.o(i.HAL_RCC_OscConfig)
    HAL_SYSTICK_CLKSourceConfig              0x08002add   Thumb Code    24  stm32f4xx_hal_cortex.o(i.HAL_SYSTICK_CLKSourceConfig)
    HAL_SYSTICK_Config                       0x08002af5   Thumb Code    40  stm32f4xx_hal_cortex.o(i.HAL_SYSTICK_Config)
    HAL_TIMEx_BreakCallback                  0x08002b1d   Thumb Code     2  stm32f4xx_hal_tim_ex.o(i.HAL_TIMEx_BreakCallback)
    HAL_TIMEx_CommutCallback                 0x08002b1f   Thumb Code     2  stm32f4xx_hal_tim_ex.o(i.HAL_TIMEx_CommutCallback)
    HAL_TIM_Base_Init                        0x08002b21   Thumb Code    90  stm32f4xx_hal_tim.o(i.HAL_TIM_Base_Init)
    HAL_TIM_Base_MspInit                     0x08002b7d   Thumb Code   132  atim.o(i.HAL_TIM_Base_MspInit)
    HAL_TIM_Base_Start_IT                    0x08002c11   Thumb Code   100  stm32f4xx_hal_tim.o(i.HAL_TIM_Base_Start_IT)
    HAL_TIM_Base_Stop_IT                     0x08002c91   Thumb Code    48  stm32f4xx_hal_tim.o(i.HAL_TIM_Base_Stop_IT)
    HAL_TIM_Encoder_Init                     0x08002cc1   Thumb Code   164  stm32f4xx_hal_tim.o(i.HAL_TIM_Encoder_Init)
    HAL_TIM_Encoder_MspInit                  0x08002d65   Thumb Code     2  stm32f4xx_hal_tim.o(i.HAL_TIM_Encoder_MspInit)
    HAL_TIM_Encoder_Start                    0x08002d67   Thumb Code   142  stm32f4xx_hal_tim.o(i.HAL_TIM_Encoder_Start)
    HAL_TIM_IC_CaptureCallback               0x08002df5   Thumb Code     2  stm32f4xx_hal_tim.o(i.HAL_TIM_IC_CaptureCallback)
    HAL_TIM_IRQHandler                       0x08002df7   Thumb Code   304  stm32f4xx_hal_tim.o(i.HAL_TIM_IRQHandler)
    HAL_TIM_OC_DelayElapsedCallback          0x08002f27   Thumb Code     2  stm32f4xx_hal_tim.o(i.HAL_TIM_OC_DelayElapsedCallback)
    HAL_TIM_PWM_ConfigChannel                0x08002f29   Thumb Code   204  stm32f4xx_hal_tim.o(i.HAL_TIM_PWM_ConfigChannel)
    HAL_TIM_PWM_Init                         0x08002ff5   Thumb Code    90  stm32f4xx_hal_tim.o(i.HAL_TIM_PWM_Init)
    HAL_TIM_PWM_MspInit                      0x08003051   Thumb Code   120  atim.o(i.HAL_TIM_PWM_MspInit)
    HAL_TIM_PWM_PulseFinishedCallback        0x080030d5   Thumb Code     2  stm32f4xx_hal_tim.o(i.HAL_TIM_PWM_PulseFinishedCallback)
    HAL_TIM_PWM_Start                        0x080030d9   Thumb Code   172  stm32f4xx_hal_tim.o(i.HAL_TIM_PWM_Start)
    HAL_TIM_PeriodElapsedCallback            0x080031a1   Thumb Code   396  atim.o(i.HAL_TIM_PeriodElapsedCallback)
    HAL_TIM_TriggerCallback                  0x080033a1   Thumb Code     2  stm32f4xx_hal_tim.o(i.HAL_TIM_TriggerCallback)
    HAL_UARTEx_RxEventCallback               0x080033a3   Thumb Code     2  stm32f4xx_hal_uart.o(i.HAL_UARTEx_RxEventCallback)
    HAL_UART_ErrorCallback                   0x080033a5   Thumb Code     2  stm32f4xx_hal_uart.o(i.HAL_UART_ErrorCallback)
    HAL_UART_IRQHandler                      0x080033a9   Thumb Code   636  stm32f4xx_hal_uart.o(i.HAL_UART_IRQHandler)
    HAL_UART_Init                            0x08003629   Thumb Code   100  stm32f4xx_hal_uart.o(i.HAL_UART_Init)
    HAL_UART_MspInit                         0x0800368d   Thumb Code   124  usart2.o(i.HAL_UART_MspInit)
    HAL_UART_Receive_IT                      0x08003715   Thumb Code    28  stm32f4xx_hal_uart.o(i.HAL_UART_Receive_IT)
    HAL_UART_RxCpltCallback                  0x08003731   Thumb Code     2  stm32f4xx_hal_uart.o(i.HAL_UART_RxCpltCallback)
    HAL_UART_Transmit                        0x08003733   Thumb Code   160  stm32f4xx_hal_uart.o(i.HAL_UART_Transmit)
    HAL_UART_TxCpltCallback                  0x080037d3   Thumb Code     2  stm32f4xx_hal_uart.o(i.HAL_UART_TxCpltCallback)
    HardFault_Handler                        0x080037d5   Thumb Code     2  stm32f4xx_it.o(i.HardFault_Handler)
    MemManage_Handler                        0x080039d5   Thumb Code     2  stm32f4xx_it.o(i.MemManage_Handler)
    NMI_Handler                              0x080039d7   Thumb Code     2  stm32f4xx_it.o(i.NMI_Handler)
    PendSV_Handler                           0x080039d9   Thumb Code     2  stm32f4xx_it.o(i.PendSV_Handler)
    SVC_Handler                              0x080039db   Thumb Code     2  stm32f4xx_it.o(i.SVC_Handler)
    Stm32_Clock_Init                         0x080039dd   Thumb Code   138  sys.o(i.Stm32_Clock_Init)
    SysTick_Handler                          0x08003a71   Thumb Code     4  stm32f4xx_it.o(i.SysTick_Handler)
    SystemInit                               0x08003a75   Thumb Code     2  system_stm32f4xx.o(i.SystemInit)
    TIM1_UP_TIM10_IRQHandler                 0x08003a79   Thumb Code    18  atim.o(i.TIM1_UP_TIM10_IRQHandler)
    TIM3_IRQHandler                          0x08003a91   Thumb Code     6  atim.o(i.TIM3_IRQHandler)
    TIM4_IRQHandler                          0x08003a9d   Thumb Code     6  atim.o(i.TIM4_IRQHandler)
    TIM4_Init                                0x08003aa9   Thumb Code    22  atim.o(i.TIM4_Init)
    TIM5_IRQHandler                          0x08003ac9   Thumb Code     6  atim.o(i.TIM5_IRQHandler)
    TIM5_Init                                0x08003ad5   Thumb Code    22  atim.o(i.TIM5_Init)
    TIM6_DAC_IRQHandler                      0x08003af5   Thumb Code     6  atim.o(i.TIM6_DAC_IRQHandler)
    TIM_Base_SetConfig                       0x08003b01   Thumb Code   164  stm32f4xx_hal_tim.o(i.TIM_Base_SetConfig)
    TIM_CCxChannelCmd                        0x08003bd1   Thumb Code    26  stm32f4xx_hal_tim.o(i.TIM_CCxChannelCmd)
    TIM_OC2_SetConfig                        0x08003c4d   Thumb Code    98  stm32f4xx_hal_tim.o(i.TIM_OC2_SetConfig)
    UART4_IRQHandler                         0x08003d71   Thumb Code   100  usart2.o(i.UART4_IRQHandler)
    UART5_IRQHandler                         0x08003de1   Thumb Code    84  usart.o(i.UART5_IRQHandler)
    UART_Start_Receive_IT                    0x0800406d   Thumb Code    54  stm32f4xx_hal_uart.o(i.UART_Start_Receive_IT)
    UsageFault_Handler                       0x08004115   Thumb Code     2  stm32f4xx_it.o(i.UsageFault_Handler)
    __ARM_fpclassify                         0x08004117   Thumb Code    40  fpclassify.o(i.__ARM_fpclassify)
    _is_digit                                0x0800415f   Thumb Code    14  __printf_wp.o(i._is_digit)
    _sys_exit                                0x0800416d   Thumb Code     2  usart.o(i._sys_exit)
    alarm_pulse                              0x08004171   Thumb Code    34  app_util.o(i.alarm_pulse)
    atim_timx_pwm_chy_init                   0x08004199   Thumb Code    88  atim.o(i.atim_timx_pwm_chy_init)
    btim_timx_int_init                       0x080041f9   Thumb Code    40  atim.o(i.btim_timx_int_init)
    check_24v_loss                           0x08004229   Thumb Code    34  app_util.o(i.check_24v_loss)
    check_motion_timeout                     0x08004265   Thumb Code    48  app_util.o(i.check_motion_timeout)
    check_station_valid                      0x080042a9   Thumb Code    78  app_util.o(i.check_station_valid)
    cmd_alarm                                0x080042f9   Thumb Code    10  cmd_handler.o(i.cmd_alarm)
    cmd_dbg_dump                             0x0800431d   Thumb Code    70  cmd_handler.o(i.cmd_dbg_dump)
    cmd_dbg_start                            0x080043b5   Thumb Code   184  cmd_handler.o(i.cmd_dbg_start)
    cmd_dispatch                             0x080044e9   Thumb Code   850  cmd_handler.o(i.cmd_dispatch)
    cmd_dp                                   0x08004841   Thumb Code    60  cmd_handler.o(i.cmd_dp)
    cmd_ele_test                             0x080048e1   Thumb Code    22  cmd_handler.o(i.cmd_ele_test)
    cmd_gnn_test                             0x08004911   Thumb Code   254  cmd_handler.o(i.cmd_gnn_test)
    cmd_goo_test                             0x08004a7d   Thumb Code   180  cmd_handler.o(i.cmd_goo_test)
    cmd_goto_station                         0x08004b45   Thumb Code    62  cmd_handler.o(i.cmd_goto_station)
    cmd_hal_test                             0x08004ba5   Thumb Code    74  cmd_handler.o(i.cmd_hal_test)
    cmd_photo_test                           0x08004c31   Thumb Code    16  cmd_handler.o(i.cmd_photo_test)
    cmd_red                                  0x08004c51   Thumb Code    18  cmd_handler.o(i.cmd_red)
    cmd_res                                  0x08004c75   Thumb Code    20  cmd_handler.o(i.cmd_res)
    cmd_ring                                 0x08004c8d   Thumb Code    18  cmd_handler.o(i.cmd_ring)
    cmd_rtb                                  0x08004cbd   Thumb Code     8  cmd_handler.o(i.cmd_rtb)
    cmd_rtf                                  0x08004cc5   Thumb Code    18  cmd_handler.o(i.cmd_rtf)
    cmd_rts                                  0x08004cd9   Thumb Code    28  cmd_handler.o(i.cmd_rts)
    cmd_set_duty                             0x08004d01   Thumb Code    26  cmd_handler.o(i.cmd_set_duty)
    cmd_set_force                            0x08004d3d   Thumb Code    26  cmd_handler.o(i.cmd_set_force)
    cmd_set_kd                               0x08004d81   Thumb Code    70  cmd_handler.o(i.cmd_set_kd)
    cmd_set_ki                               0x08004ded   Thumb Code    70  cmd_handler.o(i.cmd_set_ki)
    cmd_set_kp                               0x08004e59   Thumb Code    70  cmd_handler.o(i.cmd_set_kp)
    cmd_set_loop1                            0x08004ec5   Thumb Code    22  cmd_handler.o(i.cmd_set_loop1)
    cmd_set_loop2                            0x08004eed   Thumb Code    22  cmd_handler.o(i.cmd_set_loop2)
    cmd_set_pc                               0x08004f15   Thumb Code    50  cmd_handler.o(i.cmd_set_pc)
    cmd_set_photo_pos                        0x08004f6d   Thumb Code    22  cmd_handler.o(i.cmd_set_photo_pos)
    cmd_set_pluse_ele                        0x08004f9d   Thumb Code    26  cmd_handler.o(i.cmd_set_pluse_ele)
    cmd_set_pulse_low                        0x08004fe1   Thumb Code    26  cmd_handler.o(i.cmd_set_pulse_low)
    cmd_set_skd                              0x08005025   Thumb Code    70  cmd_handler.o(i.cmd_set_skd)
    cmd_set_ski                              0x08005095   Thumb Code    70  cmd_handler.o(i.cmd_set_ski)
    cmd_set_skp                              0x08005105   Thumb Code    70  cmd_handler.o(i.cmd_set_skp)
    cmd_set_speed                            0x08005175   Thumb Code    26  cmd_handler.o(i.cmd_set_speed)
    cmd_show_params                          0x080051b9   Thumb Code   238  cmd_handler.o(i.cmd_show_params)
    cmd_tim3                                 0x08005665   Thumb Code    36  cmd_handler.o(i.cmd_tim3)
    cmd_tim6_test                            0x080056a1   Thumb Code    34  cmd_handler.o(i.cmd_tim6_test)
    dcmotor_start                            0x0800572d   Thumb Code    10  step_motor.o(i.dcmotor_start)
    dcmotor_stop                             0x0800573d   Thumb Code    32  step_motor.o(i.dcmotor_stop)
    delay_init                               0x08005761   Thumb Code    16  delay.o(i.delay_init)
    delay_ms                                 0x08005775   Thumb Code    26  delay.o(i.delay_ms)
    delay_us                                 0x08005791   Thumb Code    48  delay.o(i.delay_us)
    dir_jud                                  0x080057c5   Thumb Code    32  step_motor.o(i.dir_jud)
    done_pulse                               0x080057e9   Thumb Code    34  app_util.o(i.done_pulse)
    ele_is_triggered                         0x08005811   Thumb Code    38  app_util.o(i.ele_is_triggered)
    fputc                                    0x0800583d   Thumb Code    22  usart.o(i.fputc)
    gtim_get_encode                          0x080058b1   Thumb Code    56  atim.o(i.gtim_get_encode)
    gtim_timx_encoder_chy_init               0x080058f1   Thumb Code   182  atim.o(i.gtim_timx_encoder_chy_init)
    handle_station_verify                    0x080059b9   Thumb Code    60  app_util.o(i.handle_station_verify)
    increment_pid_speed                      0x08005a31   Thumb Code   118  pid.o(i.increment_pid_speed)
    main                                     0x08005ac9   Thumb Code   336  main.o(i.main)
    motor_init                               0x08005c7d   Thumb Code   282  step_motor.o(i.motor_init)
    motor_pwm_set                            0x08005e01   Thumb Code    28  step_motor.o(i.motor_pwm_set)
    motor_safe_stop                          0x08005e21   Thumb Code    36  app_util.o(i.motor_safe_stop)
    motor_start_motion                       0x08005e55   Thumb Code    50  app_util.o(i.motor_start_motion)
    motor_stop_normal                        0x08005e9d   Thumb Code    42  app_util.o(i.motor_stop_normal)
    param_load_all                           0x08005edd   Thumb Code   462  flash_param.o(i.param_load_all)
    param_save_all                           0x080062e5   Thumb Code   374  flash_param.o(i.param_save_all)
    parse_uart_number                        0x080064c9   Thumb Code    44  app_util.o(i.parse_uart_number)
    pid_init                                 0x080064f5   Thumb Code    82  pid.o(i.pid_init)
    position_pid_speed                       0x0800658d   Thumb Code   126  pid.o(i.position_pid_speed)
    read_hal                                 0x08006639   Thumb Code   158  step_motor.o(i.read_hal)
    rtc_get_time_str                         0x08006779   Thumb Code   188  rtc.o(i.rtc_get_time_str)
    rtc_init                                 0x08006875   Thumb Code   414  rtc.o(i.rtc_init)
    speed_computer                           0x08006ad5   Thumb Code   204  step_motor.o(i.speed_computer)
    step_motor_LX                            0x08006bb9   Thumb Code    94  step_motor.o(i.step_motor_LX)
    step_motor_init                          0x08006c6d   Thumb Code   436  step_motor.o(i.step_motor_init)
    step_motor_motion                        0x08006e31   Thumb Code  1766  step_motor.o(i.step_motor_motion)
    tpingg                                   0x08007569   Thumb Code    24  usart.o(i.tpingg)
    trigger_photo                            0x08007581   Thumb Code    70  app_util.o(i.trigger_photo)
    uart4_init                               0x080075d5   Thumb Code    44  usart2.o(i.uart4_init)
    uart_init                                0x0800760d   Thumb Code   280  usart.o(i.uart_init)
    wait_motion_done                         0x08007741   Thumb Code    20  app_util.o(i.wait_motion_done)
    _get_lc_numeric                          0x0800775d   Thumb Code    44  lc_numeric_c.o(locale$$code)
    _get_lc_ctype                            0x08007789   Thumb Code    44  lc_ctype_c.o(locale$$code)
    __aeabi_dadd                             0x080077b5   Thumb Code     0  daddsub_clz.o(x$fpl$dadd)
    _dadd                                    0x080077b5   Thumb Code   332  daddsub_clz.o(x$fpl$dadd)
    __aeabi_d2uiz                            0x08007905   Thumb Code     0  dfixu.o(x$fpl$dfixu)
    _dfixu                                   0x08007905   Thumb Code    90  dfixu.o(x$fpl$dfixu)
    __aeabi_ui2d                             0x0800795f   Thumb Code     0  dflt_clz.o(x$fpl$dfltu)
    _dfltu                                   0x0800795f   Thumb Code    38  dflt_clz.o(x$fpl$dfltu)
    __fpl_dnaninf                            0x08007985   Thumb Code   156  dnaninf.o(x$fpl$dnaninf)
    __fpl_dretinf                            0x08007a21   Thumb Code    12  dretinf.o(x$fpl$dretinf)
    __aeabi_dsub                             0x08007a2d   Thumb Code     0  daddsub_clz.o(x$fpl$dsub)
    _dsub                                    0x08007a2d   Thumb Code   464  daddsub_clz.o(x$fpl$dsub)
    __aeabi_f2d                              0x08007c01   Thumb Code     0  f2d.o(x$fpl$f2d)
    _f2d                                     0x08007c01   Thumb Code    86  f2d.o(x$fpl$f2d)
    __aeabi_fadd                             0x08007c59   Thumb Code     0  faddsub_clz.o(x$fpl$fadd)
    _fadd                                    0x08007c59   Thumb Code   196  faddsub_clz.o(x$fpl$fadd)
    __fpl_fcheck_NaN1                        0x08007d1d   Thumb Code     6  fcheck1.o(x$fpl$fcheck1)
    __fpl_fcmp_Inf                           0x08007d29   Thumb Code    24  fcmpi.o(x$fpl$fcmpinf)
    __aeabi_fdiv                             0x08007d41   Thumb Code     0  fdiv.o(x$fpl$fdiv)
    _fdiv                                    0x08007d41   Thumb Code   384  fdiv.o(x$fpl$fdiv)
    __aeabi_f2iz                             0x08007ec5   Thumb Code     0  ffix.o(x$fpl$ffix)
    _ffix                                    0x08007ec5   Thumb Code    54  ffix.o(x$fpl$ffix)
    __aeabi_f2uiz                            0x08007efd   Thumb Code     0  ffixu.o(x$fpl$ffixu)
    _ffixu                                   0x08007efd   Thumb Code    62  ffixu.o(x$fpl$ffixu)
    __aeabi_i2f                              0x08007f3d   Thumb Code     0  fflt_clz.o(x$fpl$fflt)
    _fflt                                    0x08007f3d   Thumb Code    48  fflt_clz.o(x$fpl$fflt)
    __aeabi_cfcmple                          0x08007f6d   Thumb Code     0  fleqf.o(x$fpl$fleqf)
    _fcmple                                  0x08007f6d   Thumb Code   104  fleqf.o(x$fpl$fleqf)
    __fpl_fcmple_InfNaN                      0x08007fbf   Thumb Code     0  fleqf.o(x$fpl$fleqf)
    __aeabi_fmul                             0x08007fd5   Thumb Code     0  fmul.o(x$fpl$fmul)
    _fmul                                    0x08007fd5   Thumb Code   258  fmul.o(x$fpl$fmul)
    __fpl_fnaninf                            0x080080d7   Thumb Code   140  fnaninf.o(x$fpl$fnaninf)
    __fpl_fretinf                            0x08008163   Thumb Code    10  fretinf.o(x$fpl$fretinf)
    __aeabi_cfrcmple                         0x0800816d   Thumb Code     0  frleqf.o(x$fpl$frleqf)
    _frcmple                                 0x0800816d   Thumb Code    98  frleqf.o(x$fpl$frleqf)
    __aeabi_frsub                            0x080081cf   Thumb Code     0  faddsub_clz.o(x$fpl$frsb)
    _frsb                                    0x080081cf   Thumb Code    20  faddsub_clz.o(x$fpl$frsb)
    __aeabi_fsub                             0x080081e5   Thumb Code     0  faddsub_clz.o(x$fpl$fsub)
    _fsub                                    0x080081e5   Thumb Code   234  faddsub_clz.o(x$fpl$fsub)
    _printf_fp_dec                           0x080082cf   Thumb Code     4  printf1.o(x$fpl$printf1)
    __fpl_return_NaN                         0x080082d3   Thumb Code   100  retnan.o(x$fpl$retnan)
    __ARM_scalbnf                            0x08008337   Thumb Code    76  scalbnf.o(x$fpl$scalbnf)
    __fpl_cmpreturn                          0x08008383   Thumb Code    48  trapv.o(x$fpl$trapveneer)
    AHBPrescTable                            0x080083b2   Data          16  system_stm32f4xx.o(.constdata)
    __I$use$fp                               0x080083b2   Number         0  usenofp.o(x$fpl$usenofp)
    APBPrescTable                            0x080083c2   Data           8  system_stm32f4xx.o(.constdata)
    Region$$Table$$Base                      0x08008518   Number         0  anon$$obj.o(Region$$Table)
    Region$$Table$$Limit                     0x08008538   Number         0  anon$$obj.o(Region$$Table)
    __ctype                                  0x08008561   Data           0  lc_ctype_c.o(locale$$data)
    SystemCoreClock                          0x20000000   Data           4  system_stm32f4xx.o(.data)
    printf_flag                              0x20000004   Data           1  main.o(.data)
    run_flag                                 0x20000005   Data           1  main.o(.data)
    run_printf_flag                          0x20000006   Data           1  main.o(.data)
    error                                    0x2000000c   Data           4  main.o(.data)
    writeFlashData                           0x20000010   Data           4  main.o(.data)
    station_x                                0x20000014   Data           4  main.o(.data)
    DIR                                      0x20000018   Data           4  main.o(.data)
    Ring                                     0x2000001c   Data           4  main.o(.data)
    force                                    0x20000020   Data           4  main.o(.data)
    force_F                                  0x20000024   Data           4  main.o(.data)
    time_c                                   0x20000028   Data           4  main.o(.data)
    alarm                                    0x2000002c   Data           4  main.o(.data)
    pulse_low                                0x20000030   Data           4  main.o(.data)
    pluse_ele                                0x20000034   Data           4  main.o(.data)
    loop1                                    0x20000038   Data           4  main.o(.data)
    loop2                                    0x2000003c   Data           4  main.o(.data)
    PhotoPos                                 0x20000040   Data           4  main.o(.data)
    dbg_print_ms                             0x20000044   Data           4  main.o(.data)
    Encode_now                               0x20000048   Data           4  main.o(.data)
    duzhuan_flag                             0x2000004c   Data           4  main.o(.data)
    SetPoint_C                               0x20000050   Data           4  main.o(.data)
    SetPoint_P                               0x20000054   Data           4  main.o(.data)
    ActualValue_P                            0x20000058   Data           4  main.o(.data)
    SumError_P                               0x2000005c   Data           4  main.o(.data)
    Proportion_P                             0x20000060   Data           4  main.o(.data)
    Integral_P                               0x20000064   Data           4  main.o(.data)
    Derivative_P                             0x20000068   Data           4  main.o(.data)
    Error_P                                  0x2000006c   Data           4  main.o(.data)
    LastError_P                              0x20000070   Data           4  main.o(.data)
    PrevError_P                              0x20000074   Data           4  main.o(.data)
    SetPoint_S                               0x20000078   Data           4  main.o(.data)
    ActualValue_S                            0x2000007c   Data           4  main.o(.data)
    SumError_S                               0x20000080   Data           4  main.o(.data)
    Proportion_S                             0x20000084   Data           4  main.o(.data)
    Integral_S                               0x20000088   Data           4  main.o(.data)
    Derivative_S                             0x2000008c   Data           4  main.o(.data)
    Error_S                                  0x20000090   Data           4  main.o(.data)
    LastError_S                              0x20000094   Data           4  main.o(.data)
    PrevError_S                              0x20000098   Data           4  main.o(.data)
    speed_m                                  0x2000009c   Data           4  main.o(.data)
    location                                 0x200000a0   Data           4  main.o(.data)
    motor_pwm                                0x200000a4   Data           4  main.o(.data)
    pFlash                                   0x200000a8   Data          32  stm32f4xx_hal_flash.o(.data)
    uwTickFreq                               0x200000c8   Data           1  stm32f4xx_hal.o(.data)
    uwTickPrio                               0x200000cc   Data           4  stm32f4xx_hal.o(.data)
    uwTick                                   0x200000d0   Data           4  stm32f4xx_hal.o(.data)
    time_out                                 0x200000d4   Data           1  atim.o(.data)
    time_run                                 0x200000d5   Data           1  atim.o(.data)
    g_timx_encode_count                      0x200000d8   Data           4  atim.o(.data)
    k_loop                                   0x200000dc   Data           4  atim.o(.data)
    g_tick_ms                                0x200000e0   Data           4  atim.o(.data)
    Encode_Now                               0x200000e4   Data           4  atim.o(.data)
    Encode_Old                               0x200000e8   Data           4  atim.o(.data)
    g_pid_kp                                 0x200000f8   Data           4  pid.o(.data)
    g_pid_ki                                 0x200000fc   Data           4  pid.o(.data)
    g_pid_kd                                 0x20000100   Data           4  pid.o(.data)
    g_pid_skp                                0x20000104   Data           4  pid.o(.data)
    g_pid_ski                                0x20000108   Data           4  pid.o(.data)
    g_pid_skd                                0x2000010c   Data           4  pid.o(.data)
    g_pid_period_ms                          0x20000110   Data           4  pid.o(.data)
    SetPluse                                 0x20000118   Data           4  step_motor.o(.data)
    USART_RX_STA                             0x2000011c   Data           2  usart.o(.data)
    __stdout                                 0x20000120   Data           4  usart.o(.data)
    aRxBuffer_4                              0x20000124   Data           1  usart2.o(.data)
    USART_RX_STA_4                           0x20000126   Data           2  usart2.o(.data)
    USART_TX_BUF_4                           0x20000128   Data           2  usart2.o(.data)
    g_timx_oc_pwm_chy                        0x2000012c   Data          28  atim.o(.bss)
    g_timx_pwm_chy_handle                    0x20000148   Data          72  atim.o(.bss)
    TIM5_Handler                             0x20000190   Data          72  atim.o(.bss)
    TIM4_Handler                             0x200001d8   Data          72  atim.o(.bss)
    g_timx_encode_chy_handle                 0x20000220   Data          72  atim.o(.bss)
    g_timx_encoder_chy_handle                0x20000268   Data          36  atim.o(.bss)
    timx_handler                             0x2000028c   Data          72  atim.o(.bss)
    g_encode                                 0x20000c5c   Data          12  step_motor.o(.bss)
    USART_RX_BUF                             0x20000c68   Data         200  usart.o(.bss)
    UART5_Handler                            0x20000d30   Data          72  usart.o(.bss)
    USART_RX_BUF_4                           0x20000d78   Data          20  usart2.o(.bss)
    UART4_Handler                            0x20000d8c   Data          72  usart2.o(.bss)
    __libspace_start                         0x20000dd4   Data          96  libspace.o(.bss)
    __temporary_stack_top$libspace           0x20000e34   Data           0  libspace.o(.bss)



==============================================================================

Memory Map of the image

  Image Entry point : 0x08000189

  Load Region LR_IROM1 (Base: 0x08000000, Size: 0x00008790, Max: 0x00100000, ABSOLUTE, COMPRESSED[0x00008698])

    Execution Region ER_IROM1 (Exec base: 0x08000000, Load base: 0x08000000, Size: 0x00008664, Max: 0x00100000, ABSOLUTE)

    Exec Addr    Load Addr    Size         Type   Attr      Idx    E Section Name        Object

    0x08000000   0x08000000   0x00000188   Data   RO            3    RESET               startup_stm32f407xx.o
    0x08000188   0x08000188   0x00000008   Code   RO         4426  * !!!main             c_w.l(__main.o)
    0x08000190   0x08000190   0x00000034   Code   RO         4740    !!!scatter          c_w.l(__scatter.o)
    0x080001c4   0x080001c4   0x0000003a   Code   RO         4738    !!dczerorl          c_w.l(__dczerorl.o)
    0x080001fe   0x080001fe   0x00000002   PAD
    0x08000200   0x08000200   0x0000001c   Code   RO         4742    !!handler_zi        c_w.l(__scatter_zi.o)
    0x0800021c   0x0800021c   0x00000000   Code   RO         4411    .ARM.Collect$$_printf_percent$$00000000  c_w.l(_printf_percent.o)
    0x0800021c   0x0800021c   0x00000006   Code   RO         4410    .ARM.Collect$$_printf_percent$$00000003  c_w.l(_printf_f.o)
    0x08000222   0x08000222   0x00000006   Code   RO         4408    .ARM.Collect$$_printf_percent$$00000009  c_w.l(_printf_d.o)
    0x08000228   0x08000228   0x00000006   Code   RO         4409    .ARM.Collect$$_printf_percent$$0000000A  c_w.l(_printf_u.o)
    0x0800022e   0x0800022e   0x00000006   Code   RO         4407    .ARM.Collect$$_printf_percent$$00000014  c_w.l(_printf_s.o)
    0x08000234   0x08000234   0x00000004   Code   RO         4501    .ARM.Collect$$_printf_percent$$00000017  c_w.l(_printf_percent_end.o)
    0x08000238   0x08000238   0x00000002   Code   RO         4611    .ARM.Collect$$libinit$$00000000  c_w.l(libinit.o)
    0x0800023a   0x0800023a   0x00000000   Code   RO         4613    .ARM.Collect$$libinit$$00000002  c_w.l(libinit2.o)
    0x0800023a   0x0800023a   0x00000000   Code   RO         4615    .ARM.Collect$$libinit$$00000004  c_w.l(libinit2.o)
    0x0800023a   0x0800023a   0x00000000   Code   RO         4618    .ARM.Collect$$libinit$$0000000A  c_w.l(libinit2.o)
    0x0800023a   0x0800023a   0x00000000   Code   RO         4620    .ARM.Collect$$libinit$$0000000C  c_w.l(libinit2.o)
    0x0800023a   0x0800023a   0x00000000   Code   RO         4622    .ARM.Collect$$libinit$$0000000E  c_w.l(libinit2.o)
    0x0800023a   0x0800023a   0x00000006   Code   RO         4623    .ARM.Collect$$libinit$$0000000F  c_w.l(libinit2.o)
    0x08000240   0x08000240   0x00000000   Code   RO         4625    .ARM.Collect$$libinit$$00000011  c_w.l(libinit2.o)
    0x08000240   0x08000240   0x0000000c   Code   RO         4626    .ARM.Collect$$libinit$$00000012  c_w.l(libinit2.o)
    0x0800024c   0x0800024c   0x00000000   Code   RO         4627    .ARM.Collect$$libinit$$00000013  c_w.l(libinit2.o)
    0x0800024c   0x0800024c   0x00000000   Code   RO         4629    .ARM.Collect$$libinit$$00000015  c_w.l(libinit2.o)
    0x0800024c   0x0800024c   0x0000000a   Code   RO         4630    .ARM.Collect$$libinit$$00000016  c_w.l(libinit2.o)
    0x08000256   0x08000256   0x00000000   Code   RO         4631    .ARM.Collect$$libinit$$00000017  c_w.l(libinit2.o)
    0x08000256   0x08000256   0x00000000   Code   RO         4633    .ARM.Collect$$libinit$$00000019  c_w.l(libinit2.o)
    0x08000256   0x08000256   0x00000000   Code   RO         4635    .ARM.Collect$$libinit$$0000001B  c_w.l(libinit2.o)
    0x08000256   0x08000256   0x00000000   Code   RO         4637    .ARM.Collect$$libinit$$0000001D  c_w.l(libinit2.o)
    0x08000256   0x08000256   0x00000000   Code   RO         4639    .ARM.Collect$$libinit$$0000001F  c_w.l(libinit2.o)
    0x08000256   0x08000256   0x00000000   Code   RO         4641    .ARM.Collect$$libinit$$00000021  c_w.l(libinit2.o)
    0x08000256   0x08000256   0x00000000   Code   RO         4643    .ARM.Collect$$libinit$$00000023  c_w.l(libinit2.o)
    0x08000256   0x08000256   0x00000000   Code   RO         4645    .ARM.Collect$$libinit$$00000025  c_w.l(libinit2.o)
    0x08000256   0x08000256   0x00000000   Code   RO         4649    .ARM.Collect$$libinit$$0000002C  c_w.l(libinit2.o)
    0x08000256   0x08000256   0x00000000   Code   RO         4651    .ARM.Collect$$libinit$$0000002E  c_w.l(libinit2.o)
    0x08000256   0x08000256   0x00000000   Code   RO         4653    .ARM.Collect$$libinit$$00000030  c_w.l(libinit2.o)
    0x08000256   0x08000256   0x00000000   Code   RO         4655    .ARM.Collect$$libinit$$00000032  c_w.l(libinit2.o)
    0x08000256   0x08000256   0x00000002   Code   RO         4656    .ARM.Collect$$libinit$$00000033  c_w.l(libinit2.o)
    0x08000258   0x08000258   0x00000002   Code   RO         4703    .ARM.Collect$$libshutdown$$00000000  c_w.l(libshutdown.o)
    0x0800025a   0x0800025a   0x00000000   Code   RO         4723    .ARM.Collect$$libshutdown$$00000003  c_w.l(libshutdown2.o)
    0x0800025a   0x0800025a   0x00000000   Code   RO         4726    .ARM.Collect$$libshutdown$$00000006  c_w.l(libshutdown2.o)
    0x0800025a   0x0800025a   0x00000000   Code   RO         4729    .ARM.Collect$$libshutdown$$00000009  c_w.l(libshutdown2.o)
    0x0800025a   0x0800025a   0x00000000   Code   RO         4731    .ARM.Collect$$libshutdown$$0000000B  c_w.l(libshutdown2.o)
    0x0800025a   0x0800025a   0x00000000   Code   RO         4734    .ARM.Collect$$libshutdown$$0000000E  c_w.l(libshutdown2.o)
    0x0800025a   0x0800025a   0x00000002   Code   RO         4735    .ARM.Collect$$libshutdown$$0000000F  c_w.l(libshutdown2.o)
    0x0800025c   0x0800025c   0x00000000   Code   RO         4482    .ARM.Collect$$rtentry$$00000000  c_w.l(__rtentry.o)
    0x0800025c   0x0800025c   0x00000000   Code   RO         4522    .ARM.Collect$$rtentry$$00000002  c_w.l(__rtentry2.o)
    0x0800025c   0x0800025c   0x00000006   Code   RO         4534    .ARM.Collect$$rtentry$$00000004  c_w.l(__rtentry4.o)
    0x08000262   0x08000262   0x00000000   Code   RO         4524    .ARM.Collect$$rtentry$$00000009  c_w.l(__rtentry2.o)
    0x08000262   0x08000262   0x00000004   Code   RO         4525    .ARM.Collect$$rtentry$$0000000A  c_w.l(__rtentry2.o)
    0x08000266   0x08000266   0x00000000   Code   RO         4527    .ARM.Collect$$rtentry$$0000000C  c_w.l(__rtentry2.o)
    0x08000266   0x08000266   0x00000008   Code   RO         4528    .ARM.Collect$$rtentry$$0000000D  c_w.l(__rtentry2.o)
    0x0800026e   0x0800026e   0x00000002   Code   RO         4659    .ARM.Collect$$rtexit$$00000000  c_w.l(rtexit.o)
    0x08000270   0x08000270   0x00000000   Code   RO         4675    .ARM.Collect$$rtexit$$00000002  c_w.l(rtexit2.o)
    0x08000270   0x08000270   0x00000004   Code   RO         4676    .ARM.Collect$$rtexit$$00000003  c_w.l(rtexit2.o)
    0x08000274   0x08000274   0x00000006   Code   RO         4677    .ARM.Collect$$rtexit$$00000004  c_w.l(rtexit2.o)
    0x0800027a   0x0800027a   0x00000002   PAD
    0x0800027c   0x0800027c   0x00000040   Code   RO            4    .text               startup_stm32f407xx.o
    0x080002bc   0x080002bc   0x00000002   Code   RO         4367    .text               c_w.l(use_no_semi_2.o)
    0x080002be   0x080002be   0x000000ee   Code   RO         4369    .text               c_w.l(lludivv7m.o)
    0x080003ac   0x080003ac   0x00000018   Code   RO         4375    .text               c_w.l(noretval__2printf.o)
    0x080003c4   0x080003c4   0x00000034   Code   RO         4377    .text               c_w.l(noretval__2snprintf.o)
    0x080003f8   0x080003f8   0x0000004e   Code   RO         4381    .text               c_w.l(_printf_pad.o)
    0x08000446   0x08000446   0x00000052   Code   RO         4383    .text               c_w.l(_printf_str.o)
    0x08000498   0x08000498   0x00000078   Code   RO         4385    .text               c_w.l(_printf_dec.o)
    0x08000510   0x08000510   0x00000138   Code   RO         4399    .text               c_w.l(__printf_flags_wp.o)
    0x08000648   0x08000648   0x0000003c   Code   RO         4412    .text               c_w.l(__0sscanf.o)
    0x08000684   0x08000684   0x0000014c   Code   RO         4414    .text               c_w.l(_scanf_int.o)
    0x080007d0   0x080007d0   0x000000e0   Code   RO         4416    .text               c_w.l(_scanf_str.o)
    0x080008b0   0x080008b0   0x00000096   Code   RO         4418    .text               c_w.l(strncmp.o)
    0x08000946   0x08000946   0x00000064   Code   RO         4420    .text               c_w.l(rt_memcpy_w.o)
    0x080009aa   0x080009aa   0x0000004e   Code   RO         4422    .text               c_w.l(rt_memclr_w.o)
    0x080009f8   0x080009f8   0x00000006   Code   RO         4424    .text               c_w.l(heapauxi.o)
    0x080009fe   0x080009fe   0x00000002   Code   RO         4480    .text               c_w.l(use_no_semi.o)
    0x08000a00   0x08000a00   0x000000b2   Code   RO         4487    .text               c_w.l(_printf_intcommon.o)
    0x08000ab2   0x08000ab2   0x0000041a   Code   RO         4489    .text               c_w.l(_printf_fp_dec.o)
    0x08000ecc   0x08000ecc   0x00000030   Code   RO         4491    .text               c_w.l(_printf_char_common.o)
    0x08000efc   0x08000efc   0x0000000a   Code   RO         4493    .text               c_w.l(_sputc.o)
    0x08000f06   0x08000f06   0x00000010   Code   RO         4495    .text               c_w.l(_snputc.o)
    0x08000f16   0x08000f16   0x0000002c   Code   RO         4497    .text               c_w.l(_printf_char.o)
    0x08000f42   0x08000f42   0x00000002   PAD
    0x08000f44   0x08000f44   0x00000024   Code   RO         4499    .text               c_w.l(_printf_char_file.o)
    0x08000f68   0x08000f68   0x0000001c   Code   RO         4502    .text               c_w.l(_chval.o)
    0x08000f84   0x08000f84   0x0000002c   Code   RO         4504    .text               c_w.l(scanf_char.o)
    0x08000fb0   0x08000fb0   0x00000040   Code   RO         4506    .text               c_w.l(_sgetc.o)
    0x08000ff0   0x08000ff0   0x00000008   Code   RO         4541    .text               c_w.l(rt_locale_intlibspace.o)
    0x08000ff8   0x08000ff8   0x0000008a   Code   RO         4543    .text               c_w.l(lludiv10.o)
    0x08001082   0x08001082   0x00000012   Code   RO         4545    .text               c_w.l(isspace.o)
    0x08001094   0x08001094   0x00000080   Code   RO         4547    .text               c_w.l(_printf_fp_infnan.o)
    0x08001114   0x08001114   0x00000374   Code   RO         4551    .text               c_w.l(_scanf.o)
    0x08001488   0x08001488   0x000000dc   Code   RO         4553    .text               c_w.l(bigflt0.o)
    0x08001564   0x08001564   0x00000008   Code   RO         4578    .text               c_w.l(ferror.o)
    0x0800156c   0x0800156c   0x00000008   Code   RO         4591    .text               c_w.l(libspace.o)
    0x08001574   0x08001574   0x0000004a   Code   RO         4594    .text               c_w.l(sys_stackheap_outer.o)
    0x080015be   0x080015be   0x00000002   PAD
    0x080015c0   0x080015c0   0x00000010   Code   RO         4596    .text               c_w.l(rt_ctype_table.o)
    0x080015d0   0x080015d0   0x0000000c   Code   RO         4598    .text               c_w.l(exit.o)
    0x080015dc   0x080015dc   0x00000080   Code   RO         4604    .text               c_w.l(strcmpv7m.o)
    0x0800165c   0x0800165c   0x0000003e   Code   RO         4556    CL$$btod_d2e        c_w.l(btod.o)
    0x0800169a   0x0800169a   0x00000046   Code   RO         4558    CL$$btod_d2e_denorm_low  c_w.l(btod.o)
    0x080016e0   0x080016e0   0x00000060   Code   RO         4557    CL$$btod_d2e_norm_op1  c_w.l(btod.o)
    0x08001740   0x08001740   0x00000338   Code   RO         4566    CL$$btod_div_common  c_w.l(btod.o)
    0x08001a78   0x08001a78   0x000000c6   Code   RO         4563    CL$$btod_e2e        c_w.l(btod.o)
    0x08001b3e   0x08001b3e   0x00000028   Code   RO         4560    CL$$btod_ediv       c_w.l(btod.o)
    0x08001b66   0x08001b66   0x00000028   Code   RO         4559    CL$$btod_emul       c_w.l(btod.o)
    0x08001b8e   0x08001b8e   0x00000244   Code   RO         4565    CL$$btod_mult_common  c_w.l(btod.o)
    0x08001dd2   0x08001dd2   0x00000002   Code   RO          292    i.BusFault_Handler  stm32f4xx_it.o
    0x08001dd4   0x08001dd4   0x00000002   Code   RO          293    i.DebugMon_Handler  stm32f4xx_it.o
    0x08001dd6   0x08001dd6   0x00000006   Code   RO         3833    i.EXTI0_IRQHandler  exti.o
    0x08001ddc   0x08001ddc   0x00000050   Code   RO          665    i.FLASH_Erase_Sector  stm32f4xx_hal_flash_ex.o
    0x08001e2c   0x08001e2c   0x00000054   Code   RO          666    i.FLASH_FlushCaches  stm32f4xx_hal_flash_ex.o
    0x08001e80   0x08001e80   0x00000028   Code   RO          667    i.FLASH_MassErase   stm32f4xx_hal_flash_ex.o
    0x08001ea8   0x08001ea8   0x00000020   Code   RO          547    i.FLASH_Program_Byte  stm32f4xx_hal_flash.o
    0x08001ec8   0x08001ec8   0x0000002c   Code   RO          548    i.FLASH_Program_DoubleWord  stm32f4xx_hal_flash.o
    0x08001ef4   0x08001ef4   0x00000024   Code   RO          549    i.FLASH_Program_HalfWord  stm32f4xx_hal_flash.o
    0x08001f18   0x08001f18   0x00000024   Code   RO          550    i.FLASH_Program_Word  stm32f4xx_hal_flash.o
    0x08001f3c   0x08001f3c   0x00000068   Code   RO          551    i.FLASH_SetErrorCode  stm32f4xx_hal_flash.o
    0x08001fa4   0x08001fa4   0x00000050   Code   RO          552    i.FLASH_WaitForLastOperation  stm32f4xx_hal_flash.o
    0x08001ff4   0x08001ff4   0x00000092   Code   RO          853    i.HAL_DMA_Abort     stm32f4xx_hal_dma.o
    0x08002086   0x08002086   0x00000024   Code   RO          854    i.HAL_DMA_Abort_IT  stm32f4xx_hal_dma.o
    0x080020aa   0x080020aa   0x00000002   PAD
    0x080020ac   0x080020ac   0x00000098   Code   RO          668    i.HAL_FLASHEx_Erase  stm32f4xx_hal_flash_ex.o
    0x08002144   0x08002144   0x00000014   Code   RO          556    i.HAL_FLASH_Lock    stm32f4xx_hal_flash.o
    0x08002158   0x08002158   0x0000007c   Code   RO          561    i.HAL_FLASH_Program  stm32f4xx_hal_flash.o
    0x080021d4   0x080021d4   0x0000002c   Code   RO          563    i.HAL_FLASH_Unlock  stm32f4xx_hal_flash.o
    0x08002200   0x08002200   0x0000001c   Code   RO         3835    i.HAL_GPIO_EXTI_Callback  exti.o
    0x0800221c   0x0800221c   0x00000018   Code   RO          745    i.HAL_GPIO_EXTI_IRQHandler  stm32f4xx_hal_gpio.o
    0x08002234   0x08002234   0x000001f0   Code   RO          746    i.HAL_GPIO_Init     stm32f4xx_hal_gpio.o
    0x08002424   0x08002424   0x0000000a   Code   RO          748    i.HAL_GPIO_ReadPin  stm32f4xx_hal_gpio.o
    0x0800242e   0x0800242e   0x0000000a   Code   RO          750    i.HAL_GPIO_WritePin  stm32f4xx_hal_gpio.o
    0x08002438   0x08002438   0x0000000c   Code   RO         1296    i.HAL_GetTick       stm32f4xx_hal.o
    0x08002444   0x08002444   0x00000010   Code   RO         1302    i.HAL_IncTick       stm32f4xx_hal.o
    0x08002454   0x08002454   0x00000034   Code   RO         1303    i.HAL_Init          stm32f4xx_hal.o
    0x08002488   0x08002488   0x00000040   Code   RO         1304    i.HAL_InitTick      stm32f4xx_hal.o
    0x080024c8   0x080024c8   0x00000030   Code   RO          367    i.HAL_MspInit       stm32f4xx_hal_msp.o
    0x080024f8   0x080024f8   0x0000001a   Code   RO         1138    i.HAL_NVIC_EnableIRQ  stm32f4xx_hal_cortex.o
    0x08002512   0x08002512   0x00000002   PAD
    0x08002514   0x08002514   0x00000040   Code   RO         1144    i.HAL_NVIC_SetPriority  stm32f4xx_hal_cortex.o
    0x08002554   0x08002554   0x00000024   Code   RO         1145    i.HAL_NVIC_SetPriorityGrouping  stm32f4xx_hal_cortex.o
    0x08002578   0x08002578   0x00000024   Code   RO         1146    i.HAL_NVIC_SystemReset  stm32f4xx_hal_cortex.o
    0x0800259c   0x0800259c   0x00000134   Code   RO          392    i.HAL_RCC_ClockConfig  stm32f4xx_hal_rcc.o
    0x080026d0   0x080026d0   0x00000020   Code   RO          399    i.HAL_RCC_GetPCLK1Freq  stm32f4xx_hal_rcc.o
    0x080026f0   0x080026f0   0x00000020   Code   RO          400    i.HAL_RCC_GetPCLK2Freq  stm32f4xx_hal_rcc.o
    0x08002710   0x08002710   0x00000060   Code   RO          401    i.HAL_RCC_GetSysClockFreq  stm32f4xx_hal_rcc.o
    0x08002770   0x08002770   0x0000036c   Code   RO          404    i.HAL_RCC_OscConfig  stm32f4xx_hal_rcc.o
    0x08002adc   0x08002adc   0x00000018   Code   RO         1147    i.HAL_SYSTICK_CLKSourceConfig  stm32f4xx_hal_cortex.o
    0x08002af4   0x08002af4   0x00000028   Code   RO         1149    i.HAL_SYSTICK_Config  stm32f4xx_hal_cortex.o
    0x08002b1c   0x08002b1c   0x00000002   Code   RO         2247    i.HAL_TIMEx_BreakCallback  stm32f4xx_hal_tim_ex.o
    0x08002b1e   0x08002b1e   0x00000002   Code   RO         2248    i.HAL_TIMEx_CommutCallback  stm32f4xx_hal_tim_ex.o
    0x08002b20   0x08002b20   0x0000005a   Code   RO         1543    i.HAL_TIM_Base_Init  stm32f4xx_hal_tim.o
    0x08002b7a   0x08002b7a   0x00000002   PAD
    0x08002b7c   0x08002b7c   0x00000094   Code   RO         3243    i.HAL_TIM_Base_MspInit  atim.o
    0x08002c10   0x08002c10   0x00000080   Code   RO         1548    i.HAL_TIM_Base_Start_IT  stm32f4xx_hal_tim.o
    0x08002c90   0x08002c90   0x00000030   Code   RO         1551    i.HAL_TIM_Base_Stop_IT  stm32f4xx_hal_tim.o
    0x08002cc0   0x08002cc0   0x000000a4   Code   RO         1564    i.HAL_TIM_Encoder_Init  stm32f4xx_hal_tim.o
    0x08002d64   0x08002d64   0x00000002   Code   RO         1566    i.HAL_TIM_Encoder_MspInit  stm32f4xx_hal_tim.o
    0x08002d66   0x08002d66   0x0000008e   Code   RO         1567    i.HAL_TIM_Encoder_Start  stm32f4xx_hal_tim.o
    0x08002df4   0x08002df4   0x00000002   Code   RO         1577    i.HAL_TIM_IC_CaptureCallback  stm32f4xx_hal_tim.o
    0x08002df6   0x08002df6   0x00000130   Code   RO         1591    i.HAL_TIM_IRQHandler  stm32f4xx_hal_tim.o
    0x08002f26   0x08002f26   0x00000002   Code   RO         1594    i.HAL_TIM_OC_DelayElapsedCallback  stm32f4xx_hal_tim.o
    0x08002f28   0x08002f28   0x000000cc   Code   RO         1615    i.HAL_TIM_PWM_ConfigChannel  stm32f4xx_hal_tim.o
    0x08002ff4   0x08002ff4   0x0000005a   Code   RO         1618    i.HAL_TIM_PWM_Init  stm32f4xx_hal_tim.o
    0x0800304e   0x0800304e   0x00000002   PAD
    0x08003050   0x08003050   0x00000084   Code   RO         3244    i.HAL_TIM_PWM_MspInit  atim.o
    0x080030d4   0x080030d4   0x00000002   Code   RO         1621    i.HAL_TIM_PWM_PulseFinishedCallback  stm32f4xx_hal_tim.o
    0x080030d6   0x080030d6   0x00000002   PAD
    0x080030d8   0x080030d8   0x000000c8   Code   RO         1623    i.HAL_TIM_PWM_Start  stm32f4xx_hal_tim.o
    0x080031a0   0x080031a0   0x00000200   Code   RO         3245    i.HAL_TIM_PeriodElapsedCallback  atim.o
    0x080033a0   0x080033a0   0x00000002   Code   RO         1634    i.HAL_TIM_TriggerCallback  stm32f4xx_hal_tim.o
    0x080033a2   0x080033a2   0x00000002   Code   RO         2526    i.HAL_UARTEx_RxEventCallback  stm32f4xx_hal_uart.o
    0x080033a4   0x080033a4   0x00000002   Code   RO         2540    i.HAL_UART_ErrorCallback  stm32f4xx_hal_uart.o
    0x080033a6   0x080033a6   0x00000002   PAD
    0x080033a8   0x080033a8   0x00000280   Code   RO         2543    i.HAL_UART_IRQHandler  stm32f4xx_hal_uart.o
    0x08003628   0x08003628   0x00000064   Code   RO         2544    i.HAL_UART_Init     stm32f4xx_hal_uart.o
    0x0800368c   0x0800368c   0x00000088   Code   RO         4277    i.HAL_UART_MspInit  usart2.o
    0x08003714   0x08003714   0x0000001c   Code   RO         2549    i.HAL_UART_Receive_IT  stm32f4xx_hal_uart.o
    0x08003730   0x08003730   0x00000002   Code   RO         2550    i.HAL_UART_RxCpltCallback  stm32f4xx_hal_uart.o
    0x08003732   0x08003732   0x000000a0   Code   RO         2552    i.HAL_UART_Transmit  stm32f4xx_hal_uart.o
    0x080037d2   0x080037d2   0x00000002   Code   RO         2555    i.HAL_UART_TxCpltCallback  stm32f4xx_hal_uart.o
    0x080037d4   0x080037d4   0x00000002   Code   RO          294    i.HardFault_Handler  stm32f4xx_it.o
    0x080037d6   0x080037d6   0x00000002   PAD
    0x080037d8   0x080037d8   0x000001fc   Code   RO          151    i.MX_GPIO_Init      main.o
    0x080039d4   0x080039d4   0x00000002   Code   RO          295    i.MemManage_Handler  stm32f4xx_it.o
    0x080039d6   0x080039d6   0x00000002   Code   RO          296    i.NMI_Handler       stm32f4xx_it.o
    0x080039d8   0x080039d8   0x00000002   Code   RO          297    i.PendSV_Handler    stm32f4xx_it.o
    0x080039da   0x080039da   0x00000002   Code   RO          298    i.SVC_Handler       stm32f4xx_it.o
    0x080039dc   0x080039dc   0x00000094   Code   RO         4165    i.Stm32_Clock_Init  sys.o
    0x08003a70   0x08003a70   0x00000004   Code   RO          299    i.SysTick_Handler   stm32f4xx_it.o
    0x08003a74   0x08003a74   0x00000002   Code   RO           14    i.SystemInit        system_stm32f4xx.o
    0x08003a76   0x08003a76   0x00000002   PAD
    0x08003a78   0x08003a78   0x00000018   Code   RO         3246    i.TIM1_UP_TIM10_IRQHandler  atim.o
    0x08003a90   0x08003a90   0x0000000c   Code   RO         3247    i.TIM3_IRQHandler   atim.o
    0x08003a9c   0x08003a9c   0x0000000c   Code   RO         3248    i.TIM4_IRQHandler   atim.o
    0x08003aa8   0x08003aa8   0x00000020   Code   RO         3249    i.TIM4_Init         atim.o
    0x08003ac8   0x08003ac8   0x0000000c   Code   RO         3250    i.TIM5_IRQHandler   atim.o
    0x08003ad4   0x08003ad4   0x00000020   Code   RO         3251    i.TIM5_Init         atim.o
    0x08003af4   0x08003af4   0x0000000c   Code   RO         3252    i.TIM6_DAC_IRQHandler  atim.o
    0x08003b00   0x08003b00   0x000000d0   Code   RO         1636    i.TIM_Base_SetConfig  stm32f4xx_hal_tim.o
    0x08003bd0   0x08003bd0   0x0000001a   Code   RO         1637    i.TIM_CCxChannelCmd  stm32f4xx_hal_tim.o
    0x08003bea   0x08003bea   0x00000002   PAD
    0x08003bec   0x08003bec   0x00000060   Code   RO         1649    i.TIM_OC1_SetConfig  stm32f4xx_hal_tim.o
    0x08003c4c   0x08003c4c   0x0000006c   Code   RO         1650    i.TIM_OC2_SetConfig  stm32f4xx_hal_tim.o
    0x08003cb8   0x08003cb8   0x00000068   Code   RO         1651    i.TIM_OC3_SetConfig  stm32f4xx_hal_tim.o
    0x08003d20   0x08003d20   0x00000050   Code   RO         1652    i.TIM_OC4_SetConfig  stm32f4xx_hal_tim.o
    0x08003d70   0x08003d70   0x00000070   Code   RO         4278    i.UART4_IRQHandler  usart2.o
    0x08003de0   0x08003de0   0x00000060   Code   RO         4208    i.UART5_IRQHandler  usart.o
    0x08003e40   0x08003e40   0x0000000e   Code   RO         2557    i.UART_DMAAbortOnError  stm32f4xx_hal_uart.o
    0x08003e4e   0x08003e4e   0x0000004e   Code   RO         2567    i.UART_EndRxTransfer  stm32f4xx_hal_uart.o
    0x08003e9c   0x08003e9c   0x000000c2   Code   RO         2569    i.UART_Receive_IT   stm32f4xx_hal_uart.o
    0x08003f5e   0x08003f5e   0x00000002   PAD
    0x08003f60   0x08003f60   0x0000010c   Code   RO         2570    i.UART_SetConfig    stm32f4xx_hal_uart.o
    0x0800406c   0x0800406c   0x00000036   Code   RO         2572    i.UART_Start_Receive_IT  stm32f4xx_hal_uart.o
    0x080040a2   0x080040a2   0x00000072   Code   RO         2573    i.UART_WaitOnFlagUntilTimeout  stm32f4xx_hal_uart.o
    0x08004114   0x08004114   0x00000002   Code   RO          300    i.UsageFault_Handler  stm32f4xx_it.o
    0x08004116   0x08004116   0x00000028   Code   RO         4589    i.__ARM_fpclassify  m_ws.l(fpclassify.o)
    0x0800413e   0x0800413e   0x00000020   Code   RO         1151    i.__NVIC_SetPriority  stm32f4xx_hal_cortex.o
    0x0800415e   0x0800415e   0x0000000e   Code   RO         4397    i._is_digit         c_w.l(__printf_wp.o)
    0x0800416c   0x0800416c   0x00000002   Code   RO         4209    i._sys_exit         usart.o
    0x0800416e   0x0800416e   0x00000002   PAD
    0x08004170   0x08004170   0x00000028   Code   RO         3133    i.alarm_pulse       app_util.o
    0x08004198   0x08004198   0x00000060   Code   RO         3253    i.atim_timx_pwm_chy_init  atim.o
    0x080041f8   0x080041f8   0x00000030   Code   RO         3254    i.btim_timx_int_init  atim.o
    0x08004228   0x08004228   0x0000003c   Code   RO         3134    i.check_24v_loss    app_util.o
    0x08004264   0x08004264   0x00000044   Code   RO         3135    i.check_motion_timeout  app_util.o
    0x080042a8   0x080042a8   0x0000004e   Code   RO         3136    i.check_station_valid  app_util.o
    0x080042f6   0x080042f6   0x00000002   PAD
    0x080042f8   0x080042f8   0x00000024   Code   RO         3373    i.cmd_alarm         cmd_handler.o
    0x0800431c   0x0800431c   0x00000098   Code   RO         3375    i.cmd_dbg_dump      cmd_handler.o
    0x080043b4   0x080043b4   0x00000134   Code   RO         3376    i.cmd_dbg_start     cmd_handler.o
    0x080044e8   0x080044e8   0x00000358   Code   RO         3377    i.cmd_dispatch      cmd_handler.o
    0x08004840   0x08004840   0x000000a0   Code   RO         3378    i.cmd_dp            cmd_handler.o
    0x080048e0   0x080048e0   0x00000030   Code   RO         3379    i.cmd_ele_test      cmd_handler.o
    0x08004910   0x08004910   0x0000016c   Code   RO         3382    i.cmd_gnn_test      cmd_handler.o
    0x08004a7c   0x08004a7c   0x000000c8   Code   RO         3383    i.cmd_goo_test      cmd_handler.o
    0x08004b44   0x08004b44   0x00000060   Code   RO         3384    i.cmd_goto_station  cmd_handler.o
    0x08004ba4   0x08004ba4   0x0000008c   Code   RO         3385    i.cmd_hal_test      cmd_handler.o
    0x08004c30   0x08004c30   0x00000020   Code   RO         3387    i.cmd_photo_test    cmd_handler.o
    0x08004c50   0x08004c50   0x00000024   Code   RO         3388    i.cmd_red           cmd_handler.o
    0x08004c74   0x08004c74   0x00000018   Code   RO         3389    i.cmd_res           cmd_handler.o
    0x08004c8c   0x08004c8c   0x00000030   Code   RO         3390    i.cmd_ring          cmd_handler.o
    0x08004cbc   0x08004cbc   0x00000008   Code   RO         3391    i.cmd_rtb           cmd_handler.o
    0x08004cc4   0x08004cc4   0x00000012   Code   RO         3392    i.cmd_rtf           cmd_handler.o
    0x08004cd6   0x08004cd6   0x00000002   PAD
    0x08004cd8   0x08004cd8   0x00000028   Code   RO         3393    i.cmd_rts           cmd_handler.o
    0x08004d00   0x08004d00   0x0000003c   Code   RO         3394    i.cmd_set_duty      cmd_handler.o
    0x08004d3c   0x08004d3c   0x00000044   Code   RO         3395    i.cmd_set_force     cmd_handler.o
    0x08004d80   0x08004d80   0x0000006c   Code   RO         3396    i.cmd_set_kd        cmd_handler.o
    0x08004dec   0x08004dec   0x0000006c   Code   RO         3397    i.cmd_set_ki        cmd_handler.o
    0x08004e58   0x08004e58   0x0000006c   Code   RO         3398    i.cmd_set_kp        cmd_handler.o
    0x08004ec4   0x08004ec4   0x00000028   Code   RO         3399    i.cmd_set_loop1     cmd_handler.o
    0x08004eec   0x08004eec   0x00000028   Code   RO         3400    i.cmd_set_loop2     cmd_handler.o
    0x08004f14   0x08004f14   0x00000058   Code   RO         3401    i.cmd_set_pc        cmd_handler.o
    0x08004f6c   0x08004f6c   0x00000030   Code   RO         3402    i.cmd_set_photo_pos  cmd_handler.o
    0x08004f9c   0x08004f9c   0x00000044   Code   RO         3403    i.cmd_set_pluse_ele  cmd_handler.o
    0x08004fe0   0x08004fe0   0x00000044   Code   RO         3404    i.cmd_set_pulse_low  cmd_handler.o
    0x08005024   0x08005024   0x00000070   Code   RO         3405    i.cmd_set_skd       cmd_handler.o
    0x08005094   0x08005094   0x00000070   Code   RO         3406    i.cmd_set_ski       cmd_handler.o
    0x08005104   0x08005104   0x00000070   Code   RO         3407    i.cmd_set_skp       cmd_handler.o
    0x08005174   0x08005174   0x00000044   Code   RO         3408    i.cmd_set_speed     cmd_handler.o
    0x080051b8   0x080051b8   0x0000030c   Code   RO         3409    i.cmd_show_params   cmd_handler.o
    0x080054c4   0x080054c4   0x000001a0   Code   RO         3410    i.cmd_station_roundtrip  cmd_handler.o
    0x08005664   0x08005664   0x0000003c   Code   RO         3416    i.cmd_tim3          cmd_handler.o
    0x080056a0   0x080056a0   0x0000008c   Code   RO         3419    i.cmd_tim6_test     cmd_handler.o
    0x0800572c   0x0800572c   0x00000010   Code   RO         4006    i.dcmotor_start     step_motor.o
    0x0800573c   0x0800573c   0x00000024   Code   RO         4007    i.dcmotor_stop      step_motor.o
    0x08005760   0x08005760   0x00000014   Code   RO         3795    i.delay_init        delay.o
    0x08005774   0x08005774   0x0000001a   Code   RO         3796    i.delay_ms          delay.o
    0x0800578e   0x0800578e   0x00000002   PAD
    0x08005790   0x08005790   0x00000034   Code   RO         3797    i.delay_us          delay.o
    0x080057c4   0x080057c4   0x00000024   Code   RO         4008    i.dir_jud           step_motor.o
    0x080057e8   0x080057e8   0x00000028   Code   RO         3137    i.done_pulse        app_util.o
    0x08005810   0x08005810   0x0000002c   Code   RO         3138    i.ele_is_triggered  app_util.o
    0x0800583c   0x0800583c   0x00000020   Code   RO         4210    i.fputc             usart.o
    0x0800585c   0x0800585c   0x00000054   Code   RO         3420    i.gff_gmm_loop      cmd_handler.o
    0x080058b0   0x080058b0   0x00000040   Code   RO         3255    i.gtim_get_encode   atim.o
    0x080058f0   0x080058f0   0x000000c8   Code   RO         3256    i.gtim_timx_encoder_chy_init  atim.o
    0x080059b8   0x080059b8   0x00000078   Code   RO         3140    i.handle_station_verify  app_util.o
    0x08005a30   0x08005a30   0x00000098   Code   RO         3959    i.increment_pid_speed  pid.o
    0x08005ac8   0x08005ac8   0x000001b4   Code   RO          153    i.main              main.o
    0x08005c7c   0x08005c7c   0x00000184   Code   RO         4009    i.motor_init        step_motor.o
    0x08005e00   0x08005e00   0x00000020   Code   RO         4010    i.motor_pwm_set     step_motor.o
    0x08005e20   0x08005e20   0x00000034   Code   RO         3141    i.motor_safe_stop   app_util.o
    0x08005e54   0x08005e54   0x00000048   Code   RO         3142    i.motor_start_motion  app_util.o
    0x08005e9c   0x08005e9c   0x00000040   Code   RO         3143    i.motor_stop_normal  app_util.o
    0x08005edc   0x08005edc   0x00000408   Code   RO         3873    i.param_load_all    flash_param.o
    0x080062e4   0x080062e4   0x000001e4   Code   RO         3874    i.param_save_all    flash_param.o
    0x080064c8   0x080064c8   0x0000002c   Code   RO         3144    i.parse_uart_number  app_util.o
    0x080064f4   0x080064f4   0x00000098   Code   RO         3960    i.pid_init          pid.o
    0x0800658c   0x0800658c   0x000000ac   Code   RO         3961    i.position_pid_speed  pid.o
    0x08006638   0x08006638   0x000000e4   Code   RO         4011    i.read_hal          step_motor.o
    0x0800671c   0x0800671c   0x00000032   Code   RO         4012    i.read_single_hal   step_motor.o
    0x0800674e   0x0800674e   0x00000012   Code   RO         4321    i.rtc_bcd2dec       rtc.o
    0x08006760   0x08006760   0x00000016   Code   RO         4322    i.rtc_dec2bcd       rtc.o
    0x08006776   0x08006776   0x00000002   PAD
    0x08006778   0x08006778   0x000000fc   Code   RO         4323    i.rtc_get_time_str  rtc.o
    0x08006874   0x08006874   0x000001b4   Code   RO         4324    i.rtc_init          rtc.o
    0x08006a28   0x08006a28   0x000000ac   Code   RO         4325    i.rtc_parse_time    rtc.o
    0x08006ad4   0x08006ad4   0x000000e4   Code   RO         4014    i.speed_computer    step_motor.o
    0x08006bb8   0x08006bb8   0x000000b4   Code   RO         4015    i.step_motor_LX     step_motor.o
    0x08006c6c   0x08006c6c   0x000001c4   Code   RO         4016    i.step_motor_init   step_motor.o
    0x08006e30   0x08006e30   0x00000738   Code   RO         4017    i.step_motor_motion  step_motor.o
    0x08007568   0x08007568   0x00000018   Code   RO         4212    i.tpingg            usart.o
    0x08007580   0x08007580   0x00000054   Code   RO         3145    i.trigger_photo     app_util.o
    0x080075d4   0x080075d4   0x00000038   Code   RO         4279    i.uart4_init        usart2.o
    0x0800760c   0x0800760c   0x00000134   Code   RO         4213    i.uart_init         usart.o
    0x08007740   0x08007740   0x0000001c   Code   RO         3146    i.wait_motion_done  app_util.o
    0x0800775c   0x0800775c   0x0000002c   Code   RO         4583    locale$$code        c_w.l(lc_numeric_c.o)
    0x08007788   0x08007788   0x0000002c   Code   RO         4664    locale$$code        c_w.l(lc_ctype_c.o)
    0x080077b4   0x080077b4   0x00000150   Code   RO         4428    x$fpl$dadd          fz_ws.l(daddsub_clz.o)
    0x08007904   0x08007904   0x0000005a   Code   RO         4434    x$fpl$dfixu         fz_ws.l(dfixu.o)
    0x0800795e   0x0800795e   0x00000026   Code   RO         4438    x$fpl$dfltu         fz_ws.l(dflt_clz.o)
    0x08007984   0x08007984   0x0000009c   Code   RO         4508    x$fpl$dnaninf       fz_ws.l(dnaninf.o)
    0x08007a20   0x08007a20   0x0000000c   Code   RO         4510    x$fpl$dretinf       fz_ws.l(dretinf.o)
    0x08007a2c   0x08007a2c   0x000001d4   Code   RO         4430    x$fpl$dsub          fz_ws.l(daddsub_clz.o)
    0x08007c00   0x08007c00   0x00000056   Code   RO         4444    x$fpl$f2d           fz_ws.l(f2d.o)
    0x08007c56   0x08007c56   0x00000002   PAD
    0x08007c58   0x08007c58   0x000000c4   Code   RO         4446    x$fpl$fadd          fz_ws.l(faddsub_clz.o)
    0x08007d1c   0x08007d1c   0x0000000c   Code   RO         4512    x$fpl$fcheck1       fz_ws.l(fcheck1.o)
    0x08007d28   0x08007d28   0x00000018   Code   RO         4514    x$fpl$fcmpinf       fz_ws.l(fcmpi.o)
    0x08007d40   0x08007d40   0x00000184   Code   RO         4453    x$fpl$fdiv          fz_ws.l(fdiv.o)
    0x08007ec4   0x08007ec4   0x00000036   Code   RO         4456    x$fpl$ffix          fz_ws.l(ffix.o)
    0x08007efa   0x08007efa   0x00000002   PAD
    0x08007efc   0x08007efc   0x0000003e   Code   RO         4460    x$fpl$ffixu         fz_ws.l(ffixu.o)
    0x08007f3a   0x08007f3a   0x00000002   PAD
    0x08007f3c   0x08007f3c   0x00000030   Code   RO         4465    x$fpl$fflt          fz_ws.l(fflt_clz.o)
    0x08007f6c   0x08007f6c   0x00000068   Code   RO         4470    x$fpl$fleqf         fz_ws.l(fleqf.o)
    0x08007fd4   0x08007fd4   0x00000102   Code   RO         4472    x$fpl$fmul          fz_ws.l(fmul.o)
    0x080080d6   0x080080d6   0x0000008c   Code   RO         4516    x$fpl$fnaninf       fz_ws.l(fnaninf.o)
    0x08008162   0x08008162   0x0000000a   Code   RO         4518    x$fpl$fretinf       fz_ws.l(fretinf.o)
    0x0800816c   0x0800816c   0x00000062   Code   RO         4474    x$fpl$frleqf        fz_ws.l(frleqf.o)
    0x080081ce   0x080081ce   0x00000014   Code   RO         4447    x$fpl$frsb          fz_ws.l(faddsub_clz.o)
    0x080081e2   0x080081e2   0x00000002   PAD
    0x080081e4   0x080081e4   0x000000ea   Code   RO         4448    x$fpl$fsub          fz_ws.l(faddsub_clz.o)
    0x080082ce   0x080082ce   0x00000004   Code   RO         4476    x$fpl$printf1       fz_ws.l(printf1.o)
    0x080082d2   0x080082d2   0x00000064   Code   RO         4587    x$fpl$retnan        fz_ws.l(retnan.o)
    0x08008336   0x08008336   0x0000004c   Code   RO         4478    x$fpl$scalbnf       fz_ws.l(scalbnf.o)
    0x08008382   0x08008382   0x00000030   Code   RO         4657    x$fpl$trapveneer    fz_ws.l(trapv.o)
    0x080083b2   0x080083b2   0x00000000   Code   RO         4520    x$fpl$usenofp       fz_ws.l(usenofp.o)
    0x080083b2   0x080083b2   0x00000010   Data   RO           15    .constdata          system_stm32f4xx.o
    0x080083c2   0x080083c2   0x00000008   Data   RO           16    .constdata          system_stm32f4xx.o
    0x080083ca   0x080083ca   0x00000002   PAD
    0x080083cc   0x080083cc   0x00000030   Data   RO         4326    .constdata          rtc.o
    0x080083fc   0x080083fc   0x00000011   Data   RO         4400    .constdata          c_w.l(__printf_flags_wp.o)
    0x0800840d   0x0800840d   0x00000003   PAD
    0x08008410   0x08008410   0x00000094   Data   RO         4554    .constdata          c_w.l(bigflt0.o)
    0x080084a4   0x080084a4   0x00000043   Data   RO         4019    .conststring        step_motor.o
    0x080084e7   0x080084e7   0x00000001   PAD
    0x080084e8   0x080084e8   0x00000030   Data   RO         4327    .conststring        rtc.o
    0x08008518   0x08008518   0x00000020   Data   RO         4736    Region$$Table       anon$$obj.o
    0x08008538   0x08008538   0x0000001c   Data   RO         4582    locale$$data        c_w.l(lc_numeric_c.o)
    0x08008554   0x08008554   0x00000110   Data   RO         4663    locale$$data        c_w.l(lc_ctype_c.o)


    Execution Region RW_IRAM1 (Exec base: 0x20000000, Load base: 0x08008664, Size: 0x00001438, Max: 0x0001c000, ABSOLUTE, COMPRESSED[0x00000034])

    Exec Addr    Load Addr    Size         Type   Attr      Idx    E Section Name        Object

    0x20000000   COMPRESSED   0x00000004   Data   RW           17    .data               system_stm32f4xx.o
    0x20000004   COMPRESSED   0x00000010   Data   RW          154    .data               main.o
    0x20000014   COMPRESSED   0x00000004   Data   RW          157    .data               main.o
    0x20000018   COMPRESSED   0x00000004   Data   RW          160    .data               main.o
    0x2000001c   COMPRESSED   0x00000004   Data   RW          161    .data               main.o
    0x20000020   COMPRESSED   0x00000004   Data   RW          163    .data               main.o
    0x20000024   COMPRESSED   0x00000004   Data   RW          164    .data               main.o
    0x20000028   COMPRESSED   0x00000004   Data   RW          165    .data               main.o
    0x2000002c   COMPRESSED   0x00000004   Data   RW          166    .data               main.o
    0x20000030   COMPRESSED   0x00000004   Data   RW          167    .data               main.o
    0x20000034   COMPRESSED   0x00000004   Data   RW          169    .data               main.o
    0x20000038   COMPRESSED   0x00000004   Data   RW          170    .data               main.o
    0x2000003c   COMPRESSED   0x00000004   Data   RW          171    .data               main.o
    0x20000040   COMPRESSED   0x00000004   Data   RW          172    .data               main.o
    0x20000044   COMPRESSED   0x00000004   Data   RW          173    .data               main.o
    0x20000048   COMPRESSED   0x00000004   Data   RW          174    .data               main.o
    0x2000004c   COMPRESSED   0x00000004   Data   RW          177    .data               main.o
    0x20000050   COMPRESSED   0x00000004   Data   RW          178    .data               main.o
    0x20000054   COMPRESSED   0x00000004   Data   RW          179    .data               main.o
    0x20000058   COMPRESSED   0x00000004   Data   RW          180    .data               main.o
    0x2000005c   COMPRESSED   0x00000004   Data   RW          181    .data               main.o
    0x20000060   COMPRESSED   0x00000004   Data   RW          182    .data               main.o
    0x20000064   COMPRESSED   0x00000004   Data   RW          183    .data               main.o
    0x20000068   COMPRESSED   0x00000004   Data   RW          184    .data               main.o
    0x2000006c   COMPRESSED   0x00000004   Data   RW          185    .data               main.o
    0x20000070   COMPRESSED   0x00000004   Data   RW          186    .data               main.o
    0x20000074   COMPRESSED   0x00000004   Data   RW          187    .data               main.o
    0x20000078   COMPRESSED   0x00000004   Data   RW          188    .data               main.o
    0x2000007c   COMPRESSED   0x00000004   Data   RW          189    .data               main.o
    0x20000080   COMPRESSED   0x00000004   Data   RW          190    .data               main.o
    0x20000084   COMPRESSED   0x00000004   Data   RW          191    .data               main.o
    0x20000088   COMPRESSED   0x00000004   Data   RW          192    .data               main.o
    0x2000008c   COMPRESSED   0x00000004   Data   RW          193    .data               main.o
    0x20000090   COMPRESSED   0x00000004   Data   RW          194    .data               main.o
    0x20000094   COMPRESSED   0x00000004   Data   RW          195    .data               main.o
    0x20000098   COMPRESSED   0x00000004   Data   RW          196    .data               main.o
    0x2000009c   COMPRESSED   0x00000004   Data   RW          197    .data               main.o
    0x200000a0   COMPRESSED   0x00000004   Data   RW          198    .data               main.o
    0x200000a4   COMPRESSED   0x00000004   Data   RW          199    .data               main.o
    0x200000a8   COMPRESSED   0x00000020   Data   RW          564    .data               stm32f4xx_hal_flash.o
    0x200000c8   COMPRESSED   0x0000000c   Data   RW         1310    .data               stm32f4xx_hal.o
    0x200000d4   COMPRESSED   0x0000001c   Data   RW         3258    .data               atim.o
    0x200000f0   COMPRESSED   0x00000004   Data   RW         3422    .data               cmd_handler.o
    0x200000f4   COMPRESSED   0x00000004   Data   RW         3798    .data               delay.o
    0x200000f8   COMPRESSED   0x00000018   Data   RW         3964    .data               pid.o
    0x20000110   COMPRESSED   0x00000004   Data   RW         3965    .data               pid.o
    0x20000114   COMPRESSED   0x00000008   Data   RW         4020    .data               step_motor.o
    0x2000011c   COMPRESSED   0x00000002   Data   RW         4215    .data               usart.o
    0x2000011e   COMPRESSED   0x00000002   PAD
    0x20000120   COMPRESSED   0x00000004   Data   RW         4217    .data               usart.o
    0x20000124   COMPRESSED   0x00000004   Data   RW         4281    .data               usart2.o
    0x20000128   COMPRESSED   0x00000002   Data   RW         4282    .data               usart2.o
    0x2000012a   COMPRESSED   0x00000002   PAD
    0x2000012c        -       0x000001a8   Zero   RW         3257    .bss                atim.o
    0x200002d4        -       0x00000960   Zero   RW         3421    .bss                cmd_handler.o
    0x20000c34        -       0x00000034   Zero   RW         4018    .bss                step_motor.o
    0x20000c68        -       0x00000110   Zero   RW         4214    .bss                usart.o
    0x20000d78        -       0x0000005c   Zero   RW         4280    .bss                usart2.o
    0x20000dd4        -       0x00000060   Zero   RW         4592    .bss                c_w.l(libspace.o)
    0x20000e34   COMPRESSED   0x00000004   PAD
    0x20000e38        -       0x00000200   Zero   RW            2    HEAP                startup_stm32f407xx.o
    0x20001038        -       0x00000400   Zero   RW            1    STACK               startup_stm32f407xx.o


    Execution Region RW_IRAM2 (Exec base: 0x2001c000, Load base: 0x08008698, Size: 0x00000000, Max: 0x00004000, ABSOLUTE)

    **** No section assigned to this execution region ****


==============================================================================

Image component sizes


      Code (inc. data)   RO Data    RW Data    ZI Data      Debug   Object Name

       794        206          0          0          0       7380   app_util.o
      1336        236          0         28        424      10936   atim.o
      5254       2092          0          4       2400      22256   cmd_handler.o
        98          8          0          4          0       1663   delay.o
        34          6          0          0          0        876   exti.o
      1516        680          0          0          0       1710   flash_param.o
       944        132          0        164          0       6303   main.o
       476        150          0         28          0       2560   pid.o
       900        140         96          0          0       3502   rtc.o
        64         26        392          0       1536        784   startup_stm32f407xx.o
      3494        722         67          8         52      11101   step_motor.o
       144         24          0         12          0       8497   stm32f4xx_hal.o
       258         24          0          0          0      34528   stm32f4xx_hal_cortex.o
       182          0          0          0          0       1959   stm32f4xx_hal_dma.o
       520         66          0         32          0       5978   stm32f4xx_hal_flash.o
       356         24          0          0          0       3734   stm32f4xx_hal_flash_ex.o
       540         52          0          0          0       3194   stm32f4xx_hal_gpio.o
        48          6          0          0          0        782   stm32f4xx_hal_msp.o
      1344         72          0          0          0       4936   stm32f4xx_hal_rcc.o
      2002        136          0          0          0      15012   stm32f4xx_hal_tim.o
         4          0          0          0          0       1509   stm32f4xx_hal_tim_ex.o
      1658         14          0          0          0      10998   stm32f4xx_hal_uart.o
        20          0          0          0          0       3646   stm32f4xx_it.o
       148         10          0          0          0        887   sys.o
         2          0         24          4          0     699623   system_stm32f4xx.o
       462         50          0          6        272       4610   usart.o
       304         36          0          6         92       2380   usart2.o

    ----------------------------------------------------------------------
     22932       4912        614        300       4776     871344   Object Totals
         0          0         32          0          0          0   (incl. Generated)
        30          0          3          4          0          0   (incl. Padding)

    ----------------------------------------------------------------------

      Code (inc. data)   RO Data    RW Data    ZI Data      Debug   Library Member Name

        60          8          0          0          0         84   __0sscanf.o
        58          0          0          0          0          0   __dczerorl.o
         8          0          0          0          0         68   __main.o
       312          4         17          0          0         92   __printf_flags_wp.o
        14          0          0          0          0         68   __printf_wp.o
         0          0          0          0          0          0   __rtentry.o
        12          0          0          0          0          0   __rtentry2.o
         6          0          0          0          0          0   __rtentry4.o
        52          8          0          0          0          0   __scatter.o
        28          0          0          0          0          0   __scatter_zi.o
        28          0          0          0          0         68   _chval.o
        44          0          0          0          0        108   _printf_char.o
        48          6          0          0          0         96   _printf_char_common.o
        36          4          0          0          0         80   _printf_char_file.o
         6          0          0          0          0          0   _printf_d.o
       120         16          0          0          0         92   _printf_dec.o
         6          0          0          0          0          0   _printf_f.o
      1050          0          0          0          0        216   _printf_fp_dec.o
       128         16          0          0          0         84   _printf_fp_infnan.o
       178          0          0          0          0         88   _printf_intcommon.o
        78          0          0          0          0        108   _printf_pad.o
         0          0          0          0          0          0   _printf_percent.o
         4          0          0          0          0          0   _printf_percent_end.o
         6          0          0          0          0          0   _printf_s.o
        82          0          0          0          0         80   _printf_str.o
         6          0          0          0          0          0   _printf_u.o
       884          6          0          0          0        100   _scanf.o
       332          0          0          0          0         96   _scanf_int.o
       224          0          0          0          0         96   _scanf_str.o
        64          0          0          0          0         84   _sgetc.o
        16          0          0          0          0         68   _snputc.o
        10          0          0          0          0         68   _sputc.o
       220          4        148          0          0         96   bigflt0.o
      1910        128          0          0          0        672   btod.o
        12          0          0          0          0         72   exit.o
         8          0          0          0          0         68   ferror.o
         6          0          0          0          0        152   heapauxi.o
        18          0          0          0          0         76   isspace.o
        44         10        272          0          0         76   lc_ctype_c.o
        44         10         28          0          0         76   lc_numeric_c.o
         2          0          0          0          0          0   libinit.o
        30          0          0          0          0          0   libinit2.o
         2          0          0          0          0          0   libshutdown.o
         2          0          0          0          0          0   libshutdown2.o
         8          4          0          0         96         68   libspace.o
       138          0          0          0          0         80   lludiv10.o
       238          0          0          0          0        100   lludivv7m.o
        24          4          0          0          0         84   noretval__2printf.o
        52          4          0          0          0         84   noretval__2snprintf.o
        16          4          0          0          0         76   rt_ctype_table.o
         8          4          0          0          0         68   rt_locale_intlibspace.o
        78          0          0          0          0         80   rt_memclr_w.o
       100          0          0          0          0         80   rt_memcpy_w.o
         2          0          0          0          0          0   rtexit.o
        10          0          0          0          0          0   rtexit2.o
        44          8          0          0          0         84   scanf_char.o
       128          0          0          0          0         68   strcmpv7m.o
       150          0          0          0          0         80   strncmp.o
        74          0          0          0          0         80   sys_stackheap_outer.o
         2          0          0          0          0         68   use_no_semi.o
         2          0          0          0          0         68   use_no_semi_2.o
       804         16          0          0          0        272   daddsub_clz.o
        90          4          0          0          0         92   dfixu.o
        38          0          0          0          0         68   dflt_clz.o
       156          4          0          0          0         92   dnaninf.o
        12          0          0          0          0         68   dretinf.o
        86          4          0          0          0         84   f2d.o
       450          8          0          0          0        236   faddsub_clz.o
        12          4          0          0          0         68   fcheck1.o
        24          0          0          0          0         68   fcmpi.o
       388         76          0          0          0         96   fdiv.o
        54          4          0          0          0         84   ffix.o
        62          4          0          0          0         84   ffixu.o
        48          0          0          0          0         68   fflt_clz.o
       104          4          0          0          0         84   fleqf.o
       258          4          0          0          0         84   fmul.o
       140          4          0          0          0         84   fnaninf.o
        10          0          0          0          0         68   fretinf.o
        98          0          0          0          0         68   frleqf.o
         4          0          0          0          0         68   printf1.o
       100          0          0          0          0         68   retnan.o
        76          0          0          0          0         68   scalbnf.o
        48          0          0          0          0         68   trapv.o
         0          0          0          0          0          0   usenofp.o
        40          0          0          0          0         68   fpclassify.o

    ----------------------------------------------------------------------
     10390        384        468          0        100       6408   Library Totals
        16          0          3          0          4          0   (incl. Padding)

    ----------------------------------------------------------------------

      Code (inc. data)   RO Data    RW Data    ZI Data      Debug   Library Name

      7272        248        465          0         96       4300   c_w.l
      3062        136          0          0          0       2040   fz_ws.l
        40          0          0          0          0         68   m_ws.l

    ----------------------------------------------------------------------
     10390        384        468          0        100       6408   Library Totals

    ----------------------------------------------------------------------

==============================================================================


      Code (inc. data)   RO Data    RW Data    ZI Data      Debug   

     33322       5296       1082        300       4876     864748   Grand Totals
     33322       5296       1082         52       4876     864748   ELF Image Totals (compressed)
     33322       5296       1082         52          0          0   ROM Totals

==============================================================================

    Total RO  Size (Code + RO Data)                34404 (  33.60kB)
    Total RW  Size (RW Data + ZI Data)              5176 (   5.05kB)
    Total ROM Size (Code + RO Data + RW Data)      34456 (  33.65kB)

==============================================================================

