Component: ARM Compiler 5.05 update 2 (build 169) Tool: armlink [4d0f33]

==============================================================================

Section Cross References

    startup_stm32f407xx.o(STACK) refers (Special) to heapauxi.o(.text) for __use_two_region_memory
    startup_stm32f407xx.o(HEAP) refers (Special) to heapauxi.o(.text) for __use_two_region_memory
    startup_stm32f407xx.o(RESET) refers (Special) to heapauxi.o(.text) for __use_two_region_memory
    startup_stm32f407xx.o(RESET) refers to startup_stm32f407xx.o(STACK) for __initial_sp
    startup_stm32f407xx.o(RESET) refers to startup_stm32f407xx.o(.text) for Reset_Handler
    startup_stm32f407xx.o(RESET) refers to stm32f4xx_it.o(i.NMI_Handler) for NMI_Handler
    startup_stm32f407xx.o(RESET) refers to stm32f4xx_it.o(i.HardFault_Handler) for HardFault_Handler
    startup_stm32f407xx.o(RESET) refers to stm32f4xx_it.o(i.MemManage_Handler) for MemManage_Handler
    startup_stm32f407xx.o(RESET) refers to stm32f4xx_it.o(i.BusFault_Handler) for BusFault_Handler
    startup_stm32f407xx.o(RESET) refers to stm32f4xx_it.o(i.UsageFault_Handler) for UsageFault_Handler
    startup_stm32f407xx.o(RESET) refers to stm32f4xx_it.o(i.SVC_Handler) for SVC_Handler
    startup_stm32f407xx.o(RESET) refers to stm32f4xx_it.o(i.DebugMon_Handler) for DebugMon_Handler
    startup_stm32f407xx.o(RESET) refers to stm32f4xx_it.o(i.PendSV_Handler) for PendSV_Handler
    startup_stm32f407xx.o(RESET) refers to stm32f4xx_it.o(i.SysTick_Handler) for SysTick_Handler
    startup_stm32f407xx.o(RESET) refers to exti.o(i.EXTI0_IRQHandler) for EXTI0_IRQHandler
    startup_stm32f407xx.o(RESET) refers to atim.o(i.TIM1_UP_TIM10_IRQHandler) for TIM1_UP_TIM10_IRQHandler
    startup_stm32f407xx.o(RESET) refers to atim.o(i.TIM3_IRQHandler) for TIM3_IRQHandler
    startup_stm32f407xx.o(RESET) refers to atim.o(i.TIM4_IRQHandler) for TIM4_IRQHandler
    startup_stm32f407xx.o(RESET) refers to usart.o(i.USART1_IRQHandler) for USART1_IRQHandler
    startup_stm32f407xx.o(RESET) refers to atim.o(i.TIM5_IRQHandler) for TIM5_IRQHandler
    startup_stm32f407xx.o(RESET) refers to usart2.o(i.UART4_IRQHandler) for UART4_IRQHandler
    startup_stm32f407xx.o(.text) refers (Special) to heapauxi.o(.text) for __use_two_region_memory
    startup_stm32f407xx.o(.text) refers to system_stm32f4xx.o(i.SystemInit) for SystemInit
    startup_stm32f407xx.o(.text) refers to __main.o(!!!main) for __main
    startup_stm32f407xx.o(.text) refers to startup_stm32f407xx.o(HEAP) for Heap_Mem
    startup_stm32f407xx.o(.text) refers to startup_stm32f407xx.o(STACK) for Stack_Mem
    system_stm32f4xx.o(i.SystemCoreClockUpdate) refers to system_stm32f4xx.o(.data) for .data
    system_stm32f4xx.o(i.SystemCoreClockUpdate) refers to system_stm32f4xx.o(.constdata) for .constdata
    main.o(i.MX_GPIO_Init) refers to rt_memclr_w.o(.text) for __aeabi_memclr4
    main.o(i.MX_GPIO_Init) refers to stm32f4xx_hal_gpio.o(i.HAL_GPIO_WritePin) for HAL_GPIO_WritePin
    main.o(i.MX_GPIO_Init) refers to stm32f4xx_hal_gpio.o(i.HAL_GPIO_Init) for HAL_GPIO_Init
    main.o(i.SystemClock_Config) refers to rt_memclr_w.o(.text) for __aeabi_memclr4
    main.o(i.SystemClock_Config) refers to stm32f4xx_hal_rcc.o(i.HAL_RCC_OscConfig) for HAL_RCC_OscConfig
    main.o(i.SystemClock_Config) refers to stm32f4xx_hal_rcc.o(i.HAL_RCC_ClockConfig) for HAL_RCC_ClockConfig
    main.o(i.main) refers to stm32f4xx_hal.o(i.HAL_Init) for HAL_Init
    main.o(i.main) refers to sys.o(i.Stm32_Clock_Init) for Stm32_Clock_Init
    main.o(i.main) refers to delay.o(i.delay_init) for delay_init
    main.o(i.main) refers to usart2.o(i.uart4_init) for uart4_init
    main.o(i.main) refers to atim.o(i.TIM5_Init) for TIM5_Init
    main.o(i.main) refers to atim.o(i.TIM4_Init) for TIM4_Init
    main.o(i.main) refers to step_motor.o(i.step_motor_init) for step_motor_init
    main.o(i.main) refers to atim.o(i.gtim_timx_encoder_chy_init) for gtim_timx_encoder_chy_init
    main.o(i.main) refers to atim.o(i.btim_timx_int_init) for btim_timx_int_init
    main.o(i.main) refers to pid.o(i.pid_init) for pid_init
    main.o(i.main) refers to main.o(i.MX_GPIO_Init) for MX_GPIO_Init
    main.o(i.main) refers to atim.o(i.atim_timx_pwm_chy_init) for atim_timx_pwm_chy_init
    main.o(i.main) refers to usart.o(i.uart_init) for uart_init
    main.o(i.main) refers to flash_param.o(i.param_load_all) for param_load_all
    main.o(i.main) refers to flash_param.o(i.param_save_all) for param_save_all
    main.o(i.main) refers to atim.o(i.HAL_TIM_PeriodElapsedCallback) for HAL_TIM_PeriodElapsedCallback
    main.o(i.main) refers to stm32f4xx_hal_uart.o(i.HAL_UART_Transmit) for HAL_UART_Transmit
    main.o(i.main) refers to cmd_handler.o(i.cmd_dispatch) for cmd_dispatch
    main.o(i.main) refers to stm32f4xx_hal_gpio.o(i.HAL_GPIO_ReadPin) for HAL_GPIO_ReadPin
    main.o(i.main) refers to noretval__2printf.o(.text) for __2printf
    main.o(i.main) refers to step_motor.o(i.dcmotor_stop) for dcmotor_stop
[...]
    .data                                    0x200000f8   Section        2  usart.o(.data)
    .data                                    0x200000fa   Section        4  usart2.o(.data)
    .data                                    0x200000fe   Section        2  usart2.o(.data)
    .bss                                     0x20000100   Section      456  atim.o(.bss)
    .bss                                     0x200002c8   Section       52  step_motor.o(.bss)
    speed_arr                                0x200002c8   Data          40  step_motor.o(.bss)
    .bss                                     0x200002fc   Section      268  usart.o(.bss)
    .bss                                     0x20000408   Section       92  usart2.o(.bss)
    .bss                                     0x20000464   Section       96  libspace.o(.bss)
    HEAP                                     0x200004c8   Section      512  startup_stm32f407xx.o(HEAP)
    Heap_Mem                                 0x200004c8   Data         512  startup_stm32f407xx.o(HEAP)
    STACK                                    0x200006c8   Section     1024  startup_stm32f407xx.o(STACK)
    Stack_Mem                                0x200006c8   Data        1024  startup_stm32f407xx.o(STACK)
    __initial_sp                             0x20000ac8   Data           0  startup_stm32f407xx.o(STACK)

    Global Symbols

    Symbol Name                              Value     Ov Type        Size  Object(Section)

    BuildAttributes$$THM_ISAv4$E$P$D$K$B$S$7EM$PE$A:L22UL41UL21$X:L11$S22US41US21$IEEE1$IW$USESV6$~STKCKD$USESV7$~SHL$OTIME$ROPI$IEEEJ$EBA8$UX$STANDARDLIB$REQ8$PRES8$EABIv2 0x00000000   Number         0  anon$$obj.o ABSOLUTE
    __ARM_use_no_argv                        0x00000000   Number         0  main.o ABSOLUTE
    __ARM_exceptions_init                     - Undefined Weak Reference
    __alloca_initialize                       - Undefined Weak Reference
    __arm_preinit_                            - Undefined Weak Reference
    __cpp_initialize__aeabi_                  - Undefined Weak Reference
    __cxa_finalize                            - Undefined Weak Reference
    __sigvec_lookup                           - Undefined Weak Reference
    _atexit_init                              - Undefined Weak Reference
    _call_atexit_fns                          - Undefined Weak Reference
    _clock_init                               - Undefined Weak Reference
    _fp_trap_init                             - Undefined Weak Reference
    _fp_trap_shutdown                         - Undefined Weak Reference
    _get_lc_collate                           - Undefined Weak Reference
    _get_lc_ctype                             - Undefined Weak Reference
    _get_lc_monetary                          - Undefined Weak Reference
    _get_lc_time                              - Undefined Weak Reference
    _getenv_init                              - Undefined Weak Reference
    _handle_redirection                       - Undefined Weak Reference
    _init_alloc                               - Undefined Weak Reference
    _init_user_alloc                          - Undefined Weak Reference
    _initio                                   - Undefined Weak Reference
    _mutex_acquire                            - Undefined Weak Reference
    _mutex_release                            - Undefined Weak Reference
    _printf_mbtowc                            - Undefined Weak Reference
    _printf_post_padding                      - Undefined Weak Reference
    _printf_pre_padding                       - Undefined Weak Reference
    _printf_truncate_signed                   - Undefined Weak Reference
    _printf_truncate_unsigned                 - Undefined Weak Reference
    _rand_init                                - Undefined Weak Reference
    _signal_finish                            - Undefined Weak Reference
    _signal_init                              - Undefined Weak Reference
    _terminate_alloc                          - Undefined Weak Reference
    _terminate_user_alloc                     - Undefined Weak Reference
    _terminateio                              - Undefined Weak Reference
    __Vectors_Size                           0x00000188   Number         0  startup_stm32f407xx.o ABSOLUTE
    __Vectors                                0x08000000   Data           4  startup_stm32f407xx.o(RESET)
    __Vectors_End                            0x08000188   Data           0  startup_stm32f407xx.o(RESET)
    __main                                   0x08000189   Thumb Code     8  __main.o(!!!main)
    __scatterload                            0x08000191   Thumb Code     0  __scatter.o(!!!scatter)
    __scatterload_rt2                        0x08000191   Thumb Code    44  __scatter.o(!!!scatter)
    __scatterload_rt2_thumb_only             0x08000191   Thumb Code     0  __scatter.o(!!!scatter)
    __scatterload_null                       0x0800019f   Thumb Code     0  __scatter.o(!!!scatter)
    __scatterload_copy                       0x080001c5   Thumb Code    26  __scatter_copy.o(!!handler_copy)
    __scatterload_zeroinit                   0x080001e1   Thumb Code    28  __scatter_zi.o(!!handler_zi)
    _printf_f                                0x080001fd   Thumb Code     0  _printf_f.o(.ARM.Collect$$_printf_percent$$00000003)
    _printf_percent                          0x080001fd   Thumb Code     0  _printf_percent.o(.ARM.Collect$$_printf_percent$$00000000)
    _printf_d                                0x08000203   Thumb Code     0  _printf_d.o(.ARM.Collect$$_printf_percent$$00000009)
    _printf_s                                0x08000209   Thumb Code     0  _printf_s.o(.ARM.Collect$$_printf_percent$$00000014)
    _printf_percent_end                      0x0800020f   Thumb Code     0  _printf_percent_end.o(.ARM.Collect$$_printf_percent$$00000017)
    __rt_lib_init                            0x08000213   Thumb Code     0  libinit.o(.ARM.Collect$$libinit$$00000000)
    __rt_lib_init_fp_1                       0x08000215   Thumb Code     0  libinit2.o(.ARM.Collect$$libinit$$00000002)
    __rt_lib_init_heap_1                     0x08000215   Thumb Code     0  libinit2.o(.ARM.Collect$$libinit$$0000000A)
    __rt_lib_init_lc_common                  0x08000215   Thumb Code     0  libinit2.o(.ARM.Collect$$libinit$$0000000F)
    __rt_lib_init_preinit_1                  0x08000215   Thumb Code     0  libinit2.o(.ARM.Collect$$libinit$$00000004)
    __rt_lib_init_rand_1                     0x08000215   Thumb Code     0  libinit2.o(.ARM.Collect$$libinit$$0000000E)
    __rt_lib_init_user_alloc_1               0x08000215   Thumb Code     0  libinit2.o(.ARM.Collect$$libinit$$0000000C)
    __rt_lib_init_lc_collate_1               0x0800021b   Thumb Code     0  libinit2.o(.ARM.Collect$$libinit$$00000011)
    __rt_lib_init_lc_ctype_1                 0x0800021b   Thumb Code     0  libinit2.o(.ARM.Collect$$libinit$$00000013)
    __rt_lib_init_lc_monetary_1              0x0800021b   Thumb Code     0  libinit2.o(.ARM.Collect$$libinit$$00000015)
    __rt_lib_init_lc_numeric_2               0x0800021b   Thumb Code     0  libinit2.o(.ARM.Collect$$libinit$$00000016)
    __rt_lib_init_alloca_1                   0x08000225   Thumb Code     0  libinit2.o(.ARM.Collect$$libinit$$0000002E)
    __rt_lib_init_argv_1                     0x08000225   Thumb Code     0  libinit2.o(.ARM.Collect$$libinit$$0000002C)
    __rt_lib_init_atexit_1                   0x08000225   Thumb Code     0  libinit2.o(.ARM.Collect$$libinit$$0000001B)
    __rt_lib_init_clock_1                    0x08000225   Thumb Code     0  libinit2.o(.ARM.Collect$$libinit$$00000021)
    __rt_lib_init_cpp_1                      0x08000225   Thumb Code     0  libinit2.o(.ARM.Collect$$libinit$$00000032)
    __rt_lib_init_exceptions_1               0x08000225   Thumb Code     0  libinit2.o(.ARM.Collect$$libinit$$00000030)
    __rt_lib_init_fp_trap_1                  0x08000225   Thumb Code     0  libinit2.o(.ARM.Collect$$libinit$$0000001F)
    __rt_lib_init_getenv_1                   0x08000225   Thumb Code     0  libinit2.o(.ARM.Collect$$libinit$$00000023)
    __rt_lib_init_lc_numeric_1               0x08000225   Thumb Code     0  libinit2.o(.ARM.Collect$$libinit$$00000017)
    __rt_lib_init_lc_time_1                  0x08000225   Thumb Code     0  libinit2.o(.ARM.Collect$$libinit$$00000019)
    __rt_lib_init_return                     0x08000225   Thumb Code     0  libinit2.o(.ARM.Collect$$libinit$$00000033)
    __rt_lib_init_signal_1                   0x08000225   Thumb Code     0  libinit2.o(.ARM.Collect$$libinit$$0000001D)
    __rt_lib_init_stdio_1                    0x08000225   Thumb Code     0  libinit2.o(.ARM.Collect$$libinit$$00000025)
    __rt_lib_shutdown                        0x08000227   Thumb Code     0  libshutdown.o(.ARM.Collect$$libshutdown$$00000000)
    __rt_lib_shutdown_fp_trap_1              0x08000229   Thumb Code     0  libshutdown2.o(.ARM.Collect$$libshutdown$$00000006)
    __rt_lib_shutdown_heap_1                 0x08000229   Thumb Code     0  libshutdown2.o(.ARM.Collect$$libshutdown$$0000000E)
    __rt_lib_shutdown_return                 0x08000229   Thumb Code     0  libshutdown2.o(.ARM.Collect$$libshutdown$$0000000F)
    __rt_lib_shutdown_signal_1               0x08000229   Thumb Code     0  libshutdown2.o(.ARM.Collect$$libshutdown$$00000009)
    __rt_lib_shutdown_stdio_1                0x08000229   Thumb Code     0  libshutdown2.o(.ARM.Collect$$libshutdown$$00000003)
    __rt_lib_shutdown_user_alloc_1           0x08000229   Thumb Code     0  libshutdown2.o(.ARM.Collect$$libshutdown$$0000000B)
    __rt_entry                               0x0800022b   Thumb Code     0  __rtentry.o(.ARM.Collect$$rtentry$$00000000)
    __rt_entry_presh_1                       0x0800022b   Thumb Code     0  __rtentry2.o(.ARM.Collect$$rtentry$$00000002)
    __rt_entry_sh                            0x0800022b   Thumb Code     0  __rtentry4.o(.ARM.Collect$$rtentry$$00000004)
    __rt_entry_li                            0x08000231   Thumb Code     0  __rtentry2.o(.ARM.Collect$$rtentry$$0000000A)
    __rt_entry_postsh_1                      0x08000231   Thumb Code     0  __rtentry2.o(.ARM.Collect$$rtentry$$00000009)
    __rt_entry_main                          0x08000235   Thumb Code     0  __rtentry2.o(.ARM.Collect$$rtentry$$0000000D)
    __rt_entry_postli_1                      0x08000235   Thumb Code     0  __rtentry2.o(.ARM.Collect$$rtentry$$0000000C)
    __rt_exit                                0x0800023d   Thumb Code     0  rtexit.o(.ARM.Collect$$rtexit$$00000000)
    __rt_exit_ls                             0x0800023f   Thumb Code     0  rtexit2.o(.ARM.Collect$$rtexit$$00000003)
    __rt_exit_prels_1                        0x0800023f   Thumb Code     0  rtexit2.o(.ARM.Collect$$rtexit$$00000002)
    __rt_exit_exit                           0x08000243   Thumb Code     0  rtexit2.o(.ARM.Collect$$rtexit$$00000004)
    Reset_Handler                            0x08000249   Thumb Code     8  startup_stm32f407xx.o(.text)
    ADC_IRQHandler                           0x08000263   Thumb Code     0  startup_stm32f407xx.o(.text)
    CAN1_RX0_IRQHandler                      0x08000263   Thumb Code     0  startup_stm32f407xx.o(.text)
    CAN1_RX1_IRQHandler                      0x08000263   Thumb Code     0  startup_stm32f407xx.o(.text)
    CAN1_SCE_IRQHandler                      0x08000263   Thumb Code     0  startup_stm32f407xx.o(.text)
    CAN1_TX_IRQHandler                       0x08000263   Thumb Code     0  startup_stm32f407xx.o(.text)
    CAN2_RX0_IRQHandler                      0x08000263   Thumb Code     0  startup_stm32f407xx.o(.text)
    CAN2_RX1_IRQHandler                      0x08000263   Thumb Code     0  startup_stm32f407xx.o(.text)
    CAN2_SCE_IRQHandler                      0x08000263   Thumb Code     0  startup_stm32f407xx.o(.text)
    CAN2_TX_IRQHandler                       0x08000263   Thumb Code     0  startup_stm32f407xx.o(.text)
    DCMI_IRQHandler                          0x08000263   Thumb Code     0  startup_stm32f407xx.o(.text)
    DMA1_Stream0_IRQHandler                  0x08000263   Thumb Code     0  startup_stm32f407xx.o(.text)
    DMA1_Stream1_IRQHandler                  0x08000263   Thumb Code     0  startup_stm32f407xx.o(.text)
    DMA1_Stream2_IRQHandler                  0x08000263   Thumb Code     0  startup_stm32f407xx.o(.text)
    DMA1_Stream3_IRQHandler                  0x08000263   Thumb Code     0  startup_stm32f407xx.o(.text)
    DMA1_Stream4_IRQHandler                  0x08000263   Thumb Code     0  startup_stm32f407xx.o(.text)
    DMA1_Stream5_IRQHandler                  0x08000263   Thumb Code     0  startup_stm32f407xx.o(.text)
    DMA1_Stream6_IRQHandler                  0x08000263   Thumb Code     0  startup_stm32f407xx.o(.text)
    DMA1_Stream7_IRQHandler                  0x08000263   Thumb Code     0  startup_stm32f407xx.o(.text)
    DMA2_Stream0_IRQHandler                  0x08000263   Thumb Code     0  startup_stm32f407xx.o(.text)
    DMA2_Stream1_IRQHandler                  0x08000263   Thumb Code     0  startup_stm32f407xx.o(.text)
    DMA2_Stream2_IRQHandler                  0x08000263   Thumb Code     0  startup_stm32f407xx.o(.text)
    DMA2_Stream3_IRQHandler                  0x08000263   Thumb Code     0  startup_stm32f407xx.o(.text)
    DMA2_Stream4_IRQHandler                  0x08000263   Thumb Code     0  startup_stm32f407xx.o(.text)
    DMA2_Stream5_IRQHandler                  0x08000263   Thumb Code     0  startup_stm32f407xx.o(.text)
    DMA2_Stream6_IRQHandler                  0x08000263   Thumb Code     0  startup_stm32f407xx.o(.text)
    DMA2_Stream7_IRQHandler                  0x08000263   Thumb Code     0  startup_stm32f407xx.o(.text)
    ETH_IRQHandler                           0x08000263   Thumb Code     0  startup_stm32f407xx.o(.text)
    ETH_WKUP_IRQHandler                      0x08000263   Thumb Code     0  startup_stm32f407xx.o(.text)
    EXTI15_10_IRQHandler                     0x08000263   Thumb Code     0  startup_stm32f407xx.o(.text)
    EXTI1_IRQHandler                         0x08000263   Thumb Code     0  startup_stm32f407xx.o(.text)
    EXTI2_IRQHandler                         0x08000263   Thumb Code     0  startup_stm32f407xx.o(.text)
    EXTI3_IRQHandler                         0x08000263   Thumb Code     0  startup_stm32f407xx.o(.text)
    EXTI4_IRQHandler                         0x08000263   Thumb Code     0  startup_stm32f407xx.o(.text)
    EXTI9_5_IRQHandler                       0x08000263   Thumb Code     0  startup_stm32f407xx.o(.text)
    FLASH_IRQHandler                         0x08000263   Thumb Code     0  startup_stm32f407xx.o(.text)
    FMC_IRQHandler                           0x08000263   Thumb Code     0  startup_stm32f407xx.o(.text)
    FPU_IRQHandler                           0x08000263   Thumb Code     0  startup_stm32f407xx.o(.text)
    HASH_RNG_IRQHandler                      0x08000263   Thumb Code     0  startup_stm32f407xx.o(.text)
    I2C1_ER_IRQHandler                       0x08000263   Thumb Code     0  startup_stm32f407xx.o(.text)
    I2C1_EV_IRQHandler                       0x08000263   Thumb Code     0  startup_stm32f407xx.o(.text)
    I2C2_ER_IRQHandler                       0x08000263   Thumb Code     0  startup_stm32f407xx.o(.text)
    I2C2_EV_IRQHandler                       0x08000263   Thumb Code     0  startup_stm32f407xx.o(.text)
    I2C3_ER_IRQHandler                       0x08000263   Thumb Code     0  startup_stm32f407xx.o(.text)
    I2C3_EV_IRQHandler                       0x08000263   Thumb Code     0  startup_stm32f407xx.o(.text)
    OTG_FS_IRQHandler                        0x08000263   Thumb Code     0  startup_stm32f407xx.o(.text)
    OTG_FS_WKUP_IRQHandler                   0x08000263   Thumb Code     0  startup_stm32f407xx.o(.text)
    OTG_HS_EP1_IN_IRQHandler                 0x08000263   Thumb Code     0  startup_stm32f407xx.o(.text)
    OTG_HS_EP1_OUT_IRQHandler                0x08000263   Thumb Code     0  startup_stm32f407xx.o(.text)
    OTG_HS_IRQHandler                        0x08000263   Thumb Code     0  startup_stm32f407xx.o(.text)
    OTG_HS_WKUP_IRQHandler                   0x08000263   Thumb Code     0  startup_stm32f407xx.o(.text)
    PVD_IRQHandler                           0x08000263   Thumb Code     0  startup_stm32f407xx.o(.text)
    RCC_IRQHandler                           0x08000263   Thumb Code     0  startup_stm32f407xx.o(.text)
    RTC_Alarm_IRQHandler                     0x08000263   Thumb Code     0  startup_stm32f407xx.o(.text)
    RTC_WKUP_IRQHandler                      0x08000263   Thumb Code     0  startup_stm32f407xx.o(.text)
    SDIO_IRQHandler                          0x08000263   Thumb Code     0  startup_stm32f407xx.o(.text)
    SPI1_IRQHandler                          0x08000263   Thumb Code     0  startup_stm32f407xx.o(.text)
    SPI2_IRQHandler                          0x08000263   Thumb Code     0  startup_stm32f407xx.o(.text)
    SPI3_IRQHandler                          0x08000263   Thumb Code     0  startup_stm32f407xx.o(.text)
    TAMP_STAMP_IRQHandler                    0x08000263   Thumb Code     0  startup_stm32f407xx.o(.text)
    TIM1_BRK_TIM9_IRQHandler                 0x08000263   Thumb Code     0  startup_stm32f407xx.o(.text)
    TIM1_CC_IRQHandler                       0x08000263   Thumb Code     0  startup_stm32f407xx.o(.text)
    TIM1_TRG_COM_TIM11_IRQHandler            0x08000263   Thumb Code     0  startup_stm32f407xx.o(.text)
    TIM2_IRQHandler                          0x08000263   Thumb Code     0  startup_stm32f407xx.o(.text)
    TIM6_DAC_IRQHandler                      0x08000263   Thumb Code     0  startup_stm32f407xx.o(.text)
    TIM7_IRQHandler                          0x08000263   Thumb Code     0  startup_stm32f407xx.o(.text)
    TIM8_BRK_TIM12_IRQHandler                0x08000263   Thumb Code     0  startup_stm32f407xx.o(.text)
    TIM8_CC_IRQHandler                       0x08000263   Thumb Code     0  startup_stm32f407xx.o(.text)
    TIM8_TRG_COM_TIM14_IRQHandler            0x08000263   Thumb Code     0  startup_stm32f407xx.o(.text)
    TIM8_UP_TIM13_IRQHandler                 0x08000263   Thumb Code     0  startup_stm32f407xx.o(.text)
    UART5_IRQHandler                         0x08000263   Thumb Code     0  startup_stm32f407xx.o(.text)
    USART2_IRQHandler                        0x08000263   Thumb Code     0  startup_stm32f407xx.o(.text)
    USART3_IRQHandler                        0x08000263   Thumb Code     0  startup_stm32f407xx.o(.text)
    USART6_IRQHandler                        0x08000263   Thumb Code     0  startup_stm32f407xx.o(.text)
    WWDG_IRQHandler                          0x08000263   Thumb Code     0  startup_stm32f407xx.o(.text)
    __user_initial_stackheap                 0x08000265   Thumb Code     0  startup_stm32f407xx.o(.text)
    __use_no_semihosting                     0x08000289   Thumb Code     2  use_no_semi_2.o(.text)
    __aeabi_uldivmod                         0x0800028b   Thumb Code     0  lludivv7m.o(.text)
    _ll_udiv                                 0x0800028b   Thumb Code   238  lludivv7m.o(.text)
    __2printf                                0x08000379   Thumb Code    20  noretval__2printf.o(.text)
    __printf                                 0x08000391   Thumb Code   104  __printf.o(.text)
    _printf_str                              0x080003f9   Thumb Code    82  _printf_str.o(.text)
    _printf_int_dec                          0x0800044d   Thumb Code   104  _printf_dec.o(.text)
    __aeabi_memclr4                          0x080004c5   Thumb Code     0  rt_memclr_w.o(.text)
    __aeabi_memclr8                          0x080004c5   Thumb Code     0  rt_memclr_w.o(.text)
    __rt_memclr_w                            0x080004c5   Thumb Code    78  rt_memclr_w.o(.text)
    _memset_w                                0x080004c9   Thumb Code     0  rt_memclr_w.o(.text)
    __use_two_region_memory                  0x08000513   Thumb Code     2  heapauxi.o(.text)
    __rt_heap_escrow$2region                 0x08000515   Thumb Code     2  heapauxi.o(.text)
    __rt_heap_expand$2region                 0x08000517   Thumb Code     2  heapauxi.o(.text)
    __I$use$semihosting                      0x08000519   Thumb Code     0  use_no_semi.o(.text)
    __use_no_semihosting_swi                 0x08000519   Thumb Code     2  use_no_semi.o(.text)
    _printf_int_common                       0x0800051b   Thumb Code   178  _printf_intcommon.o(.text)
    __lib_sel_fp_printf                      0x080005cd   Thumb Code     2  _printf_fp_dec.o(.text)
    _printf_fp_dec_real                      0x0800077b   Thumb Code   620  _printf_fp_dec.o(.text)
    _printf_cs_common                        0x080009e7   Thumb Code    20  _printf_char.o(.text)
    _printf_char                             0x080009fb   Thumb Code    16  _printf_char.o(.text)
    _printf_string                           0x08000a0b   Thumb Code     8  _printf_char.o(.text)
    _printf_char_file                        0x08000a15   Thumb Code    32  _printf_char_file.o(.text)
    __rt_locale                              0x08000a39   Thumb Code     8  rt_locale_intlibspace.o(.text)
    _ll_udiv10                               0x08000a41   Thumb Code   138  lludiv10.o(.text)
    _printf_char_common                      0x08000ad7   Thumb Code    32  _printf_char_common.o(.text)
    _printf_fp_infnan                        0x08000afd   Thumb Code   112  _printf_fp_infnan.o(.text)
    _btod_etento                             0x08000b7d   Thumb Code   216  bigflt0.o(.text)
    ferror                                   0x08000c59   Thumb Code     8  ferror.o(.text)
    __user_libspace                          0x08000c61   Thumb Code     8  libspace.o(.text)
    __user_perproc_libspace                  0x08000c61   Thumb Code     0  libspace.o(.text)
    __user_perthread_libspace                0x08000c61   Thumb Code     0  libspace.o(.text)
    __user_setup_stackheap                   0x08000c69   Thumb Code    74  sys_stackheap_outer.o(.text)
    exit                                     0x08000cb3   Thumb Code    12  exit.o(.text)
    strcmp                                   0x08000cc1   Thumb Code   128  strcmpv7m.o(.text)
    _btod_d2e                                0x08000d41   Thumb Code    62  btod.o(CL$$btod_d2e)
    _d2e_denorm_low                          0x08000d7f   Thumb Code    70  btod.o(CL$$btod_d2e_denorm_low)
    _d2e_norm_op1                            0x08000dc5   Thumb Code    96  btod.o(CL$$btod_d2e_norm_op1)
    __btod_div_common                        0x08000e25   Thumb Code   696  btod.o(CL$$btod_div_common)
    _e2e                                     0x0800115d   Thumb Code   198  btod.o(CL$$btod_e2e)
    _btod_ediv                               0x08001223   Thumb Code    40  btod.o(CL$$btod_ediv)
    _btod_emul                               0x0800124b   Thumb Code    40  btod.o(CL$$btod_emul)
    __btod_mult_common                       0x08001273   Thumb Code   580  btod.o(CL$$btod_mult_common)
    BusFault_Handler                         0x080014b7   Thumb Code     2  stm32f4xx_it.o(i.BusFault_Handler)
    DebugMon_Handler                         0x080014b9   Thumb Code     2  stm32f4xx_it.o(i.DebugMon_Handler)
    EXTI0_IRQHandler                         0x080014bb   Thumb Code     6  exti.o(i.EXTI0_IRQHandler)
    FLASH_Erase_Sector                       0x080014c1   Thumb Code    74  stm32f4xx_hal_flash_ex.o(i.FLASH_Erase_Sector)
    FLASH_FlushCaches                        0x08001511   Thumb Code    80  stm32f4xx_hal_flash_ex.o(i.FLASH_FlushCaches)
    FLASH_WaitForLastOperation               0x08001689   Thumb Code    72  stm32f4xx_hal_flash.o(i.FLASH_WaitForLastOperation)
    HAL_DMA_Abort                            0x080016d9   Thumb Code   146  stm32f4xx_hal_dma.o(i.HAL_DMA_Abort)
    HAL_DMA_Abort_IT                         0x0800176b   Thumb Code    36  stm32f4xx_hal_dma.o(i.HAL_DMA_Abort_IT)
    HAL_FLASHEx_Erase                        0x08001791   Thumb Code   144  stm32f4xx_hal_flash_ex.o(i.HAL_FLASHEx_Erase)
    HAL_FLASH_Lock                           0x08001829   Thumb Code    14  stm32f4xx_hal_flash.o(i.HAL_FLASH_Lock)
    HAL_FLASH_Program                        0x0800183d   Thumb Code   116  stm32f4xx_hal_flash.o(i.HAL_FLASH_Program)
    HAL_FLASH_Unlock                         0x080018b9   Thumb Code    32  stm32f4xx_hal_flash.o(i.HAL_FLASH_Unlock)
    HAL_GPIO_EXTI_Callback                   0x080018e5   Thumb Code    32  exti.o(i.HAL_GPIO_EXTI_Callback)
    HAL_GPIO_EXTI_IRQHandler                 0x08001925   Thumb Code    18  stm32f4xx_hal_gpio.o(i.HAL_GPIO_EXTI_IRQHandler)
    HAL_GPIO_Init                            0x0800193d   Thumb Code   450  stm32f4xx_hal_gpio.o(i.HAL_GPIO_Init)
    HAL_GPIO_ReadPin                         0x08001b2d   Thumb Code    10  stm32f4xx_hal_gpio.o(i.HAL_GPIO_ReadPin)
    HAL_GPIO_WritePin                        0x08001b37   Thumb Code    10  stm32f4xx_hal_gpio.o(i.HAL_GPIO_WritePin)
    HAL_GetTick                              0x08001b41   Thumb Code     6  stm32f4xx_hal.o(i.HAL_GetTick)
    HAL_IncTick                              0x08001b4d   Thumb Code    12  stm32f4xx_hal.o(i.HAL_IncTick)
    HAL_Init                                 0x08001b5d   Thumb Code    48  stm32f4xx_hal.o(i.HAL_Init)
    HAL_InitTick                             0x08001b91   Thumb Code    54  stm32f4xx_hal.o(i.HAL_InitTick)
    HAL_MspInit                              0x08001bd1   Thumb Code    42  stm32f4xx_hal_msp.o(i.HAL_MspInit)
    HAL_NVIC_EnableIRQ                       0x08001c01   Thumb Code    26  stm32f4xx_hal_cortex.o(i.HAL_NVIC_EnableIRQ)
    HAL_NVIC_SetPriority                     0x08001c1d   Thumb Code    60  stm32f4xx_hal_cortex.o(i.HAL_NVIC_SetPriority)
    HAL_NVIC_SetPriorityGrouping             0x08001c5d   Thumb Code    26  stm32f4xx_hal_cortex.o(i.HAL_NVIC_SetPriorityGrouping)
    HAL_NVIC_SystemReset                     0x08001c81   Thumb Code    26  stm32f4xx_hal_cortex.o(i.HAL_NVIC_SystemReset)
    HAL_RCC_ClockConfig                      0x08001ca5   Thumb Code   288  stm32f4xx_hal_rcc.o(i.HAL_RCC_ClockConfig)
    HAL_RCC_GetPCLK1Freq                     0x08001dd9   Thumb Code    20  stm32f4xx_hal_rcc.o(i.HAL_RCC_GetPCLK1Freq)
    HAL_RCC_GetPCLK2Freq                     0x08001df9   Thumb Code    20  stm32f4xx_hal_rcc.o(i.HAL_RCC_GetPCLK2Freq)
    HAL_RCC_GetSysClockFreq                  0x08001e19   Thumb Code    88  stm32f4xx_hal_rcc.o(i.HAL_RCC_GetSysClockFreq)
    HAL_RCC_OscConfig                        0x08001e79   Thumb Code   856  stm32f4xx_hal_rcc.o(i.HAL_RCC_OscConfig)
    HAL_SYSTICK_CLKSourceConfig              0x080021e5   Thumb Code    24  stm32f4xx_hal_cortex.o(i.HAL_SYSTICK_CLKSourceConfig)
    HAL_SYSTICK_Config                       0x080021fd   Thumb Code    40  stm32f4xx_hal_cortex.o(i.HAL_SYSTICK_Config)
    HAL_TIMEx_BreakCallback                  0x08002225   Thumb Code     2  stm32f4xx_hal_tim_ex.o(i.HAL_TIMEx_BreakCallback)
    HAL_TIMEx_CommutCallback                 0x08002227   Thumb Code     2  stm32f4xx_hal_tim_ex.o(i.HAL_TIMEx_CommutCallback)
    HAL_TIMEx_ConfigBreakDeadTime            0x08002229   Thumb Code    84  stm32f4xx_hal_tim_ex.o(i.HAL_TIMEx_ConfigBreakDeadTime)
    HAL_TIMEx_PWMN_Start                     0x0800227d   Thumb Code   164  stm32f4xx_hal_tim_ex.o(i.HAL_TIMEx_PWMN_Start)
    HAL_TIMEx_PWMN_Stop                      0x0800233d   Thumb Code   104  stm32f4xx_hal_tim_ex.o(i.HAL_TIMEx_PWMN_Stop)
    HAL_TIM_Base_Init                        0x080023a5   Thumb Code    90  stm32f4xx_hal_tim.o(i.HAL_TIM_Base_Init)
    HAL_TIM_Base_MspInit                     0x08002401   Thumb Code   132  atim.o(i.HAL_TIM_Base_MspInit)
    HAL_TIM_Base_Start_IT                    0x08002495   Thumb Code   100  stm32f4xx_hal_tim.o(i.HAL_TIM_Base_Start_IT)
    HAL_TIM_Base_Stop_IT                     0x08002515   Thumb Code    48  stm32f4xx_hal_tim.o(i.HAL_TIM_Base_Stop_IT)
    HAL_TIM_Encoder_Init                     0x08002545   Thumb Code   164  stm32f4xx_hal_tim.o(i.HAL_TIM_Encoder_Init)
    HAL_TIM_Encoder_MspInit                  0x080025e9   Thumb Code     2  stm32f4xx_hal_tim.o(i.HAL_TIM_Encoder_MspInit)
    HAL_TIM_Encoder_Start                    0x080025eb   Thumb Code   142  stm32f4xx_hal_tim.o(i.HAL_TIM_Encoder_Start)
    HAL_TIM_IC_CaptureCallback               0x08002679   Thumb Code     2  stm32f4xx_hal_tim.o(i.HAL_TIM_IC_CaptureCallback)
    HAL_TIM_IRQHandler                       0x0800267b   Thumb Code   304  stm32f4xx_hal_tim.o(i.HAL_TIM_IRQHandler)
    HAL_TIM_OC_DelayElapsedCallback          0x080027ab   Thumb Code     2  stm32f4xx_hal_tim.o(i.HAL_TIM_OC_DelayElapsedCallback)
    HAL_TIM_PWM_ConfigChannel                0x080027ad   Thumb Code   204  stm32f4xx_hal_tim.o(i.HAL_TIM_PWM_ConfigChannel)
    HAL_TIM_PWM_Init                         0x08002879   Thumb Code    90  stm32f4xx_hal_tim.o(i.HAL_TIM_PWM_Init)
    HAL_TIM_PWM_MspInit                      0x080028d5   Thumb Code   120  atim.o(i.HAL_TIM_PWM_MspInit)
    HAL_TIM_PWM_PulseFinishedCallback        0x08002959   Thumb Code     2  stm32f4xx_hal_tim.o(i.HAL_TIM_PWM_PulseFinishedCallback)
    HAL_TIM_PWM_Start                        0x0800295d   Thumb Code   172  stm32f4xx_hal_tim.o(i.HAL_TIM_PWM_Start)
    HAL_TIM_PWM_Stop                         0x08002a25   Thumb Code   114  stm32f4xx_hal_tim.o(i.HAL_TIM_PWM_Stop)
    HAL_TIM_PeriodElapsedCallback            0x08002aa1   Thumb Code   332  atim.o(i.HAL_TIM_PeriodElapsedCallback)
    HAL_TIM_TriggerCallback                  0x08002c59   Thumb Code     2  stm32f4xx_hal_tim.o(i.HAL_TIM_TriggerCallback)
    HAL_UARTEx_RxEventCallback               0x08002c5b   Thumb Code     2  stm32f4xx_hal_uart.o(i.HAL_UARTEx_RxEventCallback)
    HAL_UART_ErrorCallback                   0x08002c5d   Thumb Code     2  stm32f4xx_hal_uart.o(i.HAL_UART_ErrorCallback)
    HAL_UART_IRQHandler                      0x08002c61   Thumb Code   636  stm32f4xx_hal_uart.o(i.HAL_UART_IRQHandler)
    HAL_UART_Init                            0x08002ee1   Thumb Code   100  stm32f4xx_hal_uart.o(i.HAL_UART_Init)
    HAL_UART_MspInit                         0x08002f45   Thumb Code   124  usart2.o(i.HAL_UART_MspInit)
    HAL_UART_Receive_IT                      0x08002fcd   Thumb Code    28  stm32f4xx_hal_uart.o(i.HAL_UART_Receive_IT)
    HAL_UART_RxCpltCallback                  0x08002fe9   Thumb Code     2  stm32f4xx_hal_uart.o(i.HAL_UART_RxCpltCallback)
    HAL_UART_Transmit                        0x08002feb   Thumb Code   160  stm32f4xx_hal_uart.o(i.HAL_UART_Transmit)
    HAL_UART_TxCpltCallback                  0x0800308b   Thumb Code     2  stm32f4xx_hal_uart.o(i.HAL_UART_TxCpltCallback)
    HardFault_Handler                        0x0800308d   Thumb Code     2  stm32f4xx_it.o(i.HardFault_Handler)
    MemManage_Handler                        0x0800328d   Thumb Code     2  stm32f4xx_it.o(i.MemManage_Handler)
    NMI_Handler                              0x0800328f   Thumb Code     2  stm32f4xx_it.o(i.NMI_Handler)
    PendSV_Handler                           0x08003291   Thumb Code     2  stm32f4xx_it.o(i.PendSV_Handler)
    SVC_Handler                              0x08003293   Thumb Code     2  stm32f4xx_it.o(i.SVC_Handler)
    Stm32_Clock_Init                         0x08003295   Thumb Code   138  sys.o(i.Stm32_Clock_Init)
    SysTick_Handler                          0x08003329   Thumb Code     4  stm32f4xx_it.o(i.SysTick_Handler)
    SystemInit                               0x0800332d   Thumb Code     2  system_stm32f4xx.o(i.SystemInit)
    TIM1_UP_TIM10_IRQHandler                 0x08003331   Thumb Code    18  atim.o(i.TIM1_UP_TIM10_IRQHandler)
    TIM3_IRQHandler                          0x08003349   Thumb Code     6  atim.o(i.TIM3_IRQHandler)
    TIM4_IRQHandler                          0x08003355   Thumb Code     6  atim.o(i.TIM4_IRQHandler)
    TIM4_Init                                0x08003361   Thumb Code    22  atim.o(i.TIM4_Init)
    TIM5_IRQHandler                          0x08003381   Thumb Code     6  atim.o(i.TIM5_IRQHandler)
    TIM5_Init                                0x0800338d   Thumb Code    22  atim.o(i.TIM5_Init)
    TIM_Base_SetConfig                       0x080033ad   Thumb Code   164  stm32f4xx_hal_tim.o(i.TIM_Base_SetConfig)
    TIM_CCxChannelCmd                        0x0800347d   Thumb Code    26  stm32f4xx_hal_tim.o(i.TIM_CCxChannelCmd)
    TIM_OC2_SetConfig                        0x08003511   Thumb Code    98  stm32f4xx_hal_tim.o(i.TIM_OC2_SetConfig)
    UART4_IRQHandler                         0x08003635   Thumb Code   100  usart2.o(i.UART4_IRQHandler)
    UART_Start_Receive_IT                    0x080038d1   Thumb Code    54  stm32f4xx_hal_uart.o(i.UART_Start_Receive_IT)
    USART1_IRQHandler                        0x08003979   Thumb Code    84  usart.o(i.USART1_IRQHandler)
    UsageFault_Handler                       0x080039d9   Thumb Code     2  stm32f4xx_it.o(i.UsageFault_Handler)
    __ARM_fpclassify                         0x080039db   Thumb Code    40  fpclassify.o(i.__ARM_fpclassify)
    _sys_exit                                0x08003a23   Thumb Code     2  usart.o(i._sys_exit)
    alarm_pulse                              0x08003a25   Thumb Code    34  app_util.o(i.alarm_pulse)
    atim_timx_pwm_chy_init                   0x08003a4d   Thumb Code   120  atim.o(i.atim_timx_pwm_chy_init)
    btim_timx_int_init                       0x08003acd   Thumb Code    40  atim.o(i.btim_timx_int_init)
    check_24v_loss                           0x08003afd   Thumb Code    34  app_util.o(i.check_24v_loss)
    check_motion_timeout                     0x08003b39   Thumb Code    48  app_util.o(i.check_motion_timeout)
    check_station_valid                      0x08003b7d   Thumb Code    78  app_util.o(i.check_station_valid)
    cmd_alarm                                0x08003bcd   Thumb Code    10  cmd_handler.o(i.cmd_alarm)
    cmd_dispatch                             0x08003bf1   Thumb Code   514  cmd_handler.o(i.cmd_dispatch)
    cmd_ele_test                             0x08003df9   Thumb Code    22  cmd_handler.o(i.cmd_ele_test)
    cmd_gnn_test                             0x08003e29   Thumb Code   254  cmd_handler.o(i.cmd_gnn_test)
    cmd_goo_test                             0x08003f95   Thumb Code   180  cmd_handler.o(i.cmd_goo_test)
    cmd_goto_station                         0x0800405d   Thumb Code    46  cmd_handler.o(i.cmd_goto_station)
    cmd_hal_test                             0x08004099   Thumb Code    74  cmd_handler.o(i.cmd_hal_test)
    cmd_photo_test                           0x08004125   Thumb Code    16  cmd_handler.o(i.cmd_photo_test)
    cmd_red                                  0x08004145   Thumb Code    18  cmd_handler.o(i.cmd_red)
    cmd_res                                  0x08004169   Thumb Code    20  cmd_handler.o(i.cmd_res)
    cmd_ring                                 0x08004181   Thumb Code    18  cmd_handler.o(i.cmd_ring)
    cmd_rtb                                  0x080041b1   Thumb Code     8  cmd_handler.o(i.cmd_rtb)
    cmd_rtf                                  0x080041b9   Thumb Code    18  cmd_handler.o(i.cmd_rtf)
    cmd_rts                                  0x080041cd   Thumb Code    28  cmd_handler.o(i.cmd_rts)
    cmd_set_duty                             0x080041f5   Thumb Code    26  cmd_handler.o(i.cmd_set_duty)
    cmd_set_force                            0x08004231   Thumb Code    26  cmd_handler.o(i.cmd_set_force)
    cmd_set_loop1                            0x08004275   Thumb Code    22  cmd_handler.o(i.cmd_set_loop1)
    cmd_set_loop2                            0x0800429d   Thumb Code    22  cmd_handler.o(i.cmd_set_loop2)
    cmd_set_photo_pos                        0x080042c5   Thumb Code    22  cmd_handler.o(i.cmd_set_photo_pos)
    cmd_set_pluse_ele                        0x080042f5   Thumb Code    26  cmd_handler.o(i.cmd_set_pluse_ele)
    cmd_set_pulse_low                        0x08004339   Thumb Code    26  cmd_handler.o(i.cmd_set_pulse_low)
    cmd_set_speed                            0x0800437d   Thumb Code    26  cmd_handler.o(i.cmd_set_speed)
    cmd_tim3                                 0x080043c1   Thumb Code    36  cmd_handler.o(i.cmd_tim3)
    dcmotor_dir                              0x080043fd   Thumb Code    52  step_motor.o(i.dcmotor_dir)
    dcmotor_start                            0x08004435   Thumb Code    10  step_motor.o(i.dcmotor_start)
    dcmotor_stop                             0x08004445   Thumb Code    32  step_motor.o(i.dcmotor_stop)
    delay_init                               0x0800446d   Thumb Code    18  delay.o(i.delay_init)
    delay_ms                                 0x08004485   Thumb Code    26  delay.o(i.delay_ms)
    delay_us                                 0x080044a1   Thumb Code    48  delay.o(i.delay_us)
    dir_jud                                  0x080044d5   Thumb Code    46  step_motor.o(i.dir_jud)
    done_pulse                               0x08004509   Thumb Code    34  app_util.o(i.done_pulse)
    ele_is_triggered                         0x08004531   Thumb Code    38  app_util.o(i.ele_is_triggered)
    fputc                                    0x0800455d   Thumb Code    14  usart.o(i.fputc)
    gtim_get_encode                          0x080045c5   Thumb Code    56  atim.o(i.gtim_get_encode)
    gtim_timx_encoder_chy_init               0x08004605   Thumb Code   182  atim.o(i.gtim_timx_encoder_chy_init)
    handle_station_verify                    0x080046cd   Thumb Code    46  app_util.o(i.handle_station_verify)
    increment_pid_speed                      0x08004721   Thumb Code   118  pid.o(i.increment_pid_speed)
    main                                     0x080047b9   Thumb Code   500  main.o(i.main)
    motor_init                               0x08004a11   Thumb Code   282  step_motor.o(i.motor_init)
    motor_pwm_set                            0x08004b95   Thumb Code    34  step_motor.o(i.motor_pwm_set)
    motor_safe_stop                          0x08004bbd   Thumb Code    36  app_util.o(i.motor_safe_stop)
    motor_start_motion                       0x08004bf1   Thumb Code    34  app_util.o(i.motor_start_motion)
    motor_stop_normal                        0x08004c25   Thumb Code    42  app_util.o(i.motor_stop_normal)
    param_load_all                           0x08004c65   Thumb Code   192  flash_param.o(i.param_load_all)
    param_save_all                           0x08004e8d   Thumb Code   146  flash_param.o(i.param_save_all)
    parse_uart_number                        0x08004f69   Thumb Code    44  app_util.o(i.parse_uart_number)
    pid_init                                 0x08004f95   Thumb Code    76  pid.o(i.pid_init)
    position_pid_speed                       0x08005029   Thumb Code   112  pid.o(i.position_pid_speed)
    read_hal                                 0x080050c1   Thumb Code   164  step_motor.o(i.read_hal)
    speed_computer                           0x0800520d   Thumb Code   204  step_motor.o(i.speed_computer)
    step_motor_LX                            0x080052f1   Thumb Code    70  step_motor.o(i.step_motor_LX)
    step_motor_init                          0x08005355   Thumb Code   440  step_motor.o(i.step_motor_init)
    step_motor_motion                        0x0800551d   Thumb Code  1698  step_motor.o(i.step_motor_motion)
    tpingg                                   0x08005c21   Thumb Code    24  usart.o(i.tpingg)
    trigger_photo                            0x08005c39   Thumb Code    70  app_util.o(i.trigger_photo)
    uart4_init                               0x08005c8d   Thumb Code    44  usart2.o(i.uart4_init)
    uart_init                                0x08005cc5   Thumb Code   224  usart.o(i.uart_init)
    wait_motion_done                         0x08005dbd   Thumb Code    20  app_util.o(i.wait_motion_done)
    _get_lc_numeric                          0x08005dd9   Thumb Code    44  lc_numeric_c.o(locale$$code)
    __aeabi_dadd                             0x08005e05   Thumb Code     0  daddsub_clz.o(x$fpl$dadd)
    _dadd                                    0x08005e05   Thumb Code   332  daddsub_clz.o(x$fpl$dadd)
    __aeabi_d2uiz                            0x08005f55   Thumb Code     0  dfixu.o(x$fpl$dfixu)
    _dfixu                                   0x08005f55   Thumb Code    90  dfixu.o(x$fpl$dfixu)
    __aeabi_ui2d                             0x08005faf   Thumb Code     0  dflt_clz.o(x$fpl$dfltu)
    _dfltu                                   0x08005faf   Thumb Code    38  dflt_clz.o(x$fpl$dfltu)
    __fpl_dnaninf                            0x08005fd5   Thumb Code   156  dnaninf.o(x$fpl$dnaninf)
    __fpl_dretinf                            0x08006071   Thumb Code    12  dretinf.o(x$fpl$dretinf)
    __aeabi_dsub                             0x0800607d   Thumb Code     0  daddsub_clz.o(x$fpl$dsub)
    _dsub                                    0x0800607d   Thumb Code   464  daddsub_clz.o(x$fpl$dsub)
    __aeabi_f2d                              0x08006251   Thumb Code     0  f2d.o(x$fpl$f2d)
    _f2d                                     0x08006251   Thumb Code    86  f2d.o(x$fpl$f2d)
    __aeabi_fadd                             0x080062a9   Thumb Code     0  faddsub_clz.o(x$fpl$fadd)
    _fadd                                    0x080062a9   Thumb Code   196  faddsub_clz.o(x$fpl$fadd)
    __fpl_fcheck_NaN1                        0x0800636d   Thumb Code     6  fcheck1.o(x$fpl$fcheck1)
    __fpl_fcmp_Inf                           0x08006379   Thumb Code    24  fcmpi.o(x$fpl$fcmpinf)
    __aeabi_fdiv                             0x08006391   Thumb Code     0  fdiv.o(x$fpl$fdiv)
    _fdiv                                    0x08006391   Thumb Code   384  fdiv.o(x$fpl$fdiv)
    __aeabi_f2iz                             0x08006515   Thumb Code     0  ffix.o(x$fpl$ffix)
    _ffix                                    0x08006515   Thumb Code    54  ffix.o(x$fpl$ffix)
    __aeabi_i2f                              0x0800654d   Thumb Code     0  fflt_clz.o(x$fpl$fflt)
    _fflt                                    0x0800654d   Thumb Code    48  fflt_clz.o(x$fpl$fflt)
    __aeabi_cfcmple                          0x0800657d   Thumb Code     0  fleqf.o(x$fpl$fleqf)
    _fcmple                                  0x0800657d   Thumb Code   104  fleqf.o(x$fpl$fleqf)
    __fpl_fcmple_InfNaN                      0x080065cf   Thumb Code     0  fleqf.o(x$fpl$fleqf)
    __aeabi_fmul                             0x080065e5   Thumb Code     0  fmul.o(x$fpl$fmul)
    _fmul                                    0x080065e5   Thumb Code   258  fmul.o(x$fpl$fmul)
    __fpl_fnaninf                            0x080066e7   Thumb Code   140  fnaninf.o(x$fpl$fnaninf)
    __fpl_fretinf                            0x08006773   Thumb Code    10  fretinf.o(x$fpl$fretinf)
    __aeabi_cfrcmple                         0x0800677d   Thumb Code     0  frleqf.o(x$fpl$frleqf)
    _frcmple                                 0x0800677d   Thumb Code    98  frleqf.o(x$fpl$frleqf)
    __aeabi_frsub                            0x080067df   Thumb Code     0  faddsub_clz.o(x$fpl$frsb)
    _frsb                                    0x080067df   Thumb Code    20  faddsub_clz.o(x$fpl$frsb)
    __aeabi_fsub                             0x080067f5   Thumb Code     0  faddsub_clz.o(x$fpl$fsub)
    _fsub                                    0x080067f5   Thumb Code   234  faddsub_clz.o(x$fpl$fsub)
    _printf_fp_dec                           0x080068df   Thumb Code     4  printf1.o(x$fpl$printf1)
    __fpl_return_NaN                         0x080068e3   Thumb Code   100  retnan.o(x$fpl$retnan)
    __ARM_scalbnf                            0x08006947   Thumb Code    76  scalbnf.o(x$fpl$scalbnf)
    __fpl_cmpreturn                          0x08006993   Thumb Code    48  trapv.o(x$fpl$trapveneer)
    AHBPrescTable                            0x080069c2   Data          16  system_stm32f4xx.o(.constdata)
    __I$use$fp                               0x080069c2   Number         0  usenofp.o(x$fpl$usenofp)
    APBPrescTable                            0x080069d2   Data           8  system_stm32f4xx.o(.constdata)
    Region$$Table$$Base                      0x08006a70   Number         0  anon$$obj.o(Region$$Table)
    Region$$Table$$Limit                     0x08006a90   Number         0  anon$$obj.o(Region$$Table)
    SystemCoreClock                          0x20000000   Data           4  system_stm32f4xx.o(.data)
    sys_init_done                            0x20000004   Data           1  main.o(.data)
    printf_flag                              0x20000005   Data           1  main.o(.data)
    run_flag                                 0x20000006   Data           1  main.o(.data)
    run_printf_flag                          0x20000007   Data           1  main.o(.data)
    station_x                                0x2000000c   Data           4  main.o(.data)
    error                                    0x20000010   Data           4  main.o(.data)
    writeFlashData                           0x20000014   Data           4  main.o(.data)
    DIR                                      0x20000018   Data           4  main.o(.data)
    Ring                                     0x2000001c   Data           4  main.o(.data)
    force                                    0x20000020   Data           4  main.o(.data)
    force_F                                  0x20000024   Data           4  main.o(.data)
    time_c                                   0x20000028   Data           4  main.o(.data)
    alarm                                    0x2000002c   Data           4  main.o(.data)
    pulse_low                                0x20000030   Data           4  main.o(.data)
    pluse_ele                                0x20000034   Data           4  main.o(.data)
    loop1                                    0x20000038   Data           4  main.o(.data)
    loop2                                    0x2000003c   Data           4  main.o(.data)
    PhotoPos                                 0x20000040   Data           4  main.o(.data)
    Encode_now                               0x20000044   Data           4  main.o(.data)
    duzhuan_flag                             0x20000048   Data           4  main.o(.data)
    SetPoint_C                               0x2000004c   Data           4  main.o(.data)
    SetPoint_P                               0x20000050   Data           4  main.o(.data)
    ActualValue_P                            0x20000054   Data           4  main.o(.data)
    SumError_P                               0x20000058   Data           4  main.o(.data)
    Proportion_P                             0x2000005c   Data           4  main.o(.data)
    Integral_P                               0x20000060   Data           4  main.o(.data)
    Derivative_P                             0x20000064   Data           4  main.o(.data)
    Error_P                                  0x20000068   Data           4  main.o(.data)
    LastError_P                              0x2000006c   Data           4  main.o(.data)
    PrevError_P                              0x20000070   Data           4  main.o(.data)
    SetPoint_S                               0x20000074   Data           4  main.o(.data)
    ActualValue_S                            0x20000078   Data           4  main.o(.data)
    SumError_S                               0x2000007c   Data           4  main.o(.data)
    Proportion_S                             0x20000080   Data           4  main.o(.data)
    Integral_S                               0x20000084   Data           4  main.o(.data)
    Derivative_S                             0x20000088   Data           4  main.o(.data)
    Error_S                                  0x2000008c   Data           4  main.o(.data)
    LastError_S                              0x20000090   Data           4  main.o(.data)
    PrevError_S                              0x20000094   Data           4  main.o(.data)
    speed_m                                  0x20000098   Data           4  main.o(.data)
    location                                 0x2000009c   Data           4  main.o(.data)
    motor_pwm                                0x200000a0   Data           4  main.o(.data)
    pFlash                                   0x200000a4   Data          32  stm32f4xx_hal_flash.o(.data)
    uwTickFreq                               0x200000c4   Data           1  stm32f4xx_hal.o(.data)
    uwTickPrio                               0x200000c8   Data           4  stm32f4xx_hal.o(.data)
    uwTick                                   0x200000cc   Data           4  stm32f4xx_hal.o(.data)
    time_out                                 0x200000d0   Data           1  atim.o(.data)
    time_run                                 0x200000d1   Data           1  atim.o(.data)
    g_timx_encode_count                      0x200000d4   Data           4  atim.o(.data)
    k_loop                                   0x200000d8   Data           4  atim.o(.data)
    Encode_Now                               0x200000dc   Data           4  atim.o(.data)
    Encode_Old                               0x200000e0   Data           4  atim.o(.data)
    SetPluse                                 0x200000ec   Data           4  step_motor.o(.data)
    USART_RX_STA                             0x200000f0   Data           2  usart.o(.data)
    __stdout                                 0x200000f4   Data           4  usart.o(.data)
    USART_TX_BUF                             0x200000f8   Data           2  usart.o(.data)
    aRxBuffer_4                              0x200000fa   Data           1  usart2.o(.data)
    USART_RX_STA_4                           0x200000fc   Data           2  usart2.o(.data)
    USART_TX_BUF_4                           0x200000fe   Data           2  usart2.o(.data)
    g_timx_oc_pwm_chy                        0x20000100   Data          28  atim.o(.bss)
    g_timx_pwm_chy_handle                    0x2000011c   Data          72  atim.o(.bss)
    sBreakDeadTimeConfig                     0x20000164   Data          32  atim.o(.bss)
    TIM5_Handler                             0x20000184   Data          72  atim.o(.bss)
    TIM4_Handler                             0x200001cc   Data          72  atim.o(.bss)
    g_timx_encode_chy_handle                 0x20000214   Data          72  atim.o(.bss)
    g_timx_encoder_chy_handle                0x2000025c   Data          36  atim.o(.bss)
    timx_handler                             0x20000280   Data          72  atim.o(.bss)
    g_encode                                 0x200002f0   Data          12  step_motor.o(.bss)
    USART_RX_BUF                             0x200002fc   Data         200  usart.o(.bss)
    UART1_Handler                            0x200003c4   Data          68  usart.o(.bss)
    USART_RX_BUF_4                           0x20000408   Data          20  usart2.o(.bss)
    UART4_Handler                            0x2000041c   Data          72  usart2.o(.bss)
    __libspace_start                         0x20000464   Data          96  libspace.o(.bss)
    __temporary_stack_top$libspace           0x200004c4   Data           0  libspace.o(.bss)



==============================================================================

Memory Map of the image

  Image Entry point : 0x08000189

  Load Region LR_IROM1 (Base: 0x08000000, Size: 0x00006bac, Max: 0x00100000, ABSOLUTE)

    Execution Region ER_IROM1 (Base: 0x08000000, Size: 0x00006aac, Max: 0x00100000, ABSOLUTE)

    Base Addr    Size         Type   Attr      Idx    E Section Name        Object

    0x08000000   0x00000188   Data   RO            3    RESET               startup_stm32f407xx.o
    0x08000188   0x00000008   Code   RO         4227  * !!!main             c_w.l(__main.o)
    0x08000190   0x00000034   Code   RO         4520    !!!scatter          c_w.l(__scatter.o)
    0x080001c4   0x0000001a   Code   RO         4522    !!handler_copy      c_w.l(__scatter_copy.o)
    0x080001de   0x00000002   PAD
    0x080001e0   0x0000001c   Code   RO         4524    !!handler_zi        c_w.l(__scatter_zi.o)
    0x080001fc   0x00000000   Code   RO         4222    .ARM.Collect$$_printf_percent$$00000000  c_w.l(_printf_percent.o)
    0x080001fc   0x00000006   Code   RO         4221    .ARM.Collect$$_printf_percent$$00000003  c_w.l(_printf_f.o)
    0x08000202   0x00000006   Code   RO         4220    .ARM.Collect$$_printf_percent$$00000009  c_w.l(_printf_d.o)
    0x08000208   0x00000006   Code   RO         4219    .ARM.Collect$$_printf_percent$$00000014  c_w.l(_printf_s.o)
    0x0800020e   0x00000004   Code   RO         4296    .ARM.Collect$$_printf_percent$$00000017  c_w.l(_printf_percent_end.o)
    0x08000212   0x00000002   Code   RO         4396    .ARM.Collect$$libinit$$00000000  c_w.l(libinit.o)
    0x08000214   0x00000000   Code   RO         4398    .ARM.Collect$$libinit$$00000002  c_w.l(libinit2.o)
    0x08000214   0x00000000   Code   RO         4400    .ARM.Collect$$libinit$$00000004  c_w.l(libinit2.o)
    0x08000214   0x00000000   Code   RO         4403    .ARM.Collect$$libinit$$0000000A  c_w.l(libinit2.o)
    0x08000214   0x00000000   Code   RO         4405    .ARM.Collect$$libinit$$0000000C  c_w.l(libinit2.o)
    0x08000214   0x00000000   Code   RO         4407    .ARM.Collect$$libinit$$0000000E  c_w.l(libinit2.o)
    0x08000214   0x00000006   Code   RO         4408    .ARM.Collect$$libinit$$0000000F  c_w.l(libinit2.o)
    0x0800021a   0x00000000   Code   RO         4410    .ARM.Collect$$libinit$$00000011  c_w.l(libinit2.o)
    0x0800021a   0x00000000   Code   RO         4412    .ARM.Collect$$libinit$$00000013  c_w.l(libinit2.o)
    0x0800021a   0x00000000   Code   RO         4414    .ARM.Collect$$libinit$$00000015  c_w.l(libinit2.o)
    0x0800021a   0x0000000a   Code   RO         4415    .ARM.Collect$$libinit$$00000016  c_w.l(libinit2.o)
    0x08000224   0x00000000   Code   RO         4416    .ARM.Collect$$libinit$$00000017  c_w.l(libinit2.o)
    0x08000224   0x00000000   Code   RO         4418    .ARM.Collect$$libinit$$00000019  c_w.l(libinit2.o)
    0x08000224   0x00000000   Code   RO         4420    .ARM.Collect$$libinit$$0000001B  c_w.l(libinit2.o)
    0x08000224   0x00000000   Code   RO         4422    .ARM.Collect$$libinit$$0000001D  c_w.l(libinit2.o)
    0x08000224   0x00000000   Code   RO         4424    .ARM.Collect$$libinit$$0000001F  c_w.l(libinit2.o)
    0x08000224   0x00000000   Code   RO         4426    .ARM.Collect$$libinit$$00000021  c_w.l(libinit2.o)
    0x08000224   0x00000000   Code   RO         4428    .ARM.Collect$$libinit$$00000023  c_w.l(libinit2.o)
    0x08000224   0x00000000   Code   RO         4430    .ARM.Collect$$libinit$$00000025  c_w.l(libinit2.o)
    0x08000224   0x00000000   Code   RO         4434    .ARM.Collect$$libinit$$0000002C  c_w.l(libinit2.o)
    0x08000224   0x00000000   Code   RO         4436    .ARM.Collect$$libinit$$0000002E  c_w.l(libinit2.o)
    0x08000224   0x00000000   Code   RO         4438    .ARM.Collect$$libinit$$00000030  c_w.l(libinit2.o)
    0x08000224   0x00000000   Code   RO         4440    .ARM.Collect$$libinit$$00000032  c_w.l(libinit2.o)
    0x08000224   0x00000002   Code   RO         4441    .ARM.Collect$$libinit$$00000033  c_w.l(libinit2.o)
    0x08000226   0x00000002   Code   RO         4485    .ARM.Collect$$libshutdown$$00000000  c_w.l(libshutdown.o)
    0x08000228   0x00000000   Code   RO         4505    .ARM.Collect$$libshutdown$$00000003  c_w.l(libshutdown2.o)
    0x08000228   0x00000000   Code   RO         4508    .ARM.Collect$$libshutdown$$00000006  c_w.l(libshutdown2.o)
    0x08000228   0x00000000   Code   RO         4511    .ARM.Collect$$libshutdown$$00000009  c_w.l(libshutdown2.o)
    0x08000228   0x00000000   Code   RO         4513    .ARM.Collect$$libshutdown$$0000000B  c_w.l(libshutdown2.o)
    0x08000228   0x00000000   Code   RO         4516    .ARM.Collect$$libshutdown$$0000000E  c_w.l(libshutdown2.o)
    0x08000228   0x00000002   Code   RO         4517    .ARM.Collect$$libshutdown$$0000000F  c_w.l(libshutdown2.o)
    0x0800022a   0x00000000   Code   RO         4283    .ARM.Collect$$rtentry$$00000000  c_w.l(__rtentry.o)
    0x0800022a   0x00000000   Code   RO         4311    .ARM.Collect$$rtentry$$00000002  c_w.l(__rtentry2.o)
    0x0800022a   0x00000006   Code   RO         4323    .ARM.Collect$$rtentry$$00000004  c_w.l(__rtentry4.o)
    0x08000230   0x00000000   Code   RO         4313    .ARM.Collect$$rtentry$$00000009  c_w.l(__rtentry2.o)
    0x08000230   0x00000004   Code   RO         4314    .ARM.Collect$$rtentry$$0000000A  c_w.l(__rtentry2.o)
    0x08000234   0x00000000   Code   RO         4316    .ARM.Collect$$rtentry$$0000000C  c_w.l(__rtentry2.o)
    0x08000234   0x00000008   Code   RO         4317    .ARM.Collect$$rtentry$$0000000D  c_w.l(__rtentry2.o)
    0x0800023c   0x00000002   Code   RO         4444    .ARM.Collect$$rtexit$$00000000  c_w.l(rtexit.o)
    0x0800023e   0x00000000   Code   RO         4457    .ARM.Collect$$rtexit$$00000002  c_w.l(rtexit2.o)
    0x0800023e   0x00000004   Code   RO         4458    .ARM.Collect$$rtexit$$00000003  c_w.l(rtexit2.o)
    0x08000242   0x00000006   Code   RO         4459    .ARM.Collect$$rtexit$$00000004  c_w.l(rtexit2.o)
    0x08000248   0x00000040   Code   RO            4    .text               startup_stm32f407xx.o
    0x08000288   0x00000002   Code   RO         4185    .text               c_w.l(use_no_semi_2.o)
    0x0800028a   0x000000ee   Code   RO         4187    .text               c_w.l(lludivv7m.o)
    0x08000378   0x00000018   Code   RO         4191    .text               c_w.l(noretval__2printf.o)
    0x08000390   0x00000068   Code   RO         4193    .text               c_w.l(__printf.o)
    0x080003f8   0x00000052   Code   RO         4195    .text               c_w.l(_printf_str.o)
    0x0800044a   0x00000002   PAD
    0x0800044c   0x00000078   Code   RO         4197    .text               c_w.l(_printf_dec.o)
    0x080004c4   0x0000004e   Code   RO         4223    .text               c_w.l(rt_memclr_w.o)
    0x08000512   0x00000006   Code   RO         4225    .text               c_w.l(heapauxi.o)
    0x08000518   0x00000002   Code   RO         4281    .text               c_w.l(use_no_semi.o)
    0x0800051a   0x000000b2   Code   RO         4288    .text               c_w.l(_printf_intcommon.o)
    0x080005cc   0x0000041a   Code   RO         4290    .text               c_w.l(_printf_fp_dec.o)
    0x080009e6   0x0000002c   Code   RO         4292    .text               c_w.l(_printf_char.o)
    0x08000a12   0x00000002   PAD
    0x08000a14   0x00000024   Code   RO         4294    .text               c_w.l(_printf_char_file.o)
    0x08000a38   0x00000008   Code   RO         4330    .text               c_w.l(rt_locale_intlibspace.o)
    0x08000a40   0x0000008a   Code   RO         4332    .text               c_w.l(lludiv10.o)
    0x08000aca   0x00000002   PAD
    0x08000acc   0x00000030   Code   RO         4334    .text               c_w.l(_printf_char_common.o)
    0x08000afc   0x00000080   Code   RO         4336    .text               c_w.l(_printf_fp_infnan.o)
    0x08000b7c   0x000000dc   Code   RO         4338    .text               c_w.l(bigflt0.o)
    0x08000c58   0x00000008   Code   RO         4363    .text               c_w.l(ferror.o)
    0x08000c60   0x00000008   Code   RO         4376    .text               c_w.l(libspace.o)
    0x08000c68   0x0000004a   Code   RO         4379    .text               c_w.l(sys_stackheap_outer.o)
    0x08000cb2   0x0000000c   Code   RO         4383    .text               c_w.l(exit.o)
    0x08000cbe   0x00000002   PAD
    0x08000cc0   0x00000080   Code   RO         4389    .text               c_w.l(strcmpv7m.o)
    0x08000d40   0x0000003e   Code   RO         4341    CL$$btod_d2e        c_w.l(btod.o)
    0x08000d7e   0x00000046   Code   RO         4343    CL$$btod_d2e_denorm_low  c_w.l(btod.o)
    0x08000dc4   0x00000060   Code   RO         4342    CL$$btod_d2e_norm_op1  c_w.l(btod.o)
    0x08000e24   0x00000338   Code   RO         4351    CL$$btod_div_common  c_w.l(btod.o)
    0x0800115c   0x000000c6   Code   RO         4348    CL$$btod_e2e        c_w.l(btod.o)
    0x08001222   0x00000028   Code   RO         4345    CL$$btod_ediv       c_w.l(btod.o)
    0x0800124a   0x00000028   Code   RO         4344    CL$$btod_emul       c_w.l(btod.o)
    0x08001272   0x00000244   Code   RO         4350    CL$$btod_mult_common  c_w.l(btod.o)
    0x080014b6   0x00000002   Code   RO          280    i.BusFault_Handler  stm32f4xx_it.o
    0x080014b8   0x00000002   Code   RO          281    i.DebugMon_Handler  stm32f4xx_it.o
    0x080014ba   0x00000006   Code   RO         3697    i.EXTI0_IRQHandler  exti.o
    0x080014c0   0x00000050   Code   RO          653    i.FLASH_Erase_Sector  stm32f4xx_hal_flash_ex.o
    0x08001510   0x00000054   Code   RO          654    i.FLASH_FlushCaches  stm32f4xx_hal_flash_ex.o
    0x08001564   0x00000028   Code   RO          655    i.FLASH_MassErase   stm32f4xx_hal_flash_ex.o
    0x0800158c   0x00000020   Code   RO          535    i.FLASH_Program_Byte  stm32f4xx_hal_flash.o
    0x080015ac   0x0000002c   Code   RO          536    i.FLASH_Program_DoubleWord  stm32f4xx_hal_flash.o
    0x080015d8   0x00000024   Code   RO          537    i.FLASH_Program_HalfWord  stm32f4xx_hal_flash.o
    0x080015fc   0x00000024   Code   RO          538    i.FLASH_Program_Word  stm32f4xx_hal_flash.o
    0x08001620   0x00000068   Code   RO          539    i.FLASH_SetErrorCode  stm32f4xx_hal_flash.o
    0x08001688   0x00000050   Code   RO          540    i.FLASH_WaitForLastOperation  stm32f4xx_hal_flash.o
    0x080016d8   0x00000092   Code   RO          841    i.HAL_DMA_Abort     stm32f4xx_hal_dma.o
    0x0800176a   0x00000024   Code   RO          842    i.HAL_DMA_Abort_IT  stm32f4xx_hal_dma.o
    0x0800178e   0x00000002   PAD
    0x08001790   0x00000098   Code   RO          656    i.HAL_FLASHEx_Erase  stm32f4xx_hal_flash_ex.o
    0x08001828   0x00000014   Code   RO          544    i.HAL_FLASH_Lock    stm32f4xx_hal_flash.o
    0x0800183c   0x0000007c   Code   RO          549    i.HAL_FLASH_Program  stm32f4xx_hal_flash.o
    0x080018b8   0x0000002c   Code   RO          551    i.HAL_FLASH_Unlock  stm32f4xx_hal_flash.o
    0x080018e4   0x00000040   Code   RO         3699    i.HAL_GPIO_EXTI_Callback  exti.o
    0x08001924   0x00000018   Code   RO          733    i.HAL_GPIO_EXTI_IRQHandler  stm32f4xx_hal_gpio.o
    0x0800193c   0x000001f0   Code   RO          734    i.HAL_GPIO_Init     stm32f4xx_hal_gpio.o
    0x08001b2c   0x0000000a   Code   RO          736    i.HAL_GPIO_ReadPin  stm32f4xx_hal_gpio.o
    0x08001b36   0x0000000a   Code   RO          738    i.HAL_GPIO_WritePin  stm32f4xx_hal_gpio.o
    0x08001b40   0x0000000c   Code   RO         1284    i.HAL_GetTick       stm32f4xx_hal.o
    0x08001b4c   0x00000010   Code   RO         1290    i.HAL_IncTick       stm32f4xx_hal.o
    0x08001b5c   0x00000034   Code   RO         1291    i.HAL_Init          stm32f4xx_hal.o
    0x08001b90   0x00000040   Code   RO         1292    i.HAL_InitTick      stm32f4xx_hal.o
    0x08001bd0   0x00000030   Code   RO          355    i.HAL_MspInit       stm32f4xx_hal_msp.o
    0x08001c00   0x0000001a   Code   RO         1126    i.HAL_NVIC_EnableIRQ  stm32f4xx_hal_cortex.o
    0x08001c1a   0x00000002   PAD
    0x08001c1c   0x00000040   Code   RO         1132    i.HAL_NVIC_SetPriority  stm32f4xx_hal_cortex.o
    0x08001c5c   0x00000024   Code   RO         1133    i.HAL_NVIC_SetPriorityGrouping  stm32f4xx_hal_cortex.o
    0x08001c80   0x00000024   Code   RO         1134    i.HAL_NVIC_SystemReset  stm32f4xx_hal_cortex.o
    0x08001ca4   0x00000134   Code   RO          380    i.HAL_RCC_ClockConfig  stm32f4xx_hal_rcc.o
    0x08001dd8   0x00000020   Code   RO          387    i.HAL_RCC_GetPCLK1Freq  stm32f4xx_hal_rcc.o
    0x08001df8   0x00000020   Code   RO          388    i.HAL_RCC_GetPCLK2Freq  stm32f4xx_hal_rcc.o
    0x08001e18   0x00000060   Code   RO          389    i.HAL_RCC_GetSysClockFreq  stm32f4xx_hal_rcc.o
    0x08001e78   0x0000036c   Code   RO          392    i.HAL_RCC_OscConfig  stm32f4xx_hal_rcc.o
    0x080021e4   0x00000018   Code   RO         1135    i.HAL_SYSTICK_CLKSourceConfig  stm32f4xx_hal_cortex.o
    0x080021fc   0x00000028   Code   RO         1137    i.HAL_SYSTICK_Config  stm32f4xx_hal_cortex.o
    0x08002224   0x00000002   Code   RO         2235    i.HAL_TIMEx_BreakCallback  stm32f4xx_hal_tim_ex.o
    0x08002226   0x00000002   Code   RO         2236    i.HAL_TIMEx_CommutCallback  stm32f4xx_hal_tim_ex.o
    0x08002228   0x00000054   Code   RO         2238    i.HAL_TIMEx_ConfigBreakDeadTime  stm32f4xx_hal_tim_ex.o
    0x0800227c   0x000000c0   Code   RO         2265    i.HAL_TIMEx_PWMN_Start  stm32f4xx_hal_tim_ex.o
    0x0800233c   0x00000068   Code   RO         2268    i.HAL_TIMEx_PWMN_Stop  stm32f4xx_hal_tim_ex.o
    0x080023a4   0x0000005a   Code   RO         1531    i.HAL_TIM_Base_Init  stm32f4xx_hal_tim.o
    0x080023fe   0x00000002   PAD
    0x08002400   0x00000094   Code   RO         3231    i.HAL_TIM_Base_MspInit  atim.o
    0x08002494   0x00000080   Code   RO         1536    i.HAL_TIM_Base_Start_IT  stm32f4xx_hal_tim.o
    0x08002514   0x00000030   Code   RO         1539    i.HAL_TIM_Base_Stop_IT  stm32f4xx_hal_tim.o
    0x08002544   0x000000a4   Code   RO         1552    i.HAL_TIM_Encoder_Init  stm32f4xx_hal_tim.o
    0x080025e8   0x00000002   Code   RO         1554    i.HAL_TIM_Encoder_MspInit  stm32f4xx_hal_tim.o
    0x080025ea   0x0000008e   Code   RO         1555    i.HAL_TIM_Encoder_Start  stm32f4xx_hal_tim.o
    0x08002678   0x00000002   Code   RO         1565    i.HAL_TIM_IC_CaptureCallback  stm32f4xx_hal_tim.o
    0x0800267a   0x00000130   Code   RO         1579    i.HAL_TIM_IRQHandler  stm32f4xx_hal_tim.o
    0x080027aa   0x00000002   Code   RO         1582    i.HAL_TIM_OC_DelayElapsedCallback  stm32f4xx_hal_tim.o
    0x080027ac   0x000000cc   Code   RO         1603    i.HAL_TIM_PWM_ConfigChannel  stm32f4xx_hal_tim.o
    0x08002878   0x0000005a   Code   RO         1606    i.HAL_TIM_PWM_Init  stm32f4xx_hal_tim.o
    0x080028d2   0x00000002   PAD
    0x080028d4   0x00000084   Code   RO         3232    i.HAL_TIM_PWM_MspInit  atim.o
    0x08002958   0x00000002   Code   RO         1609    i.HAL_TIM_PWM_PulseFinishedCallback  stm32f4xx_hal_tim.o
    0x0800295a   0x00000002   PAD
    0x0800295c   0x000000c8   Code   RO         1611    i.HAL_TIM_PWM_Start  stm32f4xx_hal_tim.o
    0x08002a24   0x0000007c   Code   RO         1614    i.HAL_TIM_PWM_Stop  stm32f4xx_hal_tim.o
    0x08002aa0   0x000001b8   Code   RO         3233    i.HAL_TIM_PeriodElapsedCallback  atim.o
    0x08002c58   0x00000002   Code   RO         1622    i.HAL_TIM_TriggerCallback  stm32f4xx_hal_tim.o
    0x08002c5a   0x00000002   Code   RO         2514    i.HAL_UARTEx_RxEventCallback  stm32f4xx_hal_uart.o
    0x08002c5c   0x00000002   Code   RO         2528    i.HAL_UART_ErrorCallback  stm32f4xx_hal_uart.o
    0x08002c5e   0x00000002   PAD
    0x08002c60   0x00000280   Code   RO         2531    i.HAL_UART_IRQHandler  stm32f4xx_hal_uart.o
    0x08002ee0   0x00000064   Code   RO         2532    i.HAL_UART_Init     stm32f4xx_hal_uart.o
    0x08002f44   0x00000088   Code   RO         4142    i.HAL_UART_MspInit  usart2.o
    0x08002fcc   0x0000001c   Code   RO         2537    i.HAL_UART_Receive_IT  stm32f4xx_hal_uart.o
    0x08002fe8   0x00000002   Code   RO         2538    i.HAL_UART_RxCpltCallback  stm32f4xx_hal_uart.o
    0x08002fea   0x000000a0   Code   RO         2540    i.HAL_UART_Transmit  stm32f4xx_hal_uart.o
    0x0800308a   0x00000002   Code   RO         2543    i.HAL_UART_TxCpltCallback  stm32f4xx_hal_uart.o
    0x0800308c   0x00000002   Code   RO          282    i.HardFault_Handler  stm32f4xx_it.o
    0x0800308e   0x00000002   PAD
    0x08003090   0x000001fc   Code   RO          145    i.MX_GPIO_Init      main.o
    0x0800328c   0x00000002   Code   RO          283    i.MemManage_Handler  stm32f4xx_it.o
    0x0800328e   0x00000002   Code   RO          284    i.NMI_Handler       stm32f4xx_it.o
    0x08003290   0x00000002   Code   RO          285    i.PendSV_Handler    stm32f4xx_it.o
    0x08003292   0x00000002   Code   RO          286    i.SVC_Handler       stm32f4xx_it.o
    0x08003294   0x00000094   Code   RO         4025    i.Stm32_Clock_Init  sys.o
    0x08003328   0x00000004   Code   RO          287    i.SysTick_Handler   stm32f4xx_it.o
    0x0800332c   0x00000002   Code   RO           14    i.SystemInit        system_stm32f4xx.o
    0x0800332e   0x00000002   PAD
    0x08003330   0x00000018   Code   RO         3234    i.TIM1_UP_TIM10_IRQHandler  atim.o
    0x08003348   0x0000000c   Code   RO         3235    i.TIM3_IRQHandler   atim.o
    0x08003354   0x0000000c   Code   RO         3236    i.TIM4_IRQHandler   atim.o
    0x08003360   0x00000020   Code   RO         3237    i.TIM4_Init         atim.o
    0x08003380   0x0000000c   Code   RO         3238    i.TIM5_IRQHandler   atim.o
    0x0800338c   0x00000020   Code   RO         3239    i.TIM5_Init         atim.o
    0x080033ac   0x000000d0   Code   RO         1624    i.TIM_Base_SetConfig  stm32f4xx_hal_tim.o
    0x0800347c   0x0000001a   Code   RO         1625    i.TIM_CCxChannelCmd  stm32f4xx_hal_tim.o
    0x08003496   0x0000001a   Code   RO         2274    i.TIM_CCxNChannelCmd  stm32f4xx_hal_tim_ex.o
    0x080034b0   0x00000060   Code   RO         1637    i.TIM_OC1_SetConfig  stm32f4xx_hal_tim.o
    0x08003510   0x0000006c   Code   RO         1638    i.TIM_OC2_SetConfig  stm32f4xx_hal_tim.o
    0x0800357c   0x00000068   Code   RO         1639    i.TIM_OC3_SetConfig  stm32f4xx_hal_tim.o
    0x080035e4   0x00000050   Code   RO         1640    i.TIM_OC4_SetConfig  stm32f4xx_hal_tim.o
    0x08003634   0x00000070   Code   RO         4143    i.UART4_IRQHandler  usart2.o
    0x080036a4   0x0000000e   Code   RO         2545    i.UART_DMAAbortOnError  stm32f4xx_hal_uart.o
    0x080036b2   0x0000004e   Code   RO         2555    i.UART_EndRxTransfer  stm32f4xx_hal_uart.o
    0x08003700   0x000000c2   Code   RO         2557    i.UART_Receive_IT   stm32f4xx_hal_uart.o
    0x080037c2   0x00000002   PAD
    0x080037c4   0x0000010c   Code   RO         2558    i.UART_SetConfig    stm32f4xx_hal_uart.o
    0x080038d0   0x00000036   Code   RO         2560    i.UART_Start_Receive_IT  stm32f4xx_hal_uart.o
    0x08003906   0x00000072   Code   RO         2561    i.UART_WaitOnFlagUntilTimeout  stm32f4xx_hal_uart.o
    0x08003978   0x00000060   Code   RO         4069    i.USART1_IRQHandler  usart.o
    0x080039d8   0x00000002   Code   RO          288    i.UsageFault_Handler  stm32f4xx_it.o
    0x080039da   0x00000028   Code   RO         4374    i.__ARM_fpclassify  m_ws.l(fpclassify.o)
    0x08003a02   0x00000020   Code   RO         1139    i.__NVIC_SetPriority  stm32f4xx_hal_cortex.o
    0x08003a22   0x00000002   Code   RO         4070    i._sys_exit         usart.o
    0x08003a24   0x00000028   Code   RO         3121    i.alarm_pulse       app_util.o
    0x08003a4c   0x00000080   Code   RO         3241    i.atim_timx_pwm_chy_init  atim.o
    0x08003acc   0x00000030   Code   RO         3242    i.btim_timx_int_init  atim.o
    0x08003afc   0x0000003c   Code   RO         3122    i.check_24v_loss    app_util.o
    0x08003b38   0x00000044   Code   RO         3123    i.check_motion_timeout  app_util.o
    0x08003b7c   0x0000004e   Code   RO         3124    i.check_station_valid  app_util.o
    0x08003bca   0x00000002   PAD
    0x08003bcc   0x00000024   Code   RO         3354    i.cmd_alarm         cmd_handler.o
    0x08003bf0   0x00000208   Code   RO         3356    i.cmd_dispatch      cmd_handler.o
    0x08003df8   0x00000030   Code   RO         3357    i.cmd_ele_test      cmd_handler.o
    0x08003e28   0x0000016c   Code   RO         3360    i.cmd_gnn_test      cmd_handler.o
    0x08003f94   0x000000c8   Code   RO         3361    i.cmd_goo_test      cmd_handler.o
    0x0800405c   0x0000003c   Code   RO         3362    i.cmd_goto_station  cmd_handler.o
    0x08004098   0x0000008c   Code   RO         3363    i.cmd_hal_test      cmd_handler.o
    0x08004124   0x00000020   Code   RO         3365    i.cmd_photo_test    cmd_handler.o
    0x08004144   0x00000024   Code   RO         3366    i.cmd_red           cmd_handler.o
    0x08004168   0x00000018   Code   RO         3367    i.cmd_res           cmd_handler.o
    0x08004180   0x00000030   Code   RO         3368    i.cmd_ring          cmd_handler.o
    0x080041b0   0x00000008   Code   RO         3369    i.cmd_rtb           cmd_handler.o
    0x080041b8   0x00000012   Code   RO         3370    i.cmd_rtf           cmd_handler.o
    0x080041ca   0x00000002   PAD
    0x080041cc   0x00000028   Code   RO         3371    i.cmd_rts           cmd_handler.o
    0x080041f4   0x0000003c   Code   RO         3372    i.cmd_set_duty      cmd_handler.o
    0x08004230   0x00000044   Code   RO         3373    i.cmd_set_force     cmd_handler.o
    0x08004274   0x00000028   Code   RO         3374    i.cmd_set_loop1     cmd_handler.o
    0x0800429c   0x00000028   Code   RO         3375    i.cmd_set_loop2     cmd_handler.o
    0x080042c4   0x00000030   Code   RO         3376    i.cmd_set_photo_pos  cmd_handler.o
    0x080042f4   0x00000044   Code   RO         3377    i.cmd_set_pluse_ele  cmd_handler.o
    0x08004338   0x00000044   Code   RO         3378    i.cmd_set_pulse_low  cmd_handler.o
    0x0800437c   0x00000044   Code   RO         3379    i.cmd_set_speed     cmd_handler.o
    0x080043c0   0x0000003c   Code   RO         3380    i.cmd_tim3          cmd_handler.o
    0x080043fc   0x00000038   Code   RO         3867    i.dcmotor_dir       step_motor.o
    0x08004434   0x00000010   Code   RO         3868    i.dcmotor_start     step_motor.o
    0x08004444   0x00000028   Code   RO         3869    i.dcmotor_stop      step_motor.o
    0x0800446c   0x00000018   Code   RO         3659    i.delay_init        delay.o
    0x08004484   0x0000001a   Code   RO         3660    i.delay_ms          delay.o
    0x0800449e   0x00000002   PAD
    0x080044a0   0x00000034   Code   RO         3661    i.delay_us          delay.o
    0x080044d4   0x00000034   Code   RO         3870    i.dir_jud           step_motor.o
    0x08004508   0x00000028   Code   RO         3125    i.done_pulse        app_util.o
    0x08004530   0x0000002c   Code   RO         3126    i.ele_is_triggered  app_util.o
    0x0800455c   0x00000014   Code   RO         4071    i.fputc             usart.o
    0x08004570   0x00000054   Code   RO         3381    i.gff_gmm_loop      cmd_handler.o
    0x080045c4   0x00000040   Code   RO         3243    i.gtim_get_encode   atim.o
    0x08004604   0x000000c8   Code   RO         3244    i.gtim_timx_encoder_chy_init  atim.o
    0x080046cc   0x00000054   Code   RO         3128    i.handle_station_verify  app_util.o
    0x08004720   0x00000098   Code   RO         3823    i.increment_pid_speed  pid.o
    0x080047b8   0x00000258   Code   RO          147    i.main              main.o
    0x08004a10   0x00000184   Code   RO         3871    i.motor_init        step_motor.o
    0x08004b94   0x00000028   Code   RO         3872    i.motor_pwm_set     step_motor.o
    0x08004bbc   0x00000034   Code   RO         3129    i.motor_safe_stop   app_util.o
    0x08004bf0   0x00000034   Code   RO         3130    i.motor_start_motion  app_util.o
    0x08004c24   0x00000040   Code   RO         3131    i.motor_stop_normal  app_util.o
    0x08004c64   0x00000228   Code   RO         3737    i.param_load_all    flash_param.o
    0x08004e8c   0x000000dc   Code   RO         3738    i.param_save_all    flash_param.o
    0x08004f68   0x0000002c   Code   RO         3132    i.parse_uart_number  app_util.o
    0x08004f94   0x00000094   Code   RO         3824    i.pid_init          pid.o
    0x08005028   0x00000098   Code   RO         3825    i.position_pid_speed  pid.o
    0x080050c0   0x0000010c   Code   RO         3873    i.read_hal          step_motor.o
    0x080051cc   0x00000040   Code   RO         3874    i.read_single_hal   step_motor.o
    0x0800520c   0x000000e4   Code   RO         3876    i.speed_computer    step_motor.o
    0x080052f0   0x00000064   Code   RO         3877    i.step_motor_LX     step_motor.o
    0x08005354   0x000001c8   Code   RO         3878    i.step_motor_init   step_motor.o
    0x0800551c   0x00000704   Code   RO         3879    i.step_motor_motion  step_motor.o
    0x08005c20   0x00000018   Code   RO         4073    i.tpingg            usart.o
    0x08005c38   0x00000054   Code   RO         3133    i.trigger_photo     app_util.o
    0x08005c8c   0x00000038   Code   RO         4144    i.uart4_init        usart2.o
    0x08005cc4   0x000000f8   Code   RO         4074    i.uart_init         usart.o
    0x08005dbc   0x0000001c   Code   RO         3134    i.wait_motion_done  app_util.o
    0x08005dd8   0x0000002c   Code   RO         4368    locale$$code        c_w.l(lc_numeric_c.o)
    0x08005e04   0x00000150   Code   RO         4229    x$fpl$dadd          fz_ws.l(daddsub_clz.o)
    0x08005f54   0x0000005a   Code   RO         4235    x$fpl$dfixu         fz_ws.l(dfixu.o)
    0x08005fae   0x00000026   Code   RO         4239    x$fpl$dfltu         fz_ws.l(dflt_clz.o)
    0x08005fd4   0x0000009c   Code   RO         4297    x$fpl$dnaninf       fz_ws.l(dnaninf.o)
    0x08006070   0x0000000c   Code   RO         4299    x$fpl$dretinf       fz_ws.l(dretinf.o)
    0x0800607c   0x000001d4   Code   RO         4231    x$fpl$dsub          fz_ws.l(daddsub_clz.o)
    0x08006250   0x00000056   Code   RO         4245    x$fpl$f2d           fz_ws.l(f2d.o)
    0x080062a6   0x00000002   PAD
    0x080062a8   0x000000c4   Code   RO         4247    x$fpl$fadd          fz_ws.l(faddsub_clz.o)
    0x0800636c   0x0000000c   Code   RO         4301    x$fpl$fcheck1       fz_ws.l(fcheck1.o)
    0x08006378   0x00000018   Code   RO         4303    x$fpl$fcmpinf       fz_ws.l(fcmpi.o)
    0x08006390   0x00000184   Code   RO         4254    x$fpl$fdiv          fz_ws.l(fdiv.o)
    0x08006514   0x00000036   Code   RO         4257    x$fpl$ffix          fz_ws.l(ffix.o)
    0x0800654a   0x00000002   PAD
    0x0800654c   0x00000030   Code   RO         4266    x$fpl$fflt          fz_ws.l(fflt_clz.o)
    0x0800657c   0x00000068   Code   RO         4271    x$fpl$fleqf         fz_ws.l(fleqf.o)
    0x080065e4   0x00000102   Code   RO         4273    x$fpl$fmul          fz_ws.l(fmul.o)
    0x080066e6   0x0000008c   Code   RO         4305    x$fpl$fnaninf       fz_ws.l(fnaninf.o)
    0x08006772   0x0000000a   Code   RO         4307    x$fpl$fretinf       fz_ws.l(fretinf.o)
    0x0800677c   0x00000062   Code   RO         4275    x$fpl$frleqf        fz_ws.l(frleqf.o)
    0x080067de   0x00000014   Code   RO         4248    x$fpl$frsb          fz_ws.l(faddsub_clz.o)
    0x080067f2   0x00000002   PAD
    0x080067f4   0x000000ea   Code   RO         4249    x$fpl$fsub          fz_ws.l(faddsub_clz.o)
    0x080068de   0x00000004   Code   RO         4277    x$fpl$printf1       fz_ws.l(printf1.o)
    0x080068e2   0x00000064   Code   RO         4372    x$fpl$retnan        fz_ws.l(retnan.o)
    0x08006946   0x0000004c   Code   RO         4279    x$fpl$scalbnf       fz_ws.l(scalbnf.o)
    0x08006992   0x00000030   Code   RO         4442    x$fpl$trapveneer    fz_ws.l(trapv.o)
    0x080069c2   0x00000000   Code   RO         4309    x$fpl$usenofp       fz_ws.l(usenofp.o)
    0x080069c2   0x00000010   Data   RO           15    .constdata          system_stm32f4xx.o
    0x080069d2   0x00000008   Data   RO           16    .constdata          system_stm32f4xx.o
    0x080069da   0x00000002   PAD
    0x080069dc   0x00000094   Data   RO         4339    .constdata          c_w.l(bigflt0.o)
    0x08006a70   0x00000020   Data   RO         4518    Region$$Table       anon$$obj.o
    0x08006a90   0x0000001c   Data   RO         4367    locale$$data        c_w.l(lc_numeric_c.o)


    Execution Region RW_IRAM1 (Base: 0x20000000, Size: 0x00000ac8, Max: 0x0001c000, ABSOLUTE)

    Base Addr    Size         Type   Attr      Idx    E Section Name        Object

    0x20000000   0x00000004   Data   RW           17    .data               system_stm32f4xx.o
    0x20000004   0x00000014   Data   RW          148    .data               main.o
    0x20000018   0x00000004   Data   RW          153    .data               main.o
    0x2000001c   0x00000004   Data   RW          154    .data               main.o
    0x20000020   0x00000004   Data   RW          156    .data               main.o
    0x20000024   0x00000004   Data   RW          157    .data               main.o
    0x20000028   0x00000004   Data   RW          158    .data               main.o
    0x2000002c   0x00000004   Data   RW          159    .data               main.o
    0x20000030   0x00000004   Data   RW          160    .data               main.o
    0x20000034   0x00000004   Data   RW          162    .data               main.o
    0x20000038   0x00000004   Data   RW          163    .data               main.o
    0x2000003c   0x00000004   Data   RW          164    .data               main.o
    0x20000040   0x00000004   Data   RW          165    .data               main.o
    0x20000044   0x00000004   Data   RW          166    .data               main.o
    0x20000048   0x00000004   Data   RW          169    .data               main.o
    0x2000004c   0x00000004   Data   RW          170    .data               main.o
    0x20000050   0x00000004   Data   RW          171    .data               main.o
    0x20000054   0x00000004   Data   RW          172    .data               main.o
    0x20000058   0x00000004   Data   RW          173    .data               main.o
    0x2000005c   0x00000004   Data   RW          174    .data               main.o
    0x20000060   0x00000004   Data   RW          175    .data               main.o
    0x20000064   0x00000004   Data   RW          176    .data               main.o
    0x20000068   0x00000004   Data   RW          177    .data               main.o
    0x2000006c   0x00000004   Data   RW          178    .data               main.o
    0x20000070   0x00000004   Data   RW          179    .data               main.o
    0x20000074   0x00000004   Data   RW          180    .data               main.o
    0x20000078   0x00000004   Data   RW          181    .data               main.o
    0x2000007c   0x00000004   Data   RW          182    .data               main.o
    0x20000080   0x00000004   Data   RW          183    .data               main.o
    0x20000084   0x00000004   Data   RW          184    .data               main.o
    0x20000088   0x00000004   Data   RW          185    .data               main.o
    0x2000008c   0x00000004   Data   RW          186    .data               main.o
    0x20000090   0x00000004   Data   RW          187    .data               main.o
    0x20000094   0x00000004   Data   RW          188    .data               main.o
    0x20000098   0x00000004   Data   RW          189    .data               main.o
    0x2000009c   0x00000004   Data   RW          190    .data               main.o
    0x200000a0   0x00000004   Data   RW          191    .data               main.o
    0x200000a4   0x00000020   Data   RW          552    .data               stm32f4xx_hal_flash.o
    0x200000c4   0x0000000c   Data   RW         1298    .data               stm32f4xx_hal.o
    0x200000d0   0x00000014   Data   RW         3246    .data               atim.o
    0x200000e4   0x00000004   Data   RW         3662    .data               delay.o
    0x200000e8   0x00000008   Data   RW         3881    .data               step_motor.o
    0x200000f0   0x00000002   Data   RW         4076    .data               usart.o
    0x200000f2   0x00000002   PAD
    0x200000f4   0x00000004   Data   RW         4077    .data               usart.o
    0x200000f8   0x00000002   Data   RW         4078    .data               usart.o
    0x200000fa   0x00000004   Data   RW         4146    .data               usart2.o
    0x200000fe   0x00000002   Data   RW         4147    .data               usart2.o
    0x20000100   0x000001c8   Zero   RW         3245    .bss                atim.o
    0x200002c8   0x00000034   Zero   RW         3880    .bss                step_motor.o
    0x200002fc   0x0000010c   Zero   RW         4075    .bss                usart.o
    0x20000408   0x0000005c   Zero   RW         4145    .bss                usart2.o
    0x20000464   0x00000060   Zero   RW         4377    .bss                c_w.l(libspace.o)
    0x200004c4   0x00000004   PAD
    0x200004c8   0x00000200   Zero   RW            2    HEAP                startup_stm32f407xx.o
    0x200006c8   0x00000400   Zero   RW            1    STACK               startup_stm32f407xx.o


    Execution Region RW_IRAM2 (Base: 0x2001c000, Size: 0x00000000, Max: 0x00004000, ABSOLUTE)

    **** No section assigned to this execution region ****


==============================================================================

Image component sizes


      Code (inc. data)   RO Data    RW Data    ZI Data      Debug   Object Name

       738        180          0          0          0       7284   app_util.o
      1284        222          0         20        456       8612   atim.o
      2178        650          0          0          0      13868   cmd_handler.o
       102         10          0          4          0       1663   delay.o
        70         32          0          0          0        908   exti.o
       772        434          0          0          0       1170   flash_param.o
      1108        132          0        160          0       6507   main.o
       452        146          0          0          0       1514   pid.o
        64         26        392          0       1536        788   startup_stm32f407xx.o
      3504        652          0          8         52      11801   step_motor.o
       144         24          0         12          0       8509   stm32f4xx_hal.o
       258         24          0          0          0      34536   stm32f4xx_hal_cortex.o
       182          0          0          0          0       1967   stm32f4xx_hal_dma.o
       520         66          0         32          0       5994   stm32f4xx_hal_flash.o
       356         24          0          0          0       3734   stm32f4xx_hal_flash_ex.o
       540         52          0          0          0       3198   stm32f4xx_hal_gpio.o
        48          6          0          0          0        794   stm32f4xx_hal_msp.o
      1344         72          0          0          0       4940   stm32f4xx_hal_rcc.o
      2126        146          0          0          0      15711   stm32f4xx_hal_tim.o
       410         28          0          0          0       4270   stm32f4xx_hal_tim_ex.o
      1658         14          0          0          0      11026   stm32f4xx_hal_uart.o
        20          0          0          0          0       3650   stm32f4xx_it.o
       148         10          0          0          0        891   sys.o
         2          0         24          4          0     706643   system_stm32f4xx.o
       390         42          0          8        268       4482   usart.o
       304         36          0          6         92       2384   usart2.o

    ----------------------------------------------------------------------
     18746       3028        450        256       2404     866844   Object Totals
         0          0         32          0          0          0   (incl. Generated)
        24          0          2          2          0          0   (incl. Padding)

    ----------------------------------------------------------------------

      Code (inc. data)   RO Data    RW Data    ZI Data      Debug   Library Member Name

         8          0          0          0          0         68   __main.o
       104          0          0          0          0         84   __printf.o
         0          0          0          0          0          0   __rtentry.o
        12          0          0          0          0          0   __rtentry2.o
         6          0          0          0          0          0   __rtentry4.o
        52          8          0          0          0          0   __scatter.o
        26          0          0          0          0          0   __scatter_copy.o
        28          0          0          0          0          0   __scatter_zi.o
        44          0          0          0          0        108   _printf_char.o
        48          6          0          0          0         96   _printf_char_common.o
        36          4          0          0          0         80   _printf_char_file.o
         6          0          0          0          0          0   _printf_d.o
       120         16          0          0          0         92   _printf_dec.o
         6          0          0          0          0          0   _printf_f.o
      1050          0          0          0          0        216   _printf_fp_dec.o
       128         16          0          0          0         84   _printf_fp_infnan.o
       178          0          0          0          0         88   _printf_intcommon.o
         0          0          0          0          0          0   _printf_percent.o
         4          0          0          0          0          0   _printf_percent_end.o
         6          0          0          0          0          0   _printf_s.o
        82          0          0          0          0         80   _printf_str.o
       220          4        148          0          0         96   bigflt0.o
      1910        128          0          0          0        672   btod.o
        12          0          0          0          0         72   exit.o
         8          0          0          0          0         68   ferror.o
         6          0          0          0          0        152   heapauxi.o
        44         10         28          0          0         76   lc_numeric_c.o
         2          0          0          0          0          0   libinit.o
        18          0          0          0          0          0   libinit2.o
         2          0          0          0          0          0   libshutdown.o
         2          0          0          0          0          0   libshutdown2.o
         8          4          0          0         96         68   libspace.o
       138          0          0          0          0         80   lludiv10.o
       238          0          0          0          0        100   lludivv7m.o
        24          4          0          0          0         84   noretval__2printf.o
         8          4          0          0          0         68   rt_locale_intlibspace.o
        78          0          0          0          0         80   rt_memclr_w.o
         2          0          0          0          0          0   rtexit.o
        10          0          0          0          0          0   rtexit2.o
       128          0          0          0          0         68   strcmpv7m.o
        74          0          0          0          0         80   sys_stackheap_outer.o
         2          0          0          0          0         68   use_no_semi.o
         2          0          0          0          0         68   use_no_semi_2.o
       804         16          0          0          0        272   daddsub_clz.o
        90          4          0          0          0         92   dfixu.o
        38          0          0          0          0         68   dflt_clz.o
       156          4          0          0          0         92   dnaninf.o
        12          0          0          0          0         68   dretinf.o
        86          4          0          0          0         84   f2d.o
       450          8          0          0          0        236   faddsub_clz.o
        12          4          0          0          0         68   fcheck1.o
        24          0          0          0          0         68   fcmpi.o
       388         76          0          0          0         96   fdiv.o
        54          4          0          0          0         84   ffix.o
        48          0          0          0          0         68   fflt_clz.o
       104          4          0          0          0         84   fleqf.o
       258          4          0          0          0         84   fmul.o
       140          4          0          0          0         84   fnaninf.o
        10          0          0          0          0         68   fretinf.o
        98          0          0          0          0         68   frleqf.o
         4          0          0          0          0         68   printf1.o
       100          0          0          0          0         68   retnan.o
        76          0          0          0          0         68   scalbnf.o
        48          0          0          0          0         68   trapv.o
         0          0          0          0          0          0   usenofp.o
        40          0          0          0          0         68   fpclassify.o

    ----------------------------------------------------------------------
      7936        336        176          0        100       4920   Library Totals
        16          0          0          0          4          0   (incl. Padding)

    ----------------------------------------------------------------------

      Code (inc. data)   RO Data    RW Data    ZI Data      Debug   Library Name

      4880        204        176          0         96       2896   c_w.l
      3000        132          0          0          0       1956   fz_ws.l
        40          0          0          0          0         68   m_ws.l

    ----------------------------------------------------------------------
      7936        336        176          0        100       4920   Library Totals

    ----------------------------------------------------------------------

==============================================================================


      Code (inc. data)   RO Data    RW Data    ZI Data      Debug   

     26682       3364        626        256       2504     860372   Grand Totals
     26682       3364        626        256       2504     860372   ELF Image Totals
     26682       3364        626        256          0          0   ROM Totals

==============================================================================

    Total RO  Size (Code + RO Data)                27308 (  26.67kB)
    Total RW  Size (RW Data + ZI Data)              2760 (   2.70kB)
    Total ROM Size (Code + RO Data + RW Data)      27564 (  26.92kB)

==============================================================================

